Archive member included to satisfy reference by file (symbol)

/home/guirespi/st/stm32cubeide_1.15.1/plugins/com.st.stm32cube.ide.mcu.externaltools.gnu-tools-for-stm32.12.3.rel1.linux64_1.0.100.202403111256/tools/bin/../lib/gcc/arm-none-eabi/12.3.1/../../../../arm-none-eabi/lib/thumb/v7e-m+fp/hard/libc_nano.a(libc_a-exit.o)
                              /home/guirespi/st/stm32cubeide_1.15.1/plugins/com.st.stm32cube.ide.mcu.externaltools.gnu-tools-for-stm32.12.3.rel1.linux64_1.0.100.202403111256/tools/bin/../lib/gcc/arm-none-eabi/12.3.1/../../../../arm-none-eabi/lib/thumb/v7e-m+fp/hard/crt0.o (exit)
/home/guirespi/st/stm32cubeide_1.15.1/plugins/com.st.stm32cube.ide.mcu.externaltools.gnu-tools-for-stm32.12.3.rel1.linux64_1.0.100.202403111256/tools/bin/../lib/gcc/arm-none-eabi/12.3.1/../../../../arm-none-eabi/lib/thumb/v7e-m+fp/hard/libc_nano.a(libc_a-malloc.o)
                              ./Drivers/API/API_log/src/API_log.o (free)
/home/guirespi/st/stm32cubeide_1.15.1/plugins/com.st.stm32cube.ide.mcu.externaltools.gnu-tools-for-stm32.12.3.rel1.linux64_1.0.100.202403111256/tools/bin/../lib/gcc/arm-none-eabi/12.3.1/../../../../arm-none-eabi/lib/thumb/v7e-m+fp/hard/libc_nano.a(libc_a-mallocr.o)
                              /home/guirespi/st/stm32cubeide_1.15.1/plugins/com.st.stm32cube.ide.mcu.externaltools.gnu-tools-for-stm32.12.3.rel1.linux64_1.0.100.202403111256/tools/bin/../lib/gcc/arm-none-eabi/12.3.1/../../../../arm-none-eabi/lib/thumb/v7e-m+fp/hard/libc_nano.a(libc_a-malloc.o) (_malloc_r)
/home/guirespi/st/stm32cubeide_1.15.1/plugins/com.st.stm32cube.ide.mcu.externaltools.gnu-tools-for-stm32.12.3.rel1.linux64_1.0.100.202403111256/tools/bin/../lib/gcc/arm-none-eabi/12.3.1/../../../../arm-none-eabi/lib/thumb/v7e-m+fp/hard/libc_nano.a(libc_a-mlock.o)
                              /home/guirespi/st/stm32cubeide_1.15.1/plugins/com.st.stm32cube.ide.mcu.externaltools.gnu-tools-for-stm32.12.3.rel1.linux64_1.0.100.202403111256/tools/bin/../lib/gcc/arm-none-eabi/12.3.1/../../../../arm-none-eabi/lib/thumb/v7e-m+fp/hard/libc_nano.a(libc_a-mallocr.o) (__malloc_lock)
/home/guirespi/st/stm32cubeide_1.15.1/plugins/com.st.stm32cube.ide.mcu.externaltools.gnu-tools-for-stm32.12.3.rel1.linux64_1.0.100.202403111256/tools/bin/../lib/gcc/arm-none-eabi/12.3.1/../../../../arm-none-eabi/lib/thumb/v7e-m+fp/hard/libc_nano.a(libc_a-ctype_.o)
                              ./Drivers/API/API_log/src/API_log.o (_ctype_)
/home/guirespi/st/stm32cubeide_1.15.1/plugins/com.st.stm32cube.ide.mcu.externaltools.gnu-tools-for-stm32.12.3.rel1.linux64_1.0.100.202403111256/tools/bin/../lib/gcc/arm-none-eabi/12.3.1/../../../../arm-none-eabi/lib/thumb/v7e-m+fp/hard/libc_nano.a(libc_a-findfp.o)
                              /home/guirespi/st/stm32cubeide_1.15.1/plugins/com.st.stm32cube.ide.mcu.externaltools.gnu-tools-for-stm32.12.3.rel1.linux64_1.0.100.202403111256/tools/bin/../lib/gcc/arm-none-eabi/12.3.1/../../../../arm-none-eabi/lib/thumb/v7e-m+fp/hard/libc_nano.a(libc_a-exit.o) (__stdio_exit_handler)
/home/guirespi/st/stm32cubeide_1.15.1/plugins/com.st.stm32cube.ide.mcu.externaltools.gnu-tools-for-stm32.12.3.rel1.linux64_1.0.100.202403111256/tools/bin/../lib/gcc/arm-none-eabi/12.3.1/../../../../arm-none-eabi/lib/thumb/v7e-m+fp/hard/libc_nano.a(libc_a-fwalk.o)
                              /home/guirespi/st/stm32cubeide_1.15.1/plugins/com.st.stm32cube.ide.mcu.externaltools.gnu-tools-for-stm32.12.3.rel1.linux64_1.0.100.202403111256/tools/bin/../lib/gcc/arm-none-eabi/12.3.1/../../../../arm-none-eabi/lib/thumb/v7e-m+fp/hard/libc_nano.a(libc_a-findfp.o) (_fwalk_sglue)
/home/guirespi/st/stm32cubeide_1.15.1/plugins/com.st.stm32cube.ide.mcu.externaltools.gnu-tools-for-stm32.12.3.rel1.linux64_1.0.100.202403111256/tools/bin/../lib/gcc/arm-none-eabi/12.3.1/../../../../arm-none-eabi/lib/thumb/v7e-m+fp/hard/libc_nano.a(libc_a-sprintf.o)
                              ./Drivers/API/API_log/src/API_log.o (sprintf)
/home/guirespi/st/stm32cubeide_1.15.1/plugins/com.st.stm32cube.ide.mcu.externaltools.gnu-tools-for-stm32.12.3.rel1.linux64_1.0.100.202403111256/tools/bin/../lib/gcc/arm-none-eabi/12.3.1/../../../../arm-none-eabi/lib/thumb/v7e-m+fp/hard/libc_nano.a(libc_a-stdio.o)
                              /home/guirespi/st/stm32cubeide_1.15.1/plugins/com.st.stm32cube.ide.mcu.externaltools.gnu-tools-for-stm32.12.3.rel1.linux64_1.0.100.202403111256/tools/bin/../lib/gcc/arm-none-eabi/12.3.1/../../../../arm-none-eabi/lib/thumb/v7e-m+fp/hard/libc_nano.a(libc_a-findfp.o) (__sread)
/home/guirespi/st/stm32cubeide_1.15.1/plugins/com.st.stm32cube.ide.mcu.externaltools.gnu-tools-for-stm32.12.3.rel1.linux64_1.0.100.202403111256/tools/bin/../lib/gcc/arm-none-eabi/12.3.1/../../../../arm-none-eabi/lib/thumb/v7e-m+fp/hard/libc_nano.a(libc_a-vasprintf.o)
                              ./Drivers/API/API_log/src/API_log.o (vasiprintf)
[...]
Memory Configuration

Name             Origin             Length             Attributes
CCMRAM           0x10000000         0x00010000         xrw
RAM              0x20000000         0x00030000         xrw
FLASH            0x08000000         0x00080000         xr
APP              0x08080000         0x00080000         xrw
prog_00          0x08100000         0x00080000         xr
prog_01          0x08180000         0x00080000         xr
*default*        0x00000000         0xffffffff

Linker script and memory map

LOAD /home/guirespi/st/stm32cubeide_1.15.1/plugins/com.st.stm32cube.ide.mcu.externaltools.gnu-tools-for-stm32.12.3.rel1.linux64_1.0.100.202403111256/tools/bin/../lib/gcc/arm-none-eabi/12.3.1/thumb/v7e-m+fp/hard/crti.o
LOAD /home/guirespi/st/stm32cubeide_1.15.1/plugins/com.st.stm32cube.ide.mcu.externaltools.gnu-tools-for-stm32.12.3.rel1.linux64_1.0.100.202403111256/tools/bin/../lib/gcc/arm-none-eabi/12.3.1/thumb/v7e-m+fp/hard/crtbegin.o
LOAD /home/guirespi/st/stm32cubeide_1.15.1/plugins/com.st.stm32cube.ide.mcu.externaltools.gnu-tools-for-stm32.12.3.rel1.linux64_1.0.100.202403111256/tools/bin/../lib/gcc/arm-none-eabi/12.3.1/../../../../arm-none-eabi/lib/thumb/v7e-m+fp/hard/crt0.o
LOAD ./Core/Src/main.o
LOAD ./Core/Src/stm32f4xx_hal_msp.o
LOAD ./Core/Src/stm32f4xx_it.o
LOAD ./Core/Src/syscalls.o
LOAD ./Core/Src/sysmem.o
LOAD ./Core/Src/system_stm32f4xx.o
LOAD ./Core/Startup/startup_stm32f429zitx.o
LOAD ./Drivers/API/API_console/arch/arm/console_arch_common.o
LOAD ./Drivers/API/API_console/src/API_console.o
LOAD ./Drivers/API/API_log/arch/arm/log_arch_common.o
LOAD ./Drivers/API/API_log/src/API_log.o
LOAD ./Drivers/API/API_spi_flash/arch/arm/arch_stm32f4xx.o
LOAD ./Drivers/API/API_spi_flash/src/API_spi_flash.o
LOAD ./Drivers/API/api_debounce/Src/api_debounce.o
LOAD ./Drivers/API/api_delay/src/api_delay.o
LOAD ./Drivers/BSP/STM32F4xx_Nucleo_144/stm32f4xx_nucleo_144.o
LOAD ./Drivers/STM32F4xx_HAL_Driver/Src/stm32f4xx_hal.o
LOAD ./Drivers/STM32F4xx_HAL_Driver/Src/stm32f4xx_hal_cortex.o
LOAD ./Drivers/STM32F4xx_HAL_Driver/Src/stm32f4xx_hal_dma.o
LOAD ./Drivers/STM32F4xx_HAL_Driver/Src/stm32f4xx_hal_dma_ex.o
LOAD ./Drivers/STM32F4xx_HAL_Driver/Src/stm32f4xx_hal_exti.o
LOAD ./Drivers/STM32F4xx_HAL_Driver/Src/stm32f4xx_hal_flash.o
LOAD ./Drivers/STM32F4xx_HAL_Driver/Src/stm32f4xx_hal_flash_ex.o
LOAD ./Drivers/STM32F4xx_HAL_Driver/Src/stm32f4xx_hal_flash_ramfunc.o
LOAD ./Drivers/STM32F4xx_HAL_Driver/Src/stm32f4xx_hal_gpio.o
LOAD ./Drivers/STM32F4xx_HAL_Driver/Src/stm32f4xx_hal_pwr.o
LOAD ./Drivers/STM32F4xx_HAL_Driver/Src/stm32f4xx_hal_pwr_ex.o
LOAD ./Drivers/STM32F4xx_HAL_Driver/Src/stm32f4xx_hal_rcc.o
LOAD ./Drivers/STM32F4xx_HAL_Driver/Src/stm32f4xx_hal_rcc_ex.o
LOAD ./Drivers/STM32F4xx_HAL_Driver/Src/stm32f4xx_hal_spi.o
LOAD ./Drivers/STM32F4xx_HAL_Driver/Src/stm32f4xx_hal_tim.o
LOAD ./Drivers/STM32F4xx_HAL_Driver/Src/stm32f4xx_hal_tim_ex.o
LOAD ./Drivers/STM32F4xx_HAL_Driver/Src/stm32f4xx_hal_uart.o
START GROUP
LOAD /home/guirespi/st/stm32cubeide_1.15.1/plugins/com.st.stm32cube.ide.mcu.externaltools.gnu-tools-for-stm32.12.3.rel1.linux64_1.0.100.202403111256/tools/bin/../lib/gcc/arm-none-eabi/12.3.1/../../../../arm-none-eabi/lib/thumb/v7e-m+fp/hard/libc_nano.a
LOAD /home/guirespi/st/stm32cubeide_1.15.1/plugins/com.st.stm32cube.ide.mcu.externaltools.gnu-tools-for-stm32.12.3.rel1.linux64_1.0.100.202403111256/tools/bin/../lib/gcc/arm-none-eabi/12.3.1/../../../../arm-none-eabi/lib/thumb/v7e-m+fp/hard/libm.a
END GROUP
START GROUP
LOAD /home/guirespi/st/stm32cubeide_1.15.1/plugins/com.st.stm32cube.ide.mcu.externaltools.gnu-tools-for-stm32.12.3.rel1.linux64_1.0.100.202403111256/tools/bin/../lib/gcc/arm-none-eabi/12.3.1/thumb/v7e-m+fp/hard/libgcc.a
LOAD /home/guirespi/st/stm32cubeide_1.15.1/plugins/com.st.stm32cube.ide.mcu.externaltools.gnu-tools-for-stm32.12.3.rel1.linux64_1.0.100.202403111256/tools/bin/../lib/gcc/arm-none-eabi/12.3.1/../../../../arm-none-eabi/lib/thumb/v7e-m+fp/hard/libc_nano.a
END GROUP
START GROUP
LOAD /home/guirespi/st/stm32cubeide_1.15.1/plugins/com.st.stm32cube.ide.mcu.externaltools.gnu-tools-for-stm32.12.3.rel1.linux64_1.0.100.202403111256/tools/bin/../lib/gcc/arm-none-eabi/12.3.1/thumb/v7e-m+fp/hard/libgcc.a
LOAD /home/guirespi/st/stm32cubeide_1.15.1/plugins/com.st.stm32cube.ide.mcu.externaltools.gnu-tools-for-stm32.12.3.rel1.linux64_1.0.100.202403111256/tools/bin/../lib/gcc/arm-none-eabi/12.3.1/../../../../arm-none-eabi/lib/thumb/v7e-m+fp/hard/libc_nano.a
LOAD /home/guirespi/st/stm32cubeide_1.15.1/plugins/com.st.stm32cube.ide.mcu.externaltools.gnu-tools-for-stm32.12.3.rel1.linux64_1.0.100.202403111256/tools/bin/../lib/gcc/arm-none-eabi/12.3.1/../../../../arm-none-eabi/lib/thumb/v7e-m+fp/hard/libnosys.a
END GROUP
START GROUP
LOAD /home/guirespi/st/stm32cubeide_1.15.1/plugins/com.st.stm32cube.ide.mcu.externaltools.gnu-tools-for-stm32.12.3.rel1.linux64_1.0.100.202403111256/tools/bin/../lib/gcc/arm-none-eabi/12.3.1/thumb/v7e-m+fp/hard/libgcc.a
LOAD /home/guirespi/st/stm32cubeide_1.15.1/plugins/com.st.stm32cube.ide.mcu.externaltools.gnu-tools-for-stm32.12.3.rel1.linux64_1.0.100.202403111256/tools/bin/../lib/gcc/arm-none-eabi/12.3.1/../../../../arm-none-eabi/lib/thumb/v7e-m+fp/hard/libc_nano.a
LOAD /home/guirespi/st/stm32cubeide_1.15.1/plugins/com.st.stm32cube.ide.mcu.externaltools.gnu-tools-for-stm32.12.3.rel1.linux64_1.0.100.202403111256/tools/bin/../lib/gcc/arm-none-eabi/12.3.1/../../../../arm-none-eabi/lib/thumb/v7e-m+fp/hard/libnosys.a
END GROUP
LOAD /home/guirespi/st/stm32cubeide_1.15.1/plugins/com.st.stm32cube.ide.mcu.externaltools.gnu-tools-for-stm32.12.3.rel1.linux64_1.0.100.202403111256/tools/bin/../lib/gcc/arm-none-eabi/12.3.1/thumb/v7e-m+fp/hard/crtend.o
LOAD /home/guirespi/st/stm32cubeide_1.15.1/plugins/com.st.stm32cube.ide.mcu.externaltools.gnu-tools-for-stm32.12.3.rel1.linux64_1.0.100.202403111256/tools/bin/../lib/gcc/arm-none-eabi/12.3.1/thumb/v7e-m+fp/hard/crtn.o
                0x20030000                        _estack = (ORIGIN (RAM) + LENGTH (RAM))
                0x00000200                        _Min_Heap_Size = 0x200
                0x00000400                        _Min_Stack_Size = 0x400
TARGET(binary)
LOAD ../prog_00.bin
LOAD ../prog_01.bin

.isr_vector     0x08000000      0x1ac
                0x08000000                        . = ALIGN (0x4)
 *(.isr_vector)
 .isr_vector    0x08000000      0x1ac ./Core/Startup/startup_stm32f429zitx.o
                0x08000000                g_pfnVectors
                0x080001ac                        . = ALIGN (0x4)

.text           0x080001b0     0x4980
                0x080001b0                        . = ALIGN (0x4)
 *(.text)
 .text          0x080001b0       0x40 /home/guirespi/st/stm32cubeide_1.15.1/plugins/com.st.stm32cube.ide.mcu.externaltools.gnu-tools-for-stm32.12.3.rel1.linux64_1.0.100.202403111256/tools/bin/../lib/gcc/arm-none-eabi/12.3.1/thumb/v7e-m+fp/hard/crtbegin.o
 .text          0x080001f0       0x10 /home/guirespi/st/stm32cubeide_1.15.1/plugins/com.st.stm32cube.ide.mcu.externaltools.gnu-tools-for-stm32.12.3.rel1.linux64_1.0.100.202403111256/tools/bin/../lib/gcc/arm-none-eabi/12.3.1/../../../../arm-none-eabi/lib/thumb/v7e-m+fp/hard/libc_nano.a(libc_a-strlen.o)
                0x080001f0                strlen
 .text          0x08000200       0xa0 /home/guirespi/st/stm32cubeide_1.15.1/plugins/com.st.stm32cube.ide.mcu.externaltools.gnu-tools-for-stm32.12.3.rel1.linux64_1.0.100.202403111256/tools/bin/../lib/gcc/arm-none-eabi/12.3.1/../../../../arm-none-eabi/lib/thumb/v7e-m+fp/hard/libc_nano.a(libc_a-memchr.o)
                0x08000200                memchr
 .text          0x080002a0       0x30 /home/guirespi/st/stm32cubeide_1.15.1/plugins/com.st.stm32cube.ide.mcu.externaltools.gnu-tools-for-stm32.12.3.rel1.linux64_1.0.100.202403111256/tools/bin/../lib/gcc/arm-none-eabi/12.3.1/thumb/v7e-m+fp/hard/libgcc.a(_aeabi_uldivmod.o)
                0x080002a0                __aeabi_uldivmod
 .text          0x080002d0      0x2bc /home/guirespi/st/stm32cubeide_1.15.1/plugins/com.st.stm32cube.ide.mcu.externaltools.gnu-tools-for-stm32.12.3.rel1.linux64_1.0.100.202403111256/tools/bin/../lib/gcc/arm-none-eabi/12.3.1/thumb/v7e-m+fp/hard/libgcc.a(_udivmoddi4.o)
                0x080002d0                __udivmoddi4
 .text          0x0800058c        0x4 /home/guirespi/st/stm32cubeide_1.15.1/plugins/com.st.stm32cube.ide.mcu.externaltools.gnu-tools-for-stm32.12.3.rel1.linux64_1.0.100.202403111256/tools/bin/../lib/gcc/arm-none-eabi/12.3.1/thumb/v7e-m+fp/hard/libgcc.a(_dvmd_tls.o)
                0x0800058c                __aeabi_ldiv0
                0x0800058c                __aeabi_idiv0
 *(.text*)
 .text.log_by_usart3
                0x08000590       0x28 ./Core/Src/main.o
 .text.bootloader_boot
                0x080005b8       0x90 ./Core/Src/main.o
                0x080005b8                bootloader_boot
 .text.main     0x08000648      0x2d0 ./Core/Src/main.o
                0x08000648                main
 .text.SystemClock_Config
                0x08000918       0xd4 ./Core/Src/main.o
                0x08000918                SystemClock_Config
 .text.MX_SPI1_Init
                0x080009ec       0x6c ./Core/Src/main.o
 .text.MX_USART2_UART_Init
                0x08000a58       0x54 ./Core/Src/main.o
 .text.MX_USART3_UART_Init
                0x08000aac       0x54 ./Core/Src/main.o
 .text.MX_GPIO_Init
                0x08000b00      0x220 ./Core/Src/main.o
 .text.Error_Handler
                0x08000d20        0xc ./Core/Src/main.o
                0x08000d20                Error_Handler
 .text.HAL_MspInit
                0x08000d2c       0x50 ./Core/Src/stm32f4xx_hal_msp.o
                0x08000d2c                HAL_MspInit
 .text.HAL_SPI_MspInit
                0x08000d7c       0xe0 ./Core/Src/stm32f4xx_hal_msp.o
                0x08000d7c                HAL_SPI_MspInit
 .text.HAL_UART_MspInit
                0x08000e5c      0x158 ./Core/Src/stm32f4xx_hal_msp.o
                0x08000e5c                HAL_UART_MspInit
 .text.NMI_Handler
                0x08000fb4        0x8 ./Core/Src/stm32f4xx_it.o
                0x08000fb4                NMI_Handler
 .text.HardFault_Handler
                0x08000fbc        0x8 ./Core/Src/stm32f4xx_it.o
                0x08000fbc                HardFault_Handler
 .text.MemManage_Handler
                0x08000fc4        0x8 ./Core/Src/stm32f4xx_it.o
                0x08000fc4                MemManage_Handler
 .text.BusFault_Handler
                0x08000fcc        0x8 ./Core/Src/stm32f4xx_it.o
                0x08000fcc                BusFault_Handler
 .text.UsageFault_Handler
                0x08000fd4        0x8 ./Core/Src/stm32f4xx_it.o
                0x08000fd4                UsageFault_Handler
 .text.SVC_Handler
                0x08000fdc        0xe ./Core/Src/stm32f4xx_it.o
                0x08000fdc                SVC_Handler
 .text.DebugMon_Handler
                0x08000fea        0xe ./Core/Src/stm32f4xx_it.o
                0x08000fea                DebugMon_Handler
 .text.PendSV_Handler
                0x08000ff8        0xe ./Core/Src/stm32f4xx_it.o
                0x08000ff8                PendSV_Handler
 .text.SysTick_Handler
                0x08001006        0xc ./Core/Src/stm32f4xx_it.o
                0x08001006                SysTick_Handler
 *fill*         0x08001012        0x2 
 .text.SPI1_IRQHandler
                0x08001014       0x14 ./Core/Src/stm32f4xx_it.o
                0x08001014                SPI1_IRQHandler
 .text.USART2_IRQHandler
                0x08001028       0x14 ./Core/Src/stm32f4xx_it.o
                0x08001028                USART2_IRQHandler
 .text.USART3_IRQHandler
                0x0800103c       0x14 ./Core/Src/stm32f4xx_it.o
                0x0800103c                USART3_IRQHandler
 .text._sbrk    0x08001050       0x6c ./Core/Src/sysmem.o
                0x08001050                _sbrk
 .text.SystemInit
                0x080010bc       0x2c ./Core/Src/system_stm32f4xx.o
                0x080010bc                SystemInit
 .text.Reset_Handler
                0x080010e8       0x50 ./Core/Startup/startup_stm32f429zitx.o
                0x080010e8                Reset_Handler
 .text.Default_Handler
                0x08001138        0x2 ./Core/Startup/startup_stm32f429zitx.o
                0x08001138                RTC_Alarm_IRQHandler
                0x08001138                HASH_RNG_IRQHandler
                0x08001138                EXTI2_IRQHandler
                0x08001138                TIM8_CC_IRQHandler
                0x08001138                UART8_IRQHandler
                0x08001138                SPI4_IRQHandler
                0x08001138                TIM1_CC_IRQHandler
                0x08001138                DMA2_Stream5_IRQHandler
                0x08001138                DMA1_Stream5_IRQHandler
                0x08001138                PVD_IRQHandler
                0x08001138                SDIO_IRQHandler
                0x08001138                TAMP_STAMP_IRQHandler
                0x08001138                CAN2_RX1_IRQHandler
                0x08001138                EXTI3_IRQHandler
                0x08001138                TIM8_TRG_COM_TIM14_IRQHandler
                0x08001138                TIM1_UP_TIM10_IRQHandler
                0x08001138                TIM8_UP_TIM13_IRQHandler
                0x08001138                I2C3_ER_IRQHandler
                0x08001138                EXTI0_IRQHandler
                0x08001138                I2C2_EV_IRQHandler
                0x08001138                DMA1_Stream2_IRQHandler
                0x08001138                CAN1_RX0_IRQHandler
                0x08001138                FPU_IRQHandler
                0x08001138                OTG_HS_WKUP_IRQHandler
                0x08001138                LTDC_ER_IRQHandler
                0x08001138                CAN2_SCE_IRQHandler
                0x08001138                DMA2_Stream2_IRQHandler
                0x08001138                TIM6_DAC_IRQHandler
                0x08001138                TIM1_BRK_TIM9_IRQHandler
                0x08001138                DCMI_IRQHandler
                0x08001138                CAN2_RX0_IRQHandler
                0x08001138                DMA2_Stream3_IRQHandler
                0x08001138                USART6_IRQHandler
                0x08001138                CAN1_RX1_IRQHandler
                0x08001138                UART5_IRQHandler
                0x08001138                DMA2_Stream0_IRQHandler
                0x08001138                TIM4_IRQHandler
                0x08001138                I2C1_EV_IRQHandler
                0x08001138                DMA1_Stream6_IRQHandler
                0x08001138                DMA1_Stream1_IRQHandler
                0x08001138                UART4_IRQHandler
                0x08001138                TIM3_IRQHandler
                0x08001138                RCC_IRQHandler
                0x08001138                TIM8_BRK_TIM12_IRQHandler
                0x08001138                Default_Handler
                0x08001138                EXTI15_10_IRQHandler
                0x08001138                ADC_IRQHandler
                0x08001138                DMA1_Stream7_IRQHandler
                0x08001138                SPI5_IRQHandler
                0x08001138                TIM7_IRQHandler
                0x08001138                CAN2_TX_IRQHandler
                0x08001138                TIM5_IRQHandler
                0x08001138                DMA2_Stream7_IRQHandler
                0x08001138                I2C3_EV_IRQHandler
                0x08001138                EXTI9_5_IRQHandler
                0x08001138                RTC_WKUP_IRQHandler
                0x08001138                LTDC_IRQHandler
                0x08001138                ETH_WKUP_IRQHandler
                0x08001138                SPI2_IRQHandler
                0x08001138                OTG_HS_EP1_IN_IRQHandler
                0x08001138                DMA1_Stream0_IRQHandler
                0x08001138                CAN1_TX_IRQHandler
                0x08001138                EXTI4_IRQHandler
                0x08001138                ETH_IRQHandler
                0x08001138                OTG_HS_EP1_OUT_IRQHandler
                0x08001138                WWDG_IRQHandler
                0x08001138                SPI6_IRQHandler
                0x08001138                TIM2_IRQHandler
                0x08001138                OTG_FS_WKUP_IRQHandler
                0x08001138                TIM1_TRG_COM_TIM11_IRQHandler
                0x08001138                OTG_HS_IRQHandler
                0x08001138                DMA2D_IRQHandler
                0x08001138                EXTI1_IRQHandler
                0x08001138                UART7_IRQHandler
                0x08001138                I2C2_ER_IRQHandler
                0x08001138                DMA2_Stream1_IRQHandler
                0x08001138                CAN1_SCE_IRQHandler
                0x08001138                FLASH_IRQHandler
                0x08001138                DMA2_Stream4_IRQHandler
                0x08001138                USART1_IRQHandler
                0x08001138                OTG_FS_IRQHandler
                0x08001138                SPI3_IRQHandler
                0x08001138                DMA1_Stream4_IRQHandler
                0x08001138                I2C1_ER_IRQHandler
                0x08001138                FMC_IRQHandler
                0x08001138                DMA2_Stream6_IRQHandler
                0x08001138                SAI1_IRQHandler
                0x08001138                DMA1_Stream3_IRQHandler
 .text.console_copy_console_buffer_to_user_buffer
                0x0800113a       0x2e ./Drivers/API/API_console/arch/arm/console_arch_common.o
 .text.console_timeout_start
                0x08001168       0x2c ./Drivers/API/API_console/arch/arm/console_arch_common.o
 .text.console_timeout_read
                0x08001194       0x48 ./Drivers/API/API_console/arch/arm/console_arch_common.o
 .text.HAL_UART_RxCpltCallback
                0x080011dc       0x84 ./Drivers/API/API_console/arch/arm/console_arch_common.o
                0x080011dc                HAL_UART_RxCpltCallback
 .text.console_arch_common_comm_channel_init
                0x08001260       0x88 ./Drivers/API/API_console/arch/arm/console_arch_common.o
                0x08001260                console_arch_common_comm_channel_init
 .text.console_arch_common_comm_channel_send
                0x080012e8       0x4c ./Drivers/API/API_console/arch/arm/console_arch_common.o
                0x080012e8                console_arch_common_comm_channel_send
 .text.console_arch_common_comm_channel_receive
                0x08001334      0x100 ./Drivers/API/API_console/arch/arm/console_arch_common.o
                0x08001334                console_arch_common_comm_channel_receive
 .text.console_init
                0x08001434       0x20 ./Drivers/API/API_console/src/API_console.o
                0x08001434                console_init
 .text.console_send_data
                0x08001454       0x20 ./Drivers/API/API_console/src/API_console.o
                0x08001454                console_send_data
 .text.console_recv_data
                0x08001474       0x1c ./Drivers/API/API_console/src/API_console.o
                0x08001474                console_recv_data
 .text.log_arch_common_timestamp
                0x08001490        0xe ./Drivers/API/API_log/arch/arm/log_arch_common.o
                0x08001490                log_arch_common_timestamp
 *fill*         0x0800149e        0x2 
 .text.log_write_s
                0x080014a0       0x58 ./Drivers/API/API_log/src/API_log.o
 .text.log_set_transmit_function
                0x080014f8       0x20 ./Drivers/API/API_log/src/API_log.o
                0x080014f8                log_set_transmit_function
 .text.log_buffer_hexdump
                0x08001518      0x1ec ./Drivers/API/API_log/src/API_log.o
                0x08001518                log_buffer_hexdump
 .text.log_write
                0x08001704       0x2a ./Drivers/API/API_log/src/API_log.o
                0x08001704                log_write
 .text.log_timestamp
                0x0800172e        0xe ./Drivers/API/API_log/src/API_log.o
                0x0800172e                log_timestamp
 .text.HAL_Init
                0x0800173c       0x44 ./Drivers/STM32F4xx_HAL_Driver/Src/stm32f4xx_hal.o
                0x0800173c                HAL_Init
 .text.HAL_InitTick
                0x08001780       0x60 ./Drivers/STM32F4xx_HAL_Driver/Src/stm32f4xx_hal.o
                0x08001780                HAL_InitTick
 .text.HAL_IncTick
                0x080017e0       0x28 ./Drivers/STM32F4xx_HAL_Driver/Src/stm32f4xx_hal.o
                0x080017e0                HAL_IncTick
 .text.HAL_GetTick
                0x08001808       0x18 ./Drivers/STM32F4xx_HAL_Driver/Src/stm32f4xx_hal.o
                0x08001808                HAL_GetTick
 .text.HAL_Delay
                0x08001820       0x48 ./Drivers/STM32F4xx_HAL_Driver/Src/stm32f4xx_hal.o
                0x08001820                HAL_Delay
 .text.__NVIC_SetPriorityGrouping
                0x08001868       0x48 ./Drivers/STM32F4xx_HAL_Driver/Src/stm32f4xx_hal_cortex.o
 .text.__NVIC_GetPriorityGrouping
                0x080018b0       0x1c ./Drivers/STM32F4xx_HAL_Driver/Src/stm32f4xx_hal_cortex.o
 .text.__NVIC_EnableIRQ
                0x080018cc       0x3c ./Drivers/STM32F4xx_HAL_Driver/Src/stm32f4xx_hal_cortex.o
 .text.__NVIC_SetPriority
                0x08001908       0x54 ./Drivers/STM32F4xx_HAL_Driver/Src/stm32f4xx_hal_cortex.o
 .text.NVIC_EncodePriority
                0x0800195c       0x66 ./Drivers/STM32F4xx_HAL_Driver/Src/stm32f4xx_hal_cortex.o
 *fill*         0x080019c2        0x2 
 .text.SysTick_Config
                0x080019c4       0x44 ./Drivers/STM32F4xx_HAL_Driver/Src/stm32f4xx_hal_cortex.o
 .text.HAL_NVIC_SetPriorityGrouping
                0x08001a08       0x16 ./Drivers/STM32F4xx_HAL_Driver/Src/stm32f4xx_hal_cortex.o
                0x08001a08                HAL_NVIC_SetPriorityGrouping
 .text.HAL_NVIC_SetPriority
                0x08001a1e       0x38 ./Drivers/STM32F4xx_HAL_Driver/Src/stm32f4xx_hal_cortex.o
                0x08001a1e                HAL_NVIC_SetPriority
 .text.HAL_NVIC_EnableIRQ
                0x08001a56       0x1c ./Drivers/STM32F4xx_HAL_Driver/Src/stm32f4xx_hal_cortex.o
                0x08001a56                HAL_NVIC_EnableIRQ
 .text.HAL_SYSTICK_Config
                0x08001a72       0x18 ./Drivers/STM32F4xx_HAL_Driver/Src/stm32f4xx_hal_cortex.o
                0x08001a72                HAL_SYSTICK_Config
 .text.HAL_DMA_Abort
                0x08001a8a       0xe0 ./Drivers/STM32F4xx_HAL_Driver/Src/stm32f4xx_hal_dma.o
                0x08001a8a                HAL_DMA_Abort
 .text.HAL_DMA_Abort_IT
                0x08001b6a       0x44 ./Drivers/STM32F4xx_HAL_Driver/Src/stm32f4xx_hal_dma.o
                0x08001b6a                HAL_DMA_Abort_IT
 *fill*         0x08001bae        0x2 
 .text.HAL_FLASH_Program
                0x08001bb0       0xa8 ./Drivers/STM32F4xx_HAL_Driver/Src/stm32f4xx_hal_flash.o
                0x08001bb0                HAL_FLASH_Program
 .text.HAL_FLASH_Unlock
                0x08001c58       0x44 ./Drivers/STM32F4xx_HAL_Driver/Src/stm32f4xx_hal_flash.o
                0x08001c58                HAL_FLASH_Unlock
 .text.HAL_FLASH_Lock
                0x08001c9c       0x20 ./Drivers/STM32F4xx_HAL_Driver/Src/stm32f4xx_hal_flash.o
                0x08001c9c                HAL_FLASH_Lock
 .text.FLASH_WaitForLastOperation
                0x08001cbc       0x80 ./Drivers/STM32F4xx_HAL_Driver/Src/stm32f4xx_hal_flash.o
                0x08001cbc                FLASH_WaitForLastOperation
 .text.FLASH_Program_DoubleWord
                0x08001d3c       0x64 ./Drivers/STM32F4xx_HAL_Driver/Src/stm32f4xx_hal_flash.o
 .text.FLASH_Program_Word
                0x08001da0       0x44 ./Drivers/STM32F4xx_HAL_Driver/Src/stm32f4xx_hal_flash.o
 .text.FLASH_Program_HalfWord
                0x08001de4       0x48 ./Drivers/STM32F4xx_HAL_Driver/Src/stm32f4xx_hal_flash.o
 .text.FLASH_Program_Byte
                0x08001e2c       0x44 ./Drivers/STM32F4xx_HAL_Driver/Src/stm32f4xx_hal_flash.o
 .text.FLASH_SetErrorCode
                0x08001e70       0xcc ./Drivers/STM32F4xx_HAL_Driver/Src/stm32f4xx_hal_flash.o
 .text.HAL_GPIO_Init
                0x08001f3c      0x358 ./Drivers/STM32F4xx_HAL_Driver/Src/stm32f4xx_hal_gpio.o
                0x08001f3c                HAL_GPIO_Init
 .text.HAL_GPIO_WritePin
                0x08002294       0x32 ./Drivers/STM32F4xx_HAL_Driver/Src/stm32f4xx_hal_gpio.o
                0x08002294                HAL_GPIO_WritePin
 *fill*         0x080022c6        0x2 
 .text.HAL_RCC_OscConfig
                0x080022c8      0x4f0 ./Drivers/STM32F4xx_HAL_Driver/Src/stm32f4xx_hal_rcc.o
                0x080022c8                HAL_RCC_OscConfig
 .text.HAL_RCC_ClockConfig
                0x080027b8      0x1cc ./Drivers/STM32F4xx_HAL_Driver/Src/stm32f4xx_hal_rcc.o
                0x080027b8                HAL_RCC_ClockConfig
 .text.HAL_RCC_GetSysClockFreq
                0x08002984      0x20c ./Drivers/STM32F4xx_HAL_Driver/Src/stm32f4xx_hal_rcc.o
                0x08002984                HAL_RCC_GetSysClockFreq
 .text.HAL_RCC_GetHCLKFreq
                0x08002b90       0x18 ./Drivers/STM32F4xx_HAL_Driver/Src/stm32f4xx_hal_rcc.o
                0x08002b90                HAL_RCC_GetHCLKFreq
 .text.HAL_RCC_GetPCLK1Freq
                0x08002ba8       0x28 ./Drivers/STM32F4xx_HAL_Driver/Src/stm32f4xx_hal_rcc.o
                0x08002ba8                HAL_RCC_GetPCLK1Freq
 .text.HAL_RCC_GetPCLK2Freq
                0x08002bd0       0x28 ./Drivers/STM32F4xx_HAL_Driver/Src/stm32f4xx_hal_rcc.o
                0x08002bd0                HAL_RCC_GetPCLK2Freq
 .text.HAL_SPI_Init
                0x08002bf8      0x112 ./Drivers/STM32F4xx_HAL_Driver/Src/stm32f4xx_hal_spi.o
                0x08002bf8                HAL_SPI_Init
 *fill*         0x08002d0a        0x2 
 .text.HAL_SPI_IRQHandler
                0x08002d0c      0x1e8 ./Drivers/STM32F4xx_HAL_Driver/Src/stm32f4xx_hal_spi.o
                0x08002d0c                HAL_SPI_IRQHandler
 .text.HAL_SPI_ErrorCallback
                0x08002ef4       0x14 ./Drivers/STM32F4xx_HAL_Driver/Src/stm32f4xx_hal_spi.o
                0x08002ef4                HAL_SPI_ErrorCallback
 .text.SPI_DMAAbortOnError
                0x08002f08       0x28 ./Drivers/STM32F4xx_HAL_Driver/Src/stm32f4xx_hal_spi.o
 .text.HAL_UART_Init
                0x08002f30       0xa0 ./Drivers/STM32F4xx_HAL_Driver/Src/stm32f4xx_hal_uart.o
                0x08002f30                HAL_UART_Init
 .text.HAL_UART_Transmit
                0x08002fd0      0x116 ./Drivers/STM32F4xx_HAL_Driver/Src/stm32f4xx_hal_uart.o
                0x08002fd0                HAL_UART_Transmit
 .text.HAL_UART_Receive_IT
                0x080030e6       0x4a ./Drivers/STM32F4xx_HAL_Driver/Src/stm32f4xx_hal_uart.o
                0x080030e6                HAL_UART_Receive_IT
 .text.HAL_UART_AbortReceive_IT
                0x08003130      0x164 ./Drivers/STM32F4xx_HAL_Driver/Src/stm32f4xx_hal_uart.o
                0x08003130                HAL_UART_AbortReceive_IT
 .text.HAL_UART_IRQHandler
                0x08003294      0x524 ./Drivers/STM32F4xx_HAL_Driver/Src/stm32f4xx_hal_uart.o
                0x08003294                HAL_UART_IRQHandler
 .text.HAL_UART_TxCpltCallback
                0x080037b8       0x14 ./Drivers/STM32F4xx_HAL_Driver/Src/stm32f4xx_hal_uart.o
                0x080037b8                HAL_UART_TxCpltCallback
 .text.HAL_UART_ErrorCallback
                0x080037cc       0x14 ./Drivers/STM32F4xx_HAL_Driver/Src/stm32f4xx_hal_uart.o
                0x080037cc                HAL_UART_ErrorCallback
 .text.HAL_UART_AbortReceiveCpltCallback
                0x080037e0       0x14 ./Drivers/STM32F4xx_HAL_Driver/Src/stm32f4xx_hal_uart.o
                0x080037e0                HAL_UART_AbortReceiveCpltCallback
 .text.HAL_UARTEx_RxEventCallback
                0x080037f4       0x18 ./Drivers/STM32F4xx_HAL_Driver/Src/stm32f4xx_hal_uart.o
                0x080037f4                HAL_UARTEx_RxEventCallback
 .text.UART_WaitOnFlagUntilTimeout
                0x0800380c       0xb2 ./Drivers/STM32F4xx_HAL_Driver/Src/stm32f4xx_hal_uart.o
 .text.UART_Start_Receive_IT
                0x080038be       0x74 ./Drivers/STM32F4xx_HAL_Driver/Src/stm32f4xx_hal_uart.o
                0x080038be                UART_Start_Receive_IT
 .text.UART_EndRxTransfer
                0x08003932       0xc6 ./Drivers/STM32F4xx_HAL_Driver/Src/stm32f4xx_hal_uart.o
 .text.UART_DMAAbortOnError
                0x080039f8       0x28 ./Drivers/STM32F4xx_HAL_Driver/Src/stm32f4xx_hal_uart.o
 .text.UART_DMARxOnlyAbortCallback
                0x08003a20       0x30 ./Drivers/STM32F4xx_HAL_Driver/Src/stm32f4xx_hal_uart.o
 .text.UART_Transmit_IT
                0x08003a50       0xa0 ./Drivers/STM32F4xx_HAL_Driver/Src/stm32f4xx_hal_uart.o
 .text.UART_EndTransmit_IT
                0x08003af0       0x30 ./Drivers/STM32F4xx_HAL_Driver/Src/stm32f4xx_hal_uart.o
 .text.UART_Receive_IT
                0x08003b20      0x17c ./Drivers/STM32F4xx_HAL_Driver/Src/stm32f4xx_hal_uart.o
 .text.UART_SetConfig
                0x08003c9c      0x4e8 ./Drivers/STM32F4xx_HAL_Driver/Src/stm32f4xx_hal_uart.o
 .text.free     0x08004184       0x10 /home/guirespi/st/stm32cubeide_1.15.1/plugins/com.st.stm32cube.ide.mcu.externaltools.gnu-tools-for-stm32.12.3.rel1.linux64_1.0.100.202403111256/tools/bin/../lib/gcc/arm-none-eabi/12.3.1/../../../../arm-none-eabi/lib/thumb/v7e-m+fp/hard/libc_nano.a(libc_a-malloc.o)
                0x08004184                free
 .text.sbrk_aligned
                0x08004194       0x44 /home/guirespi/st/stm32cubeide_1.15.1/plugins/com.st.stm32cube.ide.mcu.externaltools.gnu-tools-for-stm32.12.3.rel1.linux64_1.0.100.202403111256/tools/bin/../lib/gcc/arm-none-eabi/12.3.1/../../../../arm-none-eabi/lib/thumb/v7e-m+fp/hard/libc_nano.a(libc_a-mallocr.o)
 .text._malloc_r
                0x080041d8      0x100 /home/guirespi/st/stm32cubeide_1.15.1/plugins/com.st.stm32cube.ide.mcu.externaltools.gnu-tools-for-stm32.12.3.rel1.linux64_1.0.100.202403111256/tools/bin/../lib/gcc/arm-none-eabi/12.3.1/../../../../arm-none-eabi/lib/thumb/v7e-m+fp/hard/libc_nano.a(libc_a-mallocr.o)
                0x080041d8                _malloc_r
 .text.__malloc_lock
                0x080042d8        0xc /home/guirespi/st/stm32cubeide_1.15.1/plugins/com.st.stm32cube.ide.mcu.externaltools.gnu-tools-for-stm32.12.3.rel1.linux64_1.0.100.202403111256/tools/bin/../lib/gcc/arm-none-eabi/12.3.1/../../../../arm-none-eabi/lib/thumb/v7e-m+fp/hard/libc_nano.a(libc_a-mlock.o)
                0x080042d8                __malloc_lock
 .text.__malloc_unlock
                0x080042e4        0xc /home/guirespi/st/stm32cubeide_1.15.1/plugins/com.st.stm32cube.ide.mcu.externaltools.gnu-tools-for-stm32.12.3.rel1.linux64_1.0.100.202403111256/tools/bin/../lib/gcc/arm-none-eabi/12.3.1/../../../../arm-none-eabi/lib/thumb/v7e-m+fp/hard/libc_nano.a(libc_a-mlock.o)
                0x080042e4                __malloc_unlock
 .text.sprintf  0x080042f0       0x40 /home/guirespi/st/stm32cubeide_1.15.1/plugins/com.st.stm32cube.ide.mcu.externaltools.gnu-tools-for-stm32.12.3.rel1.linux64_1.0.100.202403111256/tools/bin/../lib/gcc/arm-none-eabi/12.3.1/../../../../arm-none-eabi/lib/thumb/v7e-m+fp/hard/libc_nano.a(libc_a-sprintf.o)
                0x080042f0                sprintf
                0x080042f0                siprintf
 .text._vasprintf_r
                0x08004330       0x30 /home/guirespi/st/stm32cubeide_1.15.1/plugins/com.st.stm32cube.ide.mcu.externaltools.gnu-tools-for-stm32.12.3.rel1.linux64_1.0.100.202403111256/tools/bin/../lib/gcc/arm-none-eabi/12.3.1/../../../../arm-none-eabi/lib/thumb/v7e-m+fp/hard/libc_nano.a(libc_a-vasprintf.o)
                0x08004330                _vasiprintf_r
                0x08004330                _vasprintf_r
 .text.vasprintf
                0x08004360       0x14 /home/guirespi/st/stm32cubeide_1.15.1/plugins/com.st.stm32cube.ide.mcu.externaltools.gnu-tools-for-stm32.12.3.rel1.linux64_1.0.100.202403111256/tools/bin/../lib/gcc/arm-none-eabi/12.3.1/../../../../arm-none-eabi/lib/thumb/v7e-m+fp/hard/libc_nano.a(libc_a-vasprintf.o)
                0x08004360                vasiprintf
                0x08004360                vasprintf
 .text.memset   0x08004374       0x10 /home/guirespi/st/stm32cubeide_1.15.1/plugins/com.st.stm32cube.ide.mcu.externaltools.gnu-tools-for-stm32.12.3.rel1.linux64_1.0.100.202403111256/tools/bin/../lib/gcc/arm-none-eabi/12.3.1/../../../../arm-none-eabi/lib/thumb/v7e-m+fp/hard/libc_nano.a(libc_a-memset.o)
                0x08004374                memset
 .text._sbrk_r  0x08004384       0x20 /home/guirespi/st/stm32cubeide_1.15.1/plugins/com.st.stm32cube.ide.mcu.externaltools.gnu-tools-for-stm32.12.3.rel1.linux64_1.0.100.202403111256/tools/bin/../lib/gcc/arm-none-eabi/12.3.1/../../../../arm-none-eabi/lib/thumb/v7e-m+fp/hard/libc_nano.a(libc_a-sbrkr.o)
                0x08004384                _sbrk_r
 .text.__errno  0x080043a4        0xc /home/guirespi/st/stm32cubeide_1.15.1/plugins/com.st.stm32cube.ide.mcu.externaltools.gnu-tools-for-stm32.12.3.rel1.linux64_1.0.100.202403111256/tools/bin/../lib/gcc/arm-none-eabi/12.3.1/../../../../arm-none-eabi/lib/thumb/v7e-m+fp/hard/libc_nano.a(libc_a-errno.o)
                0x080043a4                __errno
 .text.__libc_init_array
                0x080043b0       0x48 /home/guirespi/st/stm32cubeide_1.15.1/plugins/com.st.stm32cube.ide.mcu.externaltools.gnu-tools-for-stm32.12.3.rel1.linux64_1.0.100.202403111256/tools/bin/../lib/gcc/arm-none-eabi/12.3.1/../../../../arm-none-eabi/lib/thumb/v7e-m+fp/hard/libc_nano.a(libc_a-init.o)
                0x080043b0                __libc_init_array
 .text.__retarget_lock_acquire_recursive
                0x080043f8        0x2 /home/guirespi/st/stm32cubeide_1.15.1/plugins/com.st.stm32cube.ide.mcu.externaltools.gnu-tools-for-stm32.12.3.rel1.linux64_1.0.100.202403111256/tools/bin/../lib/gcc/arm-none-eabi/12.3.1/../../../../arm-none-eabi/lib/thumb/v7e-m+fp/hard/libc_nano.a(libc_a-lock.o)
                0x080043f8                __retarget_lock_acquire_recursive
 .text.__retarget_lock_release_recursive
                0x080043fa        0x2 /home/guirespi/st/stm32cubeide_1.15.1/plugins/com.st.stm32cube.ide.mcu.externaltools.gnu-tools-for-stm32.12.3.rel1.linux64_1.0.100.202403111256/tools/bin/../lib/gcc/arm-none-eabi/12.3.1/../../../../arm-none-eabi/lib/thumb/v7e-m+fp/hard/libc_nano.a(libc_a-lock.o)
                0x080043fa                __retarget_lock_release_recursive
 .text.memcpy   0x080043fc       0x1c /home/guirespi/st/stm32cubeide_1.15.1/plugins/com.st.stm32cube.ide.mcu.externaltools.gnu-tools-for-stm32.12.3.rel1.linux64_1.0.100.202403111256/tools/bin/../lib/gcc/arm-none-eabi/12.3.1/../../../../arm-none-eabi/lib/thumb/v7e-m+fp/hard/libc_nano.a(libc_a-memcpy-stub.o)
                0x080043fc                memcpy
 .text._free_r  0x08004418       0x94 /home/guirespi/st/stm32cubeide_1.15.1/plugins/com.st.stm32cube.ide.mcu.externaltools.gnu-tools-for-stm32.12.3.rel1.linux64_1.0.100.202403111256/tools/bin/../lib/gcc/arm-none-eabi/12.3.1/../../../../arm-none-eabi/lib/thumb/v7e-m+fp/hard/libc_nano.a(libc_a-freer.o)
                0x08004418                _free_r
 .text.__ssputs_r
                0x080044ac       0xb6 /home/guirespi/st/stm32cubeide_1.15.1/plugins/com.st.stm32cube.ide.mcu.externaltools.gnu-tools-for-stm32.12.3.rel1.linux64_1.0.100.202403111256/tools/bin/../lib/gcc/arm-none-eabi/12.3.1/../../../../arm-none-eabi/lib/thumb/v7e-m+fp/hard/libc_nano.a(libc_a-nano-svfprintf.o)
                0x080044ac                __ssputs_r
 *fill*         0x08004562        0x2 
 .text._svfprintf_r
                0x08004564      0x1f8 /home/guirespi/st/stm32cubeide_1.15.1/plugins/com.st.stm32cube.ide.mcu.externaltools.gnu-tools-for-stm32.12.3.rel1.linux64_1.0.100.202403111256/tools/bin/../lib/gcc/arm-none-eabi/12.3.1/../../../../arm-none-eabi/lib/thumb/v7e-m+fp/hard/libc_nano.a(libc_a-nano-svfprintf.o)
                0x08004564                _svfprintf_r
                0x08004564                _svfiprintf_r
 .text._printf_common
                0x0800475c       0xda /home/guirespi/st/stm32cubeide_1.15.1/plugins/com.st.stm32cube.ide.mcu.externaltools.gnu-tools-for-stm32.12.3.rel1.linux64_1.0.100.202403111256/tools/bin/../lib/gcc/arm-none-eabi/12.3.1/../../../../arm-none-eabi/lib/thumb/v7e-m+fp/hard/libc_nano.a(libc_a-nano-vfprintf_i.o)
                0x0800475c                _printf_common
 *fill*         0x08004836        0x2 
 .text._printf_i
                0x08004838      0x240 /home/guirespi/st/stm32cubeide_1.15.1/plugins/com.st.stm32cube.ide.mcu.externaltools.gnu-tools-for-stm32.12.3.rel1.linux64_1.0.100.202403111256/tools/bin/../lib/gcc/arm-none-eabi/12.3.1/../../../../arm-none-eabi/lib/thumb/v7e-m+fp/hard/libc_nano.a(libc_a-nano-vfprintf_i.o)
                0x08004838                _printf_i
 .text.memmove  0x08004a78       0x34 /home/guirespi/st/stm32cubeide_1.15.1/plugins/com.st.stm32cube.ide.mcu.externaltools.gnu-tools-for-stm32.12.3.rel1.linux64_1.0.100.202403111256/tools/bin/../lib/gcc/arm-none-eabi/12.3.1/../../../../arm-none-eabi/lib/thumb/v7e-m+fp/hard/libc_nano.a(libc_a-memmove.o)
                0x08004a78                memmove
 .text._realloc_r
                0x08004aac       0x5c /home/guirespi/st/stm32cubeide_1.15.1/plugins/com.st.stm32cube.ide.mcu.externaltools.gnu-tools-for-stm32.12.3.rel1.linux64_1.0.100.202403111256/tools/bin/../lib/gcc/arm-none-eabi/12.3.1/../../../../arm-none-eabi/lib/thumb/v7e-m+fp/hard/libc_nano.a(libc_a-reallocr.o)
                0x08004aac                _realloc_r
 .text._malloc_usable_size_r
                0x08004b08       0x10 /home/guirespi/st/stm32cubeide_1.15.1/plugins/com.st.stm32cube.ide.mcu.externaltools.gnu-tools-for-stm32.12.3.rel1.linux64_1.0.100.202403111256/tools/bin/../lib/gcc/arm-none-eabi/12.3.1/../../../../arm-none-eabi/lib/thumb/v7e-m+fp/hard/libc_nano.a(libc_a-msizer.o)
                0x08004b08                _malloc_usable_size_r
 *(.glue_7)
 .glue_7        0x08004b18        0x0 linker stubs
 *(.glue_7t)
 .glue_7t       0x08004b18        0x0 linker stubs
 *(.eh_frame)
 .eh_frame      0x08004b18        0x0 /home/guirespi/st/stm32cubeide_1.15.1/plugins/com.st.stm32cube.ide.mcu.externaltools.gnu-tools-for-stm32.12.3.rel1.linux64_1.0.100.202403111256/tools/bin/../lib/gcc/arm-none-eabi/12.3.1/thumb/v7e-m+fp/hard/crtbegin.o
 *(.init)
 .init          0x08004b18        0x4 /home/guirespi/st/stm32cubeide_1.15.1/plugins/com.st.stm32cube.ide.mcu.externaltools.gnu-tools-for-stm32.12.3.rel1.linux64_1.0.100.202403111256/tools/bin/../lib/gcc/arm-none-eabi/12.3.1/thumb/v7e-m+fp/hard/crti.o
                0x08004b18                _init
 .init          0x08004b1c        0x8 /home/guirespi/st/stm32cubeide_1.15.1/plugins/com.st.stm32cube.ide.mcu.externaltools.gnu-tools-for-stm32.12.3.rel1.linux64_1.0.100.202403111256/tools/bin/../lib/gcc/arm-none-eabi/12.3.1/thumb/v7e-m+fp/hard/crtn.o
 *(.fini)
 .fini          0x08004b24        0x4 /home/guirespi/st/stm32cubeide_1.15.1/plugins/com.st.stm32cube.ide.mcu.externaltools.gnu-tools-for-stm32.12.3.rel1.linux64_1.0.100.202403111256/tools/bin/../lib/gcc/arm-none-eabi/12.3.1/thumb/v7e-m+fp/hard/crti.o
                0x08004b24                _fini
 .fini          0x08004b28        0x8 /home/guirespi/st/stm32cubeide_1.15.1/plugins/com.st.stm32cube.ide.mcu.externaltools.gnu-tools-for-stm32.12.3.rel1.linux64_1.0.100.202403111256/tools/bin/../lib/gcc/arm-none-eabi/12.3.1/thumb/v7e-m+fp/hard/crtn.o
                0x08004b30                        . = ALIGN (0x4)
                0x08004b30                        _etext = .

.vfp11_veneer   0x08004b30        0x0
 .vfp11_veneer  0x08004b30        0x0 linker stubs

.v4_bx          0x08004b30        0x0
 .v4_bx         0x08004b30        0x0 linker stubs

.iplt           0x08004b30        0x0
 .iplt          0x08004b30        0x0 /home/guirespi/st/stm32cubeide_1.15.1/plugins/com.st.stm32cube.ide.mcu.externaltools.gnu-tools-for-stm32.12.3.rel1.linux64_1.0.100.202403111256/tools/bin/../lib/gcc/arm-none-eabi/12.3.1/thumb/v7e-m+fp/hard/crtbegin.o

.rodata         0x08004b30      0x380
                0x08004b30                        . = ALIGN (0x4)
 *(.rodata)
 .rodata        0x08004b30      0x1bc ./Core/Src/main.o
 .rodata        0x08004cec       0x77 ./Drivers/API/API_log/src/API_log.o
 *(.rodata*)
 *fill*         0x08004d63        0x1 
 .rodata.AHBPrescTable
                0x08004d64       0x10 ./Core/Src/system_stm32f4xx.o
                0x08004d64                AHBPrescTable
 .rodata.APBPrescTable
                0x08004d74        0x8 ./Core/Src/system_stm32f4xx.o
                0x08004d74                APBPrescTable
 .rodata._ctype_
                0x08004d7c      0x101 /home/guirespi/st/stm32cubeide_1.15.1/plugins/com.st.stm32cube.ide.mcu.externaltools.gnu-tools-for-stm32.12.3.rel1.linux64_1.0.100.202403111256/tools/bin/../lib/gcc/arm-none-eabi/12.3.1/../../../../arm-none-eabi/lib/thumb/v7e-m+fp/hard/libc_nano.a(libc_a-ctype_.o)
                0x08004d7c                _ctype_
 .rodata._svfprintf_r.str1.1
                0x08004e7d       0x11 /home/guirespi/st/stm32cubeide_1.15.1/plugins/com.st.stm32cube.ide.mcu.externaltools.gnu-tools-for-stm32.12.3.rel1.linux64_1.0.100.202403111256/tools/bin/../lib/gcc/arm-none-eabi/12.3.1/../../../../arm-none-eabi/lib/thumb/v7e-m+fp/hard/libc_nano.a(libc_a-nano-svfprintf.o)
 .rodata._printf_i.str1.1
                0x08004e8e       0x22 /home/guirespi/st/stm32cubeide_1.15.1/plugins/com.st.stm32cube.ide.mcu.externaltools.gnu-tools-for-stm32.12.3.rel1.linux64_1.0.100.202403111256/tools/bin/../lib/gcc/arm-none-eabi/12.3.1/../../../../arm-none-eabi/lib/thumb/v7e-m+fp/hard/libc_nano.a(libc_a-nano-vfprintf_i.o)
                0x08004eb0                        . = ALIGN (0x4)

.ARM.extab      0x08004eb0        0x0
                0x08004eb0                        . = ALIGN (0x4)
 *(.ARM.extab* .gnu.linkonce.armextab.*)
                0x08004eb0                        . = ALIGN (0x4)

.ARM            0x08004eb0        0x8
                0x08004eb0                        . = ALIGN (0x4)
                0x08004eb0                        __exidx_start = .
 *(.ARM.exidx*)
 .ARM.exidx     0x08004eb0        0x8 /home/guirespi/st/stm32cubeide_1.15.1/plugins/com.st.stm32cube.ide.mcu.externaltools.gnu-tools-for-stm32.12.3.rel1.linux64_1.0.100.202403111256/tools/bin/../lib/gcc/arm-none-eabi/12.3.1/../../../../arm-none-eabi/lib/thumb/v7e-m+fp/hard/libc_nano.a(libc_a-strlen.o)
 .ARM.exidx     0x08004eb8        0x0 /home/guirespi/st/stm32cubeide_1.15.1/plugins/com.st.stm32cube.ide.mcu.externaltools.gnu-tools-for-stm32.12.3.rel1.linux64_1.0.100.202403111256/tools/bin/../lib/gcc/arm-none-eabi/12.3.1/../../../../arm-none-eabi/lib/thumb/v7e-m+fp/hard/libc_nano.a(libc_a-memchr.o)
                                  0x8 (size before relaxing)
 .ARM.exidx     0x08004eb8        0x0 /home/guirespi/st/stm32cubeide_1.15.1/plugins/com.st.stm32cube.ide.mcu.externaltools.gnu-tools-for-stm32.12.3.rel1.linux64_1.0.100.202403111256/tools/bin/../lib/gcc/arm-none-eabi/12.3.1/thumb/v7e-m+fp/hard/libgcc.a(_udivmoddi4.o)
                                  0x8 (size before relaxing)
                0x08004eb8                        __exidx_end = .
                0x08004eb8                        . = ALIGN (0x4)

.preinit_array  0x08004eb8        0x0
                0x08004eb8                        . = ALIGN (0x4)
                0x08004eb8                        PROVIDE (__preinit_array_start = .)
 *(.preinit_array*)
                0x08004eb8                        PROVIDE (__preinit_array_end = .)
                0x08004eb8                        . = ALIGN (0x4)

.init_array     0x08004eb8        0x4
                0x08004eb8                        . = ALIGN (0x4)
                0x08004eb8                        PROVIDE (__init_array_start = .)
 *(SORT_BY_NAME(.init_array.*))
 *(.init_array*)
 .init_array    0x08004eb8        0x4 /home/guirespi/st/stm32cubeide_1.15.1/plugins/com.st.stm32cube.ide.mcu.externaltools.gnu-tools-for-stm32.12.3.rel1.linux64_1.0.100.202403111256/tools/bin/../lib/gcc/arm-none-eabi/12.3.1/thumb/v7e-m+fp/hard/crtbegin.o
                0x08004ebc                        PROVIDE (__init_array_end = .)
                0x08004ebc                        . = ALIGN (0x4)

.fini_array     0x08004ebc        0x4
                0x08004ebc                        . = ALIGN (0x4)
                [!provide]                        PROVIDE (__fini_array_start = .)
 *(SORT_BY_NAME(.fini_array.*))
 *(.fini_array*)
 .fini_array    0x08004ebc        0x4 /home/guirespi/st/stm32cubeide_1.15.1/plugins/com.st.stm32cube.ide.mcu.externaltools.gnu-tools-for-stm32.12.3.rel1.linux64_1.0.100.202403111256/tools/bin/../lib/gcc/arm-none-eabi/12.3.1/thumb/v7e-m+fp/hard/crtbegin.o
                [!provide]                        PROVIDE (__fini_array_end = .)
                0x08004ec0                        . = ALIGN (0x4)
                0x08004ec0                        _sidata = LOADADDR (.data)

.rel.dyn        0x08004ec0        0x0
 .rel.iplt      0x08004ec0        0x0 /home/guirespi/st/stm32cubeide_1.15.1/plugins/com.st.stm32cube.ide.mcu.externaltools.gnu-tools-for-stm32.12.3.rel1.linux64_1.0.100.202403111256/tools/bin/../lib/gcc/arm-none-eabi/12.3.1/thumb/v7e-m+fp/hard/crtbegin.o

.data           0x20000000     0xcb5c load address 0x08004ec0
                0x20000000                        . = ALIGN (0x4)
                0x20000000                        _sdata = .
 *(.data)
 .data          0x20000000     0x43a8 ../prog_00.bin
                0x20000000                _binary____prog_00_bin_start
                0x200043a8                _binary____prog_00_bin_end
 .data          0x200043a8     0x43a8 ../prog_01.bin
                0x200043a8                _binary____prog_01_bin_start
                0x20008750                _binary____prog_01_bin_end
 *(.data*)
 .data.tag      0x20008750        0x4 ./Core/Src/main.o
                0x20008750                tag
 .data.prog_00  0x20008754     0x43a8 ./Core/Src/main.o
 .data.SystemCoreClock
                0x2000cafc        0x4 ./Core/Src/system_stm32f4xx.o
                0x2000cafc                SystemCoreClock
 .data.console_state
                0x2000cb00        0x1 ./Drivers/API/API_console/src/API_console.o
 *fill*         0x2000cb01        0x3 
 .data.uwTickPrio
                0x2000cb04        0x4 ./Drivers/STM32F4xx_HAL_Driver/Src/stm32f4xx_hal.o
                0x2000cb04                uwTickPrio
 .data.uwTickFreq
                0x2000cb08        0x1 ./Drivers/STM32F4xx_HAL_Driver/Src/stm32f4xx_hal.o
                0x2000cb08                uwTickFreq
 *fill*         0x2000cb09        0x3 
 .data._impure_ptr
                0x2000cb0c        0x4 /home/guirespi/st/stm32cubeide_1.15.1/plugins/com.st.stm32cube.ide.mcu.externaltools.gnu-tools-for-stm32.12.3.rel1.linux64_1.0.100.202403111256/tools/bin/../lib/gcc/arm-none-eabi/12.3.1/../../../../arm-none-eabi/lib/thumb/v7e-m+fp/hard/libc_nano.a(libc_a-impure.o)
                0x2000cb0c                _impure_ptr
 .data._impure_data
                0x2000cb10       0x4c /home/guirespi/st/stm32cubeide_1.15.1/plugins/com.st.stm32cube.ide.mcu.externaltools.gnu-tools-for-stm32.12.3.rel1.linux64_1.0.100.202403111256/tools/bin/../lib/gcc/arm-none-eabi/12.3.1/../../../../arm-none-eabi/lib/thumb/v7e-m+fp/hard/libc_nano.a(libc_a-impure.o)
                0x2000cb10                _impure_data
 *(.RamFunc)
 *(.RamFunc*)
                0x2000cb5c                        . = ALIGN (0x4)
                0x2000cb5c                        _edata = .
                0x08011a1c                        _siccmram = LOADADDR (.ccmram)

.igot.plt       0x2000cb5c        0x0 load address 0x08011a1c
 .igot.plt      0x2000cb5c        0x0 /home/guirespi/st/stm32cubeide_1.15.1/plugins/com.st.stm32cube.ide.mcu.externaltools.gnu-tools-for-stm32.12.3.rel1.linux64_1.0.100.202403111256/tools/bin/../lib/gcc/arm-none-eabi/12.3.1/thumb/v7e-m+fp/hard/crtbegin.o

.ccmram         0x10000000        0x0 load address 0x08011a1c
                0x10000000                        . = ALIGN (0x4)
                0x10000000                        _sccmram = .
 *(.ccmram)
 *(.ccmram*)
                0x10000000                        . = ALIGN (0x4)
                0x10000000                        _eccmram = .
                0x10000000                        . = ALIGN (0x4)

.bss            0x2000cb5c     0x2290
                0x2000cb5c                        _sbss = .
                0x2000cb5c                        __bss_start__ = _sbss
 *(.bss)
 .bss           0x2000cb5c       0x1c /home/guirespi/st/stm32cubeide_1.15.1/plugins/com.st.stm32cube.ide.mcu.externaltools.gnu-tools-for-stm32.12.3.rel1.linux64_1.0.100.202403111256/tools/bin/../lib/gcc/arm-none-eabi/12.3.1/thumb/v7e-m+fp/hard/crtbegin.o
 *(.bss*)
 .bss.hspi1     0x2000cb78       0x58 ./Core/Src/main.o
                0x2000cb78                hspi1
 .bss.huart2    0x2000cbd0       0x48 ./Core/Src/main.o
                0x2000cbd0                huart2
 .bss.huart3    0x2000cc18       0x48 ./Core/Src/main.o
                0x2000cc18                huart3
 .bss.__sbrk_heap_end
                0x2000cc60        0x4 ./Core/Src/sysmem.o
 .bss.uart_handle
                0x2000cc64        0x4 ./Drivers/API/API_console/arch/arm/console_arch_common.o
 .bss.console_state
                0x2000cc68        0x4 ./Drivers/API/API_console/arch/arm/console_arch_common.o
 .bss.console_buffer
                0x2000cc6c     0x2000 ./Drivers/API/API_console/arch/arm/console_arch_common.o
 .bss.console_buffer_index
                0x2000ec6c        0x2 ./Drivers/API/API_console/arch/arm/console_arch_common.o
 *fill*         0x2000ec6e        0x2 
 .bss.console_timeout
                0x2000ec70        0xc ./Drivers/API/API_console/arch/arm/console_arch_common.o
 .bss.log_transmit
                0x2000ec7c        0x4 ./Drivers/API/API_log/src/API_log.o
 .bss.uwTick    0x2000ec80        0x4 ./Drivers/STM32F4xx_HAL_Driver/Src/stm32f4xx_hal.o
                0x2000ec80                uwTick
 .bss.pFlash    0x2000ec84       0x20 ./Drivers/STM32F4xx_HAL_Driver/Src/stm32f4xx_hal_flash.o
                0x2000ec84                pFlash
 .bss.__malloc_sbrk_start
                0x2000eca4        0x4 /home/guirespi/st/stm32cubeide_1.15.1/plugins/com.st.stm32cube.ide.mcu.externaltools.gnu-tools-for-stm32.12.3.rel1.linux64_1.0.100.202403111256/tools/bin/../lib/gcc/arm-none-eabi/12.3.1/../../../../arm-none-eabi/lib/thumb/v7e-m+fp/hard/libc_nano.a(libc_a-mallocr.o)
                0x2000eca4                __malloc_sbrk_start
 .bss.__malloc_free_list
                0x2000eca8        0x4 /home/guirespi/st/stm32cubeide_1.15.1/plugins/com.st.stm32cube.ide.mcu.externaltools.gnu-tools-for-stm32.12.3.rel1.linux64_1.0.100.202403111256/tools/bin/../lib/gcc/arm-none-eabi/12.3.1/../../../../arm-none-eabi/lib/thumb/v7e-m+fp/hard/libc_nano.a(libc_a-mallocr.o)
                0x2000eca8                __malloc_free_list
 .bss.__sf      0x2000ecac      0x138 /home/guirespi/st/stm32cubeide_1.15.1/plugins/com.st.stm32cube.ide.mcu.externaltools.gnu-tools-for-stm32.12.3.rel1.linux64_1.0.100.202403111256/tools/bin/../lib/gcc/arm-none-eabi/12.3.1/../../../../arm-none-eabi/lib/thumb/v7e-m+fp/hard/libc_nano.a(libc_a-findfp.o)
                0x2000ecac                __sf
 .bss.errno     0x2000ede4        0x4 /home/guirespi/st/stm32cubeide_1.15.1/plugins/com.st.stm32cube.ide.mcu.externaltools.gnu-tools-for-stm32.12.3.rel1.linux64_1.0.100.202403111256/tools/bin/../lib/gcc/arm-none-eabi/12.3.1/../../../../arm-none-eabi/lib/thumb/v7e-m+fp/hard/libc_nano.a(libc_a-reent.o)
                0x2000ede4                errno
 .bss.__lock___malloc_recursive_mutex
                0x2000ede8        0x1 /home/guirespi/st/stm32cubeide_1.15.1/plugins/com.st.stm32cube.ide.mcu.externaltools.gnu-tools-for-stm32.12.3.rel1.linux64_1.0.100.202403111256/tools/bin/../lib/gcc/arm-none-eabi/12.3.1/../../../../arm-none-eabi/lib/thumb/v7e-m+fp/hard/libc_nano.a(libc_a-lock.o)
                0x2000ede8                __lock___malloc_recursive_mutex
 *(COMMON)
                0x2000edec                        . = ALIGN (0x4)
 *fill*         0x2000ede9        0x3 
                0x2000edec                        _ebss = .
                0x2000edec                        __bss_end__ = _ebss

._user_heap_stack
                0x2000edec      0x604
                0x2000edf0                        . = ALIGN (0x8)
 *fill*         0x2000edec        0x4 
                [!provide]                        PROVIDE (end = .)
                0x2000edf0                        PROVIDE (_end = .)
                0x2000eff0                        . = (. + _Min_Heap_Size)
 *fill*         0x2000edf0      0x200 
                0x2000f3f0                        . = (. + _Min_Stack_Size)
 *fill*         0x2000eff0      0x400 
                0x2000f3f0                        . = ALIGN (0x8)

/DISCARD/
 libc.a(*)
 libm.a(*)
 libgcc.a(*)

.ARM.attributes
                0x00000000       0x30
 *(.ARM.attributes)
 .ARM.attributes
                0x00000000       0x22 /home/guirespi/st/stm32cubeide_1.15.1/plugins/com.st.stm32cube.ide.mcu.externaltools.gnu-tools-for-stm32.12.3.rel1.linux64_1.0.100.202403111256/tools/bin/../lib/gcc/arm-none-eabi/12.3.1/thumb/v7e-m+fp/hard/crti.o
 .ARM.attributes
                0x00000022       0x34 /home/guirespi/st/stm32cubeide_1.15.1/plugins/com.st.stm32cube.ide.mcu.externaltools.gnu-tools-for-stm32.12.3.rel1.linux64_1.0.100.202403111256/tools/bin/../lib/gcc/arm-none-eabi/12.3.1/thumb/v7e-m+fp/hard/crtbegin.o
 .ARM.attributes
                0x00000056       0x34 ./Core/Src/main.o
 .ARM.attributes
                0x0000008a       0x34 ./Core/Src/stm32f4xx_hal_msp.o
 .ARM.attributes
                0x000000be       0x34 ./Core/Src/stm32f4xx_it.o
 .ARM.attributes
                0x000000f2       0x34 ./Core/Src/sysmem.o
 .ARM.attributes
                0x00000126       0x34 ./Core/Src/system_stm32f4xx.o
 .ARM.attributes
                0x0000015a       0x21 ./Core/Startup/startup_stm32f429zitx.o
 .ARM.attributes
                0x0000017b       0x34 ./Drivers/API/API_console/arch/arm/console_arch_common.o
 .ARM.attributes
                0x000001af       0x34 ./Drivers/API/API_console/src/API_console.o
 .ARM.attributes
                0x000001e3       0x34 ./Drivers/API/API_log/arch/arm/log_arch_common.o
 .ARM.attributes
                0x00000217       0x34 ./Drivers/API/API_log/src/API_log.o
 .ARM.attributes
                0x0000024b       0x34 ./Drivers/STM32F4xx_HAL_Driver/Src/stm32f4xx_hal.o
 .ARM.attributes
                0x0000027f       0x34 ./Drivers/STM32F4xx_HAL_Driver/Src/stm32f4xx_hal_cortex.o
 .ARM.attributes
                0x000002b3       0x34 ./Drivers/STM32F4xx_HAL_Driver/Src/stm32f4xx_hal_dma.o
 .ARM.attributes
                0x000002e7       0x34 ./Drivers/STM32F4xx_HAL_Driver/Src/stm32f4xx_hal_flash.o
 .ARM.attributes
                0x0000031b       0x34 ./Drivers/STM32F4xx_HAL_Driver/Src/stm32f4xx_hal_gpio.o
 .ARM.attributes
                0x0000034f       0x34 ./Drivers/STM32F4xx_HAL_Driver/Src/stm32f4xx_hal_rcc.o
 .ARM.attributes
                0x00000383       0x34 ./Drivers/STM32F4xx_HAL_Driver/Src/stm32f4xx_hal_spi.o
 .ARM.attributes
                0x000003b7       0x34 ./Drivers/STM32F4xx_HAL_Driver/Src/stm32f4xx_hal_uart.o
 .ARM.attributes
                0x000003eb       0x34 /home/guirespi/st/stm32cubeide_1.15.1/plugins/com.st.stm32cube.ide.mcu.externaltools.gnu-tools-for-stm32.12.3.rel1.linux64_1.0.100.202403111256/tools/bin/../lib/gcc/arm-none-eabi/12.3.1/../../../../arm-none-eabi/lib/thumb/v7e-m+fp/hard/libc_nano.a(libc_a-malloc.o)
 .ARM.attributes
                0x0000041f       0x34 /home/guirespi/st/stm32cubeide_1.15.1/plugins/com.st.stm32cube.ide.mcu.externaltools.gnu-tools-for-stm32.12.3.rel1.linux64_1.0.100.202403111256/tools/bin/../lib/gcc/arm-none-eabi/12.3.1/../../../../arm-none-eabi/lib/thumb/v7e-m+fp/hard/libc_nano.a(libc_a-mallocr.o)
 .ARM.attributes
                0x00000453       0x34 /home/guirespi/st/stm32cubeide_1.15.1/plugins/com.st.stm32cube.ide.mcu.externaltools.gnu-tools-for-stm32.12.3.rel1.linux64_1.0.100.202403111256/tools/bin/../lib/gcc/arm-none-eabi/12.3.1/../../../../arm-none-eabi/lib/thumb/v7e-m+fp/hard/libc_nano.a(libc_a-mlock.o)
 .ARM.attributes
                0x00000487       0x34 /home/guirespi/st/stm32cubeide_1.15.1/plugins/com.st.stm32cube.ide.mcu.externaltools.gnu-tools-for-stm32.12.3.rel1.linux64_1.0.100.202403111256/tools/bin/../lib/gcc/arm-none-eabi/12.3.1/../../../../arm-none-eabi/lib/thumb/v7e-m+fp/hard/libc_nano.a(libc_a-ctype_.o)
 .ARM.attributes
                0x000004bb       0x34 /home/guirespi/st/stm32cubeide_1.15.1/plugins/com.st.stm32cube.ide.mcu.externaltools.gnu-tools-for-stm32.12.3.rel1.linux64_1.0.100.202403111256/tools/bin/../lib/gcc/arm-none-eabi/12.3.1/../../../../arm-none-eabi/lib/thumb/v7e-m+fp/hard/libc_nano.a(libc_a-findfp.o)
 .ARM.attributes
                0x000004ef       0x34 /home/guirespi/st/stm32cubeide_1.15.1/plugins/com.st.stm32cube.ide.mcu.externaltools.gnu-tools-for-stm32.12.3.rel1.linux64_1.0.100.202403111256/tools/bin/../lib/gcc/arm-none-eabi/12.3.1/../../../../arm-none-eabi/lib/thumb/v7e-m+fp/hard/libc_nano.a(libc_a-sprintf.o)
 .ARM.attributes
                0x00000523       0x34 /home/guirespi/st/stm32cubeide_1.15.1/plugins/com.st.stm32cube.ide.mcu.externaltools.gnu-tools-for-stm32.12.3.rel1.linux64_1.0.100.202403111256/tools/bin/../lib/gcc/arm-none-eabi/12.3.1/../../../../arm-none-eabi/lib/thumb/v7e-m+fp/hard/libc_nano.a(libc_a-vasprintf.o)
 .ARM.attributes
                0x00000557       0x34 /home/guirespi/st/stm32cubeide_1.15.1/plugins/com.st.stm32cube.ide.mcu.externaltools.gnu-tools-for-stm32.12.3.rel1.linux64_1.0.100.202403111256/tools/bin/../lib/gcc/arm-none-eabi/12.3.1/../../../../arm-none-eabi/lib/thumb/v7e-m+fp/hard/libc_nano.a(libc_a-memset.o)
 .ARM.attributes
                0x0000058b       0x34 /home/guirespi/st/stm32cubeide_1.15.1/plugins/com.st.stm32cube.ide.mcu.externaltools.gnu-tools-for-stm32.12.3.rel1.linux64_1.0.100.202403111256/tools/bin/../lib/gcc/arm-none-eabi/12.3.1/../../../../arm-none-eabi/lib/thumb/v7e-m+fp/hard/libc_nano.a(libc_a-reent.o)
 .ARM.attributes
                0x000005bf       0x34 /home/guirespi/st/stm32cubeide_1.15.1/plugins/com.st.stm32cube.ide.mcu.externaltools.gnu-tools-for-stm32.12.3.rel1.linux64_1.0.100.202403111256/tools/bin/../lib/gcc/arm-none-eabi/12.3.1/../../../../arm-none-eabi/lib/thumb/v7e-m+fp/hard/libc_nano.a(libc_a-impure.o)
 .ARM.attributes
                0x000005f3       0x34 /home/guirespi/st/stm32cubeide_1.15.1/plugins/com.st.stm32cube.ide.mcu.externaltools.gnu-tools-for-stm32.12.3.rel1.linux64_1.0.100.202403111256/tools/bin/../lib/gcc/arm-none-eabi/12.3.1/../../../../arm-none-eabi/lib/thumb/v7e-m+fp/hard/libc_nano.a(libc_a-sbrkr.o)
 .ARM.attributes
                0x00000627       0x34 /home/guirespi/st/stm32cubeide_1.15.1/plugins/com.st.stm32cube.ide.mcu.externaltools.gnu-tools-for-stm32.12.3.rel1.linux64_1.0.100.202403111256/tools/bin/../lib/gcc/arm-none-eabi/12.3.1/../../../../arm-none-eabi/lib/thumb/v7e-m+fp/hard/libc_nano.a(libc_a-errno.o)
 .ARM.attributes
                0x0000065b       0x34 /home/guirespi/st/stm32cubeide_1.15.1/plugins/com.st.stm32cube.ide.mcu.externaltools.gnu-tools-for-stm32.12.3.rel1.linux64_1.0.100.202403111256/tools/bin/../lib/gcc/arm-none-eabi/12.3.1/../../../../arm-none-eabi/lib/thumb/v7e-m+fp/hard/libc_nano.a(libc_a-init.o)
 .ARM.attributes
                0x0000068f       0x34 /home/guirespi/st/stm32cubeide_1.15.1/plugins/com.st.stm32cube.ide.mcu.externaltools.gnu-tools-for-stm32.12.3.rel1.linux64_1.0.100.202403111256/tools/bin/../lib/gcc/arm-none-eabi/12.3.1/../../../../arm-none-eabi/lib/thumb/v7e-m+fp/hard/libc_nano.a(libc_a-lock.o)
 .ARM.attributes
                0x000006c3       0x34 /home/guirespi/st/stm32cubeide_1.15.1/plugins/com.st.stm32cube.ide.mcu.externaltools.gnu-tools-for-stm32.12.3.rel1.linux64_1.0.100.202403111256/tools/bin/../lib/gcc/arm-none-eabi/12.3.1/../../../../arm-none-eabi/lib/thumb/v7e-m+fp/hard/libc_nano.a(libc_a-memcpy-stub.o)
 .ARM.attributes
                0x000006f7       0x17 /home/guirespi/st/stm32cubeide_1.15.1/plugins/com.st.stm32cube.ide.mcu.externaltools.gnu-tools-for-stm32.12.3.rel1.linux64_1.0.100.202403111256/tools/bin/../lib/gcc/arm-none-eabi/12.3.1/../../../../arm-none-eabi/lib/thumb/v7e-m+fp/hard/libc_nano.a(libc_a-strlen.o)
 .ARM.attributes
                0x0000070e       0x34 /home/guirespi/st/stm32cubeide_1.15.1/plugins/com.st.stm32cube.ide.mcu.externaltools.gnu-tools-for-stm32.12.3.rel1.linux64_1.0.100.202403111256/tools/bin/../lib/gcc/arm-none-eabi/12.3.1/../../../../arm-none-eabi/lib/thumb/v7e-m+fp/hard/libc_nano.a(libc_a-freer.o)
 .ARM.attributes
                0x00000742       0x34 /home/guirespi/st/stm32cubeide_1.15.1/plugins/com.st.stm32cube.ide.mcu.externaltools.gnu-tools-for-stm32.12.3.rel1.linux64_1.0.100.202403111256/tools/bin/../lib/gcc/arm-none-eabi/12.3.1/../../../../arm-none-eabi/lib/thumb/v7e-m+fp/hard/libc_nano.a(libc_a-nano-svfprintf.o)
 .ARM.attributes
                0x00000776       0x34 /home/guirespi/st/stm32cubeide_1.15.1/plugins/com.st.stm32cube.ide.mcu.externaltools.gnu-tools-for-stm32.12.3.rel1.linux64_1.0.100.202403111256/tools/bin/../lib/gcc/arm-none-eabi/12.3.1/../../../../arm-none-eabi/lib/thumb/v7e-m+fp/hard/libc_nano.a(libc_a-nano-vfprintf_i.o)
 .ARM.attributes
                0x000007aa       0x34 /home/guirespi/st/stm32cubeide_1.15.1/plugins/com.st.stm32cube.ide.mcu.externaltools.gnu-tools-for-stm32.12.3.rel1.linux64_1.0.100.202403111256/tools/bin/../lib/gcc/arm-none-eabi/12.3.1/../../../../arm-none-eabi/lib/thumb/v7e-m+fp/hard/libc_nano.a(libc_a-memmove.o)
 .ARM.attributes
                0x000007de       0x1c /home/guirespi/st/stm32cubeide_1.15.1/plugins/com.st.stm32cube.ide.mcu.externaltools.gnu-tools-for-stm32.12.3.rel1.linux64_1.0.100.202403111256/tools/bin/../lib/gcc/arm-none-eabi/12.3.1/../../../../arm-none-eabi/lib/thumb/v7e-m+fp/hard/libc_nano.a(libc_a-memchr.o)
 .ARM.attributes
                0x000007fa       0x34 /home/guirespi/st/stm32cubeide_1.15.1/plugins/com.st.stm32cube.ide.mcu.externaltools.gnu-tools-for-stm32.12.3.rel1.linux64_1.0.100.202403111256/tools/bin/../lib/gcc/arm-none-eabi/12.3.1/../../../../arm-none-eabi/lib/thumb/v7e-m+fp/hard/libc_nano.a(libc_a-reallocr.o)
 .ARM.attributes
                0x0000082e       0x34 /home/guirespi/st/stm32cubeide_1.15.1/plugins/com.st.stm32cube.ide.mcu.externaltools.gnu-tools-for-stm32.12.3.rel1.linux64_1.0.100.202403111256/tools/bin/../lib/gcc/arm-none-eabi/12.3.1/../../../../arm-none-eabi/lib/thumb/v7e-m+fp/hard/libc_nano.a(libc_a-msizer.o)
 .ARM.attributes
                0x00000862       0x22 /home/guirespi/st/stm32cubeide_1.15.1/plugins/com.st.stm32cube.ide.mcu.externaltools.gnu-tools-for-stm32.12.3.rel1.linux64_1.0.100.202403111256/tools/bin/../lib/gcc/arm-none-eabi/12.3.1/thumb/v7e-m+fp/hard/libgcc.a(_aeabi_uldivmod.o)
 .ARM.attributes
                0x00000884       0x34 /home/guirespi/st/stm32cubeide_1.15.1/plugins/com.st.stm32cube.ide.mcu.externaltools.gnu-tools-for-stm32.12.3.rel1.linux64_1.0.100.202403111256/tools/bin/../lib/gcc/arm-none-eabi/12.3.1/thumb/v7e-m+fp/hard/libgcc.a(_udivmoddi4.o)
 .ARM.attributes
                0x000008b8       0x22 /home/guirespi/st/stm32cubeide_1.15.1/plugins/com.st.stm32cube.ide.mcu.externaltools.gnu-tools-for-stm32.12.3.rel1.linux64_1.0.100.202403111256/tools/bin/../lib/gcc/arm-none-eabi/12.3.1/thumb/v7e-m+fp/hard/libgcc.a(_dvmd_tls.o)
 .ARM.attributes
                0x000008da       0x22 /home/guirespi/st/stm32cubeide_1.15.1/plugins/com.st.stm32cube.ide.mcu.externaltools.gnu-tools-for-stm32.12.3.rel1.linux64_1.0.100.202403111256/tools/bin/../lib/gcc/arm-none-eabi/12.3.1/thumb/v7e-m+fp/hard/crtn.o

._prog_00
 *(._prog_00)
 ../prog_00.bin()

._prog_01
 *(._prog_01)
 ../prog_01.bin()
OUTPUT(1B_PDM_PCDM_FINAL_JOB.elf default)
LOAD linker stubs
LOAD /home/guirespi/st/stm32cubeide_1.15.1/plugins/com.st.stm32cube.ide.mcu.externaltools.gnu-tools-for-stm32.12.3.rel1.linux64_1.0.100.202403111256/tools/bin/../lib/gcc/arm-none-eabi/12.3.1/../../../../arm-none-eabi/lib/thumb/v7e-m+fp/hard/libc.a
LOAD /home/guirespi/st/stm32cubeide_1.15.1/plugins/com.st.stm32cube.ide.mcu.externaltools.gnu-tools-for-stm32.12.3.rel1.linux64_1.0.100.202403111256/tools/bin/../lib/gcc/arm-none-eabi/12.3.1/../../../../arm-none-eabi/lib/thumb/v7e-m+fp/hard/libm.a
LOAD /home/guirespi/st/stm32cubeide_1.15.1/plugins/com.st.stm32cube.ide.mcu.externaltools.gnu-tools-for-stm32.12.3.rel1.linux64_1.0.100.202403111256/tools/bin/../lib/gcc/arm-none-eabi/12.3.1/thumb/v7e-m+fp/hard/libgcc.a

.debug_info     0x00000000     0xbb05
 .debug_info    0x00000000     0x1223 ./Core/Src/main.o
 .debug_info    0x00001223      0xf07 ./Core/Src/stm32f4xx_hal_msp.o
 .debug_info    0x0000212a      0x8e9 ./Core/Src/stm32f4xx_it.o
 .debug_info    0x00002a13      0x168 ./Core/Src/sysmem.o
 .debug_info    0x00002b7b      0x52e ./Core/Src/system_stm32f4xx.o
 .debug_info    0x000030a9       0x30 ./Core/Startup/startup_stm32f429zitx.o
 .debug_info    0x000030d9      0x946 ./Drivers/API/API_console/arch/arm/console_arch_common.o
 .debug_info    0x00003a1f      0x1ee ./Drivers/API/API_console/src/API_console.o
 .debug_info    0x00003c0d       0xb2 ./Drivers/API/API_log/arch/arm/log_arch_common.o
 .debug_info    0x00003cbf      0x3ad ./Drivers/API/API_log/src/API_log.o
 .debug_info    0x0000406c      0x9ba ./Drivers/STM32F4xx_HAL_Driver/Src/stm32f4xx_hal.o
 .debug_info    0x00004a26      0xd8d ./Drivers/STM32F4xx_HAL_Driver/Src/stm32f4xx_hal_cortex.o
 .debug_info    0x000057b3      0x8e7 ./Drivers/STM32F4xx_HAL_Driver/Src/stm32f4xx_hal_dma.o
 .debug_info    0x0000609a      0x57d ./Drivers/STM32F4xx_HAL_Driver/Src/stm32f4xx_hal_flash.o
 .debug_info    0x00006617      0x6db ./Drivers/STM32F4xx_HAL_Driver/Src/stm32f4xx_hal_gpio.o
 .debug_info    0x00006cf2      0x8c9 ./Drivers/STM32F4xx_HAL_Driver/Src/stm32f4xx_hal_rcc.o
 .debug_info    0x000075bb     0x15fb ./Drivers/STM32F4xx_HAL_Driver/Src/stm32f4xx_hal_spi.o
 .debug_info    0x00008bb6     0x2f4f ./Drivers/STM32F4xx_HAL_Driver/Src/stm32f4xx_hal_uart.o

.debug_abbrev   0x00000000     0x2215
 .debug_abbrev  0x00000000      0x319 ./Core/Src/main.o
 .debug_abbrev  0x00000319      0x1cd ./Core/Src/stm32f4xx_hal_msp.o
 .debug_abbrev  0x000004e6      0x188 ./Core/Src/stm32f4xx_it.o
 .debug_abbrev  0x0000066e       0xbc ./Core/Src/sysmem.o
 .debug_abbrev  0x0000072a      0x11a ./Core/Src/system_stm32f4xx.o
 .debug_abbrev  0x00000844       0x24 ./Core/Startup/startup_stm32f429zitx.o
 .debug_abbrev  0x00000868      0x217 ./Drivers/API/API_console/arch/arm/console_arch_common.o
 .debug_abbrev  0x00000a7f       0xf5 ./Drivers/API/API_console/src/API_console.o
 .debug_abbrev  0x00000b74       0x6b ./Drivers/API/API_log/arch/arm/log_arch_common.o
 .debug_abbrev  0x00000bdf      0x1ee ./Drivers/API/API_log/src/API_log.o
 .debug_abbrev  0x00000dcd      0x214 ./Drivers/STM32F4xx_HAL_Driver/Src/stm32f4xx_hal.o
 .debug_abbrev  0x00000fe1      0x328 ./Drivers/STM32F4xx_HAL_Driver/Src/stm32f4xx_hal_cortex.o
 .debug_abbrev  0x00001309      0x264 ./Drivers/STM32F4xx_HAL_Driver/Src/stm32f4xx_hal_dma.o
 .debug_abbrev  0x0000156d      0x28c ./Drivers/STM32F4xx_HAL_Driver/Src/stm32f4xx_hal_flash.o
 .debug_abbrev  0x000017f9      0x1d4 ./Drivers/STM32F4xx_HAL_Driver/Src/stm32f4xx_hal_gpio.o
 .debug_abbrev  0x000019cd      0x2b6 ./Drivers/STM32F4xx_HAL_Driver/Src/stm32f4xx_hal_rcc.o
 .debug_abbrev  0x00001c83      0x284 ./Drivers/STM32F4xx_HAL_Driver/Src/stm32f4xx_hal_spi.o
 .debug_abbrev  0x00001f07      0x30e ./Drivers/STM32F4xx_HAL_Driver/Src/stm32f4xx_hal_uart.o

.debug_aranges  0x00000000      0xa70
 .debug_aranges
                0x00000000       0x60 ./Core/Src/main.o
 .debug_aranges
                0x00000060       0x40 ./Core/Src/stm32f4xx_hal_msp.o
 .debug_aranges
                0x000000a0       0x78 ./Core/Src/stm32f4xx_it.o
 .debug_aranges
                0x00000118       0x20 ./Core/Src/sysmem.o
 .debug_aranges
                0x00000138       0x28 ./Core/Src/system_stm32f4xx.o
 .debug_aranges
                0x00000160       0x28 ./Core/Startup/startup_stm32f429zitx.o
 .debug_aranges
                0x00000188       0x50 ./Drivers/API/API_console/arch/arm/console_arch_common.o
 .debug_aranges
                0x000001d8       0x30 ./Drivers/API/API_console/src/API_console.o
 .debug_aranges
                0x00000208       0x20 ./Drivers/API/API_log/arch/arm/log_arch_common.o
 .debug_aranges
                0x00000228       0x40 ./Drivers/API/API_log/src/API_log.o
 .debug_aranges
                0x00000268      0x100 ./Drivers/STM32F4xx_HAL_Driver/Src/stm32f4xx_hal.o
 .debug_aranges
                0x00000368      0x120 ./Drivers/STM32F4xx_HAL_Driver/Src/stm32f4xx_hal_cortex.o
 .debug_aranges
                0x00000488       0x90 ./Drivers/STM32F4xx_HAL_Driver/Src/stm32f4xx_hal_dma.o
 .debug_aranges
                0x00000518       0xa0 ./Drivers/STM32F4xx_HAL_Driver/Src/stm32f4xx_hal_flash.o
 .debug_aranges
                0x000005b8       0x58 ./Drivers/STM32F4xx_HAL_Driver/Src/stm32f4xx_hal_gpio.o
 .debug_aranges
                0x00000610       0x88 ./Drivers/STM32F4xx_HAL_Driver/Src/stm32f4xx_hal_rcc.o
 .debug_aranges
                0x00000698      0x1d0 ./Drivers/STM32F4xx_HAL_Driver/Src/stm32f4xx_hal_spi.o
 .debug_aranges
                0x00000868      0x208 ./Drivers/STM32F4xx_HAL_Driver/Src/stm32f4xx_hal_uart.o

.debug_rnglists
                0x00000000      0x7fa
 .debug_rnglists
                0x00000000       0x47 ./Core/Src/main.o
 .debug_rnglists
                0x00000047       0x2d ./Core/Src/stm32f4xx_hal_msp.o
 .debug_rnglists
                0x00000074       0x55 ./Core/Src/stm32f4xx_it.o
 .debug_rnglists
                0x000000c9       0x13 ./Core/Src/sysmem.o
 .debug_rnglists
                0x000000dc       0x1a ./Core/Src/system_stm32f4xx.o
 .debug_rnglists
                0x000000f6       0x19 ./Core/Startup/startup_stm32f429zitx.o
 .debug_rnglists
                0x0000010f       0x46 ./Drivers/API/API_console/arch/arm/console_arch_common.o
 .debug_rnglists
                0x00000155       0x1f ./Drivers/API/API_console/src/API_console.o
 .debug_rnglists
                0x00000174       0x13 ./Drivers/API/API_log/arch/arm/log_arch_common.o
 .debug_rnglists
                0x00000187       0x2c ./Drivers/API/API_log/src/API_log.o
 .debug_rnglists
                0x000001b3       0xbb ./Drivers/STM32F4xx_HAL_Driver/Src/stm32f4xx_hal.o
 .debug_rnglists
                0x0000026e       0xd4 ./Drivers/STM32F4xx_HAL_Driver/Src/stm32f4xx_hal_cortex.o
 .debug_rnglists
                0x00000342       0x70 ./Drivers/STM32F4xx_HAL_Driver/Src/stm32f4xx_hal_dma.o
 .debug_rnglists
                0x000003b2       0x78 ./Drivers/STM32F4xx_HAL_Driver/Src/stm32f4xx_hal_flash.o
 .debug_rnglists
                0x0000042a       0x3f ./Drivers/STM32F4xx_HAL_Driver/Src/stm32f4xx_hal_gpio.o
 .debug_rnglists
                0x00000469       0x66 ./Drivers/STM32F4xx_HAL_Driver/Src/stm32f4xx_hal_rcc.o
 .debug_rnglists
                0x000004cf      0x16f ./Drivers/STM32F4xx_HAL_Driver/Src/stm32f4xx_hal_spi.o
 .debug_rnglists
                0x0000063e      0x1bc ./Drivers/STM32F4xx_HAL_Driver/Src/stm32f4xx_hal_uart.o

.debug_macro    0x00000000    0x23d5f
 .debug_macro   0x00000000      0x303 ./Core/Src/main.o
 .debug_macro   0x00000303      0xab4 ./Core/Src/main.o
 .debug_macro   0x00000db7      0x29b ./Core/Src/main.o
 .debug_macro   0x00001052       0x2e ./Core/Src/main.o
 .debug_macro   0x00001080       0x28 ./Core/Src/main.o
 .debug_macro   0x000010a8       0x22 ./Core/Src/main.o
 .debug_macro   0x000010ca       0x8e ./Core/Src/main.o
 .debug_macro   0x00001158       0x51 ./Core/Src/main.o
 .debug_macro   0x000011a9      0x103 ./Core/Src/main.o
 .debug_macro   0x000012ac       0x6a ./Core/Src/main.o
 .debug_macro   0x00001316      0x1df ./Core/Src/main.o
 .debug_macro   0x000014f5       0x1c ./Core/Src/main.o
 .debug_macro   0x00001511       0x22 ./Core/Src/main.o
 .debug_macro   0x00001533       0xfb ./Core/Src/main.o
 .debug_macro   0x0000162e     0x1011 ./Core/Src/main.o
 .debug_macro   0x0000263f      0x11f ./Core/Src/main.o
 .debug_macro   0x0000275e    0x17fd8 ./Core/Src/main.o
 .debug_macro   0x0001a736       0x6d ./Core/Src/main.o
 .debug_macro   0x0001a7a3     0x3703 ./Core/Src/main.o
 .debug_macro   0x0001dea6      0x189 ./Core/Src/main.o
 .debug_macro   0x0001e02f       0x5c ./Core/Src/main.o
 .debug_macro   0x0001e08b      0xcba ./Core/Src/main.o
 .debug_macro   0x0001ed45      0x9e9 ./Core/Src/main.o
 .debug_macro   0x0001f72e      0x115 ./Core/Src/main.o
 .debug_macro   0x0001f843      0x156 ./Core/Src/main.o
 .debug_macro   0x0001f999       0xa5 ./Core/Src/main.o
 .debug_macro   0x0001fa3e      0x182 ./Core/Src/main.o
 .debug_macro   0x0001fbc0      0x287 ./Core/Src/main.o
 .debug_macro   0x0001fe47       0x5f ./Core/Src/main.o
 .debug_macro   0x0001fea6      0x236 ./Core/Src/main.o
 .debug_macro   0x000200dc      0x132 ./Core/Src/main.o
 .debug_macro   0x0002020e      0x41d ./Core/Src/main.o
 .debug_macro   0x0002062b       0x2e ./Core/Src/main.o
 .debug_macro   0x00020659      0x127 ./Core/Src/main.o
 .debug_macro   0x00020780       0xe2 ./Core/Src/main.o
 .debug_macro   0x00020862       0x89 ./Core/Src/main.o
 .debug_macro   0x000208eb      0x225 ./Core/Src/main.o
 .debug_macro   0x00020b10      0x2aa ./Core/Src/main.o
 .debug_macro   0x00020dba      0x134 ./Core/Src/main.o
 .debug_macro   0x00020eee      0x130 ./Core/Src/main.o
 .debug_macro   0x0002101e       0x61 ./Core/Src/main.o
 .debug_macro   0x0002107f       0x2a ./Core/Src/main.o
 .debug_macro   0x000210a9       0x43 ./Core/Src/main.o
 .debug_macro   0x000210ec       0x34 ./Core/Src/main.o
 .debug_macro   0x00021120       0x16 ./Core/Src/main.o
 .debug_macro   0x00021136       0x43 ./Core/Src/main.o
 .debug_macro   0x00021179       0x34 ./Core/Src/main.o
 .debug_macro   0x000211ad       0x10 ./Core/Src/main.o
 .debug_macro   0x000211bd       0x58 ./Core/Src/main.o
 .debug_macro   0x00021215       0x8e ./Core/Src/main.o
 .debug_macro   0x000212a3       0x1c ./Core/Src/main.o
 .debug_macro   0x000212bf      0x177 ./Core/Src/main.o
 .debug_macro   0x00021436      0x369 ./Core/Src/main.o
 .debug_macro   0x0002179f       0x10 ./Core/Src/main.o
 .debug_macro   0x000217af       0x35 ./Core/Src/main.o
 .debug_macro   0x000217e4       0x20 ./Core/Src/main.o
 .debug_macro   0x00021804       0x22 ./Core/Src/main.o
 .debug_macro   0x00021826      0x245 ./Core/Src/main.o
 .debug_macro   0x00021a6b       0x16 ./Core/Src/main.o
 .debug_macro   0x00021a81       0x6a ./Core/Src/main.o
 .debug_macro   0x00021aeb      0x1d3 ./Core/Src/stm32f4xx_hal_msp.o
 .debug_macro   0x00021cbe      0x1dd ./Core/Src/stm32f4xx_it.o
 .debug_macro   0x00021e9b       0xff ./Core/Src/sysmem.o
 .debug_macro   0x00021f9a      0x23c ./Core/Src/sysmem.o
 .debug_macro   0x000221d6      0x1d6 ./Core/Src/system_stm32f4xx.o
 .debug_macro   0x000223ac      0x2c6 ./Drivers/API/API_console/arch/arm/console_arch_common.o
 .debug_macro   0x00022672       0x56 ./Drivers/API/API_console/arch/arm/console_arch_common.o
 .debug_macro   0x000226c8       0x84 ./Drivers/API/API_console/src/API_console.o
 .debug_macro   0x0002274c      0x1c4 ./Drivers/API/API_log/arch/arm/log_arch_common.o
 .debug_macro   0x00022910      0x1cf ./Drivers/API/API_log/src/API_log.o
 .debug_macro   0x00022adf       0x16 ./Drivers/API/API_log/src/API_log.o
 .debug_macro   0x00022af5       0x9e ./Drivers/API/API_log/src/API_log.o
 .debug_macro   0x00022b93      0x10b ./Drivers/API/API_log/src/API_log.o
 .debug_macro   0x00022c9e       0x16 ./Drivers/API/API_log/src/API_log.o
 .debug_macro   0x00022cb4       0x16 ./Drivers/API/API_log/src/API_log.o
 .debug_macro   0x00022cca       0x4c ./Drivers/API/API_log/src/API_log.o
 .debug_macro   0x00022d16      0x11f ./Drivers/API/API_log/src/API_log.o
 .debug_macro   0x00022e35       0x64 ./Drivers/API/API_log/src/API_log.o
 .debug_macro   0x00022e99      0x224 ./Drivers/STM32F4xx_HAL_Driver/Src/stm32f4xx_hal.o
 .debug_macro   0x000230bd      0x1c4 ./Drivers/STM32F4xx_HAL_Driver/Src/stm32f4xx_hal_cortex.o
 .debug_macro   0x00023281      0x1ca ./Drivers/STM32F4xx_HAL_Driver/Src/stm32f4xx_hal_dma.o
 .debug_macro   0x0002344b      0x1ca ./Drivers/STM32F4xx_HAL_Driver/Src/stm32f4xx_hal_flash.o
 .debug_macro   0x00023615      0x1ca ./Drivers/STM32F4xx_HAL_Driver/Src/stm32f4xx_hal_gpio.o
 .debug_macro   0x000237df      0x1e8 ./Drivers/STM32F4xx_HAL_Driver/Src/stm32f4xx_hal_rcc.o
 .debug_macro   0x000239c7      0x1d3 ./Drivers/STM32F4xx_HAL_Driver/Src/stm32f4xx_hal_spi.o
 .debug_macro   0x00023b9a      0x1c5 ./Drivers/STM32F4xx_HAL_Driver/Src/stm32f4xx_hal_uart.o

.debug_line     0x00000000     0xd36e
 .debug_line    0x00000000      0xd61 ./Core/Src/main.o
 .debug_line    0x00000d61      0x79a ./Core/Src/stm32f4xx_hal_msp.o
 .debug_line    0x000014fb      0x7ac ./Core/Src/stm32f4xx_it.o
 .debug_line    0x00001ca7      0x4ea ./Core/Src/sysmem.o
 .debug_line    0x00002191      0x72c ./Core/Src/system_stm32f4xx.o
 .debug_line    0x000028bd       0x7a ./Core/Startup/startup_stm32f429zitx.o
 .debug_line    0x00002937      0xaba ./Drivers/API/API_console/arch/arm/console_arch_common.o
 .debug_line    0x000033f1      0x4cb ./Drivers/API/API_console/src/API_console.o
 .debug_line    0x000038bc      0x6a8 ./Drivers/API/API_log/arch/arm/log_arch_common.o
 .debug_line    0x00003f64      0x759 ./Drivers/API/API_log/src/API_log.o
 .debug_line    0x000046bd      0x9c5 ./Drivers/STM32F4xx_HAL_Driver/Src/stm32f4xx_hal.o
 .debug_line    0x00005082      0xc57 ./Drivers/STM32F4xx_HAL_Driver/Src/stm32f4xx_hal_cortex.o
 .debug_line    0x00005cd9      0xeff ./Drivers/STM32F4xx_HAL_Driver/Src/stm32f4xx_hal_dma.o
 .debug_line    0x00006bd8      0xa66 ./Drivers/STM32F4xx_HAL_Driver/Src/stm32f4xx_hal_flash.o
 .debug_line    0x0000763e      0xb43 ./Drivers/STM32F4xx_HAL_Driver/Src/stm32f4xx_hal_gpio.o
 .debug_line    0x00008181      0xd02 ./Drivers/STM32F4xx_HAL_Driver/Src/stm32f4xx_hal_rcc.o
 .debug_line    0x00008e83     0x1c8a ./Drivers/STM32F4xx_HAL_Driver/Src/stm32f4xx_hal_spi.o
 .debug_line    0x0000ab0d     0x2861 ./Drivers/STM32F4xx_HAL_Driver/Src/stm32f4xx_hal_uart.o

.debug_str      0x00000000    0xd6510
 .debug_str     0x00000000    0xd2489 ./Core/Src/main.o
                              0xd27c8 (size before relaxing)
 .debug_str     0x000d2489      0x603 ./Core/Src/stm32f4xx_hal_msp.o
                              0xce2bd (size before relaxing)
 .debug_str     0x000d2a8c      0x124 ./Core/Src/stm32f4xx_it.o
                              0xcdc44 (size before relaxing)
 .debug_str     0x000d2bb0      0x4dc ./Core/Src/sysmem.o
                               0x60da (size before relaxing)
 .debug_str     0x000d308c      0x12f ./Core/Src/system_stm32f4xx.o
                              0xcd298 (size before relaxing)
 .debug_str     0x000d31bb       0x44 ./Core/Startup/startup_stm32f429zitx.o
                                 0x8d (size before relaxing)
 .debug_str     0x000d31ff      0x467 ./Drivers/API/API_console/arch/arm/console_arch_common.o
                              0xd0bba (size before relaxing)
 .debug_str     0x000d3666       0x2d ./Drivers/API/API_console/src/API_console.o
                               0x3f93 (size before relaxing)
 .debug_str     0x000d3693       0x4c ./Drivers/API/API_log/arch/arm/log_arch_common.o
                              0xcd0a0 (size before relaxing)
 .debug_str     0x000d36df     0x10d9 ./Drivers/API/API_log/src/API_log.o
                               0x87c8 (size before relaxing)
 .debug_str     0x000d47b8      0x632 ./Drivers/STM32F4xx_HAL_Driver/Src/stm32f4xx_hal.o
                              0xcde67 (size before relaxing)
 .debug_str     0x000d4dea      0x33a ./Drivers/STM32F4xx_HAL_Driver/Src/stm32f4xx_hal_cortex.o
                              0xcdb63 (size before relaxing)
 .debug_str     0x000d5124      0x31a ./Drivers/STM32F4xx_HAL_Driver/Src/stm32f4xx_hal_dma.o
                              0xcd64b (size before relaxing)
 .debug_str     0x000d543e      0x28c ./Drivers/STM32F4xx_HAL_Driver/Src/stm32f4xx_hal_flash.o
                              0xcd421 (size before relaxing)
 .debug_str     0x000d56ca      0x121 ./Drivers/STM32F4xx_HAL_Driver/Src/stm32f4xx_hal_gpio.o
                              0xcd3bf (size before relaxing)
 .debug_str     0x000d57eb      0x228 ./Drivers/STM32F4xx_HAL_Driver/Src/stm32f4xx_hal_rcc.o
                              0xcd678 (size before relaxing)
 .debug_str     0x000d5a13      0x55a ./Drivers/STM32F4xx_HAL_Driver/Src/stm32f4xx_hal_spi.o
                              0xcdaf5 (size before relaxing)
 .debug_str     0x000d5f6d      0x5a3 ./Drivers/STM32F4xx_HAL_Driver/Src/stm32f4xx_hal_uart.o
                              0xcdc46 (size before relaxing)

.comment        0x00000000       0x43
 .comment       0x00000000       0x43 ./Core/Src/main.o
                                 0x44 (size before relaxing)
 .comment       0x00000043       0x44 ./Core/Src/stm32f4xx_hal_msp.o
 .comment       0x00000043       0x44 ./Core/Src/stm32f4xx_it.o
 .comment       0x00000043       0x44 ./Core/Src/sysmem.o
 .comment       0x00000043       0x44 ./Core/Src/system_stm32f4xx.o
 .comment       0x00000043       0x44 ./Drivers/API/API_console/arch/arm/console_arch_common.o
 .comment       0x00000043       0x44 ./Drivers/API/API_console/src/API_console.o
 .comment       0x00000043       0x44 ./Drivers/API/API_log/arch/arm/log_arch_common.o
 .comment       0x00000043       0x44 ./Drivers/API/API_log/src/API_log.o
 .comment       0x00000043       0x44 ./Drivers/STM32F4xx_HAL_Driver/Src/stm32f4xx_hal.o
 .comment       0x00000043       0x44 ./Drivers/STM32F4xx_HAL_Driver/Src/stm32f4xx_hal_cortex.o
 .comment       0x00000043       0x44 ./Drivers/STM32F4xx_HAL_Driver/Src/stm32f4xx_hal_dma.o
 .comment       0x00000043       0x44 ./Drivers/STM32F4xx_HAL_Driver/Src/stm32f4xx_hal_flash.o
 .comment       0x00000043       0x44 ./Drivers/STM32F4xx_HAL_Driver/Src/stm32f4xx_hal_gpio.o
 .comment       0x00000043       0x44 ./Drivers/STM32F4xx_HAL_Driver/Src/stm32f4xx_hal_rcc.o
 .comment       0x00000043       0x44 ./Drivers/STM32F4xx_HAL_Driver/Src/stm32f4xx_hal_spi.o
 .comment       0x00000043       0x44 ./Drivers/STM32F4xx_HAL_Driver/Src/stm32f4xx_hal_uart.o

.debug_frame    0x00000000     0x2eb8
 .debug_frame   0x00000000      0x140 ./Core/Src/main.o
 .debug_frame   0x00000140       0xc8 ./Core/Src/stm32f4xx_hal_msp.o
 .debug_frame   0x00000208      0x158 ./Core/Src/stm32f4xx_it.o
 .debug_frame   0x00000360       0x34 ./Core/Src/sysmem.o
 .debug_frame   0x00000394       0x58 ./Core/Src/system_stm32f4xx.o
 .debug_frame   0x000003ec      0x10c ./Drivers/API/API_console/arch/arm/console_arch_common.o
 .debug_frame   0x000004f8       0x7c ./Drivers/API/API_console/src/API_console.o
 .debug_frame   0x00000574       0x2c ./Drivers/API/API_log/arch/arm/log_arch_common.o
 .debug_frame   0x000005a0       0xd8 ./Drivers/API/API_log/src/API_log.o
 .debug_frame   0x00000678      0x3b4 ./Drivers/STM32F4xx_HAL_Driver/Src/stm32f4xx_hal.o
 .debug_frame   0x00000a2c      0x4b8 ./Drivers/STM32F4xx_HAL_Driver/Src/stm32f4xx_hal_cortex.o
 .debug_frame   0x00000ee4      0x250 ./Drivers/STM32F4xx_HAL_Driver/Src/stm32f4xx_hal_dma.o
 .debug_frame   0x00001134      0x274 ./Drivers/STM32F4xx_HAL_Driver/Src/stm32f4xx_hal_flash.o
 .debug_frame   0x000013a8      0x14c ./Drivers/STM32F4xx_HAL_Driver/Src/stm32f4xx_hal_gpio.o
 .debug_frame   0x000014f4      0x1f4 ./Drivers/STM32F4xx_HAL_Driver/Src/stm32f4xx_hal_rcc.o
 .debug_frame   0x000016e8      0x828 ./Drivers/STM32F4xx_HAL_Driver/Src/stm32f4xx_hal_spi.o
 .debug_frame   0x00001f10      0x954 ./Drivers/STM32F4xx_HAL_Driver/Src/stm32f4xx_hal_uart.o
 .debug_frame   0x00002864       0x30 /home/guirespi/st/stm32cubeide_1.15.1/plugins/com.st.stm32cube.ide.mcu.externaltools.gnu-tools-for-stm32.12.3.rel1.linux64_1.0.100.202403111256/tools/bin/../lib/gcc/arm-none-eabi/12.3.1/../../../../arm-none-eabi/lib/thumb/v7e-m+fp/hard/libc_nano.a(libc_a-malloc.o)
 .debug_frame   0x00002894       0x50 /home/guirespi/st/stm32cubeide_1.15.1/plugins/com.st.stm32cube.ide.mcu.externaltools.gnu-tools-for-stm32.12.3.rel1.linux64_1.0.100.202403111256/tools/bin/../lib/gcc/arm-none-eabi/12.3.1/../../../../arm-none-eabi/lib/thumb/v7e-m+fp/hard/libc_nano.a(libc_a-mallocr.o)
 .debug_frame   0x000028e4       0x30 /home/guirespi/st/stm32cubeide_1.15.1/plugins/com.st.stm32cube.ide.mcu.externaltools.gnu-tools-for-stm32.12.3.rel1.linux64_1.0.100.202403111256/tools/bin/../lib/gcc/arm-none-eabi/12.3.1/../../../../arm-none-eabi/lib/thumb/v7e-m+fp/hard/libc_nano.a(libc_a-mlock.o)
 .debug_frame   0x00002914      0x144 /home/guirespi/st/stm32cubeide_1.15.1/plugins/com.st.stm32cube.ide.mcu.externaltools.gnu-tools-for-stm32.12.3.rel1.linux64_1.0.100.202403111256/tools/bin/../lib/gcc/arm-none-eabi/12.3.1/../../../../arm-none-eabi/lib/thumb/v7e-m+fp/hard/libc_nano.a(libc_a-findfp.o)
 .debug_frame   0x00002a58       0x6c /home/guirespi/st/stm32cubeide_1.15.1/plugins/com.st.stm32cube.ide.mcu.externaltools.gnu-tools-for-stm32.12.3.rel1.linux64_1.0.100.202403111256/tools/bin/../lib/gcc/arm-none-eabi/12.3.1/../../../../arm-none-eabi/lib/thumb/v7e-m+fp/hard/libc_nano.a(libc_a-sprintf.o)
 .debug_frame   0x00002ac4       0x40 /home/guirespi/st/stm32cubeide_1.15.1/plugins/com.st.stm32cube.ide.mcu.externaltools.gnu-tools-for-stm32.12.3.rel1.linux64_1.0.100.202403111256/tools/bin/../lib/gcc/arm-none-eabi/12.3.1/../../../../arm-none-eabi/lib/thumb/v7e-m+fp/hard/libc_nano.a(libc_a-vasprintf.o)
 .debug_frame   0x00002b04       0x20 /home/guirespi/st/stm32cubeide_1.15.1/plugins/com.st.stm32cube.ide.mcu.externaltools.gnu-tools-for-stm32.12.3.rel1.linux64_1.0.100.202403111256/tools/bin/../lib/gcc/arm-none-eabi/12.3.1/../../../../arm-none-eabi/lib/thumb/v7e-m+fp/hard/libc_nano.a(libc_a-memset.o)
 .debug_frame   0x00002b24       0x38 /home/guirespi/st/stm32cubeide_1.15.1/plugins/com.st.stm32cube.ide.mcu.externaltools.gnu-tools-for-stm32.12.3.rel1.linux64_1.0.100.202403111256/tools/bin/../lib/gcc/arm-none-eabi/12.3.1/../../../../arm-none-eabi/lib/thumb/v7e-m+fp/hard/libc_nano.a(libc_a-reent.o)
 .debug_frame   0x00002b5c       0x2c /home/guirespi/st/stm32cubeide_1.15.1/plugins/com.st.stm32cube.ide.mcu.externaltools.gnu-tools-for-stm32.12.3.rel1.linux64_1.0.100.202403111256/tools/bin/../lib/gcc/arm-none-eabi/12.3.1/../../../../arm-none-eabi/lib/thumb/v7e-m+fp/hard/libc_nano.a(libc_a-sbrkr.o)
 .debug_frame   0x00002b88       0x20 /home/guirespi/st/stm32cubeide_1.15.1/plugins/com.st.stm32cube.ide.mcu.externaltools.gnu-tools-for-stm32.12.3.rel1.linux64_1.0.100.202403111256/tools/bin/../lib/gcc/arm-none-eabi/12.3.1/../../../../arm-none-eabi/lib/thumb/v7e-m+fp/hard/libc_nano.a(libc_a-errno.o)
 .debug_frame   0x00002ba8       0x2c /home/guirespi/st/stm32cubeide_1.15.1/plugins/com.st.stm32cube.ide.mcu.externaltools.gnu-tools-for-stm32.12.3.rel1.linux64_1.0.100.202403111256/tools/bin/../lib/gcc/arm-none-eabi/12.3.1/../../../../arm-none-eabi/lib/thumb/v7e-m+fp/hard/libc_nano.a(libc_a-init.o)
 .debug_frame   0x00002bd4       0xb0 /home/guirespi/st/stm32cubeide_1.15.1/plugins/com.st.stm32cube.ide.mcu.externaltools.gnu-tools-for-stm32.12.3.rel1.linux64_1.0.100.202403111256/tools/bin/../lib/gcc/arm-none-eabi/12.3.1/../../../../arm-none-eabi/lib/thumb/v7e-m+fp/hard/libc_nano.a(libc_a-lock.o)
 .debug_frame   0x00002c84       0x28 /home/guirespi/st/stm32cubeide_1.15.1/plugins/com.st.stm32cube.ide.mcu.externaltools.gnu-tools-for-stm32.12.3.rel1.linux64_1.0.100.202403111256/tools/bin/../lib/gcc/arm-none-eabi/12.3.1/../../../../arm-none-eabi/lib/thumb/v7e-m+fp/hard/libc_nano.a(libc_a-memcpy-stub.o)
 .debug_frame   0x00002cac       0x38 /home/guirespi/st/stm32cubeide_1.15.1/plugins/com.st.stm32cube.ide.mcu.externaltools.gnu-tools-for-stm32.12.3.rel1.linux64_1.0.100.202403111256/tools/bin/../lib/gcc/arm-none-eabi/12.3.1/../../../../arm-none-eabi/lib/thumb/v7e-m+fp/hard/libc_nano.a(libc_a-freer.o)
 .debug_frame   0x00002ce4       0x90 /home/guirespi/st/stm32cubeide_1.15.1/plugins/com.st.stm32cube.ide.mcu.externaltools.gnu-tools-for-stm32.12.3.rel1.linux64_1.0.100.202403111256/tools/bin/../lib/gcc/arm-none-eabi/12.3.1/../../../../arm-none-eabi/lib/thumb/v7e-m+fp/hard/libc_nano.a(libc_a-nano-svfprintf.o)
 .debug_frame   0x00002d74       0x60 /home/guirespi/st/stm32cubeide_1.15.1/plugins/com.st.stm32cube.ide.mcu.externaltools.gnu-tools-for-stm32.12.3.rel1.linux64_1.0.100.202403111256/tools/bin/../lib/gcc/arm-none-eabi/12.3.1/../../../../arm-none-eabi/lib/thumb/v7e-m+fp/hard/libc_nano.a(libc_a-nano-vfprintf_i.o)
 .debug_frame   0x00002dd4       0x28 /home/guirespi/st/stm32cubeide_1.15.1/plugins/com.st.stm32cube.ide.mcu.externaltools.gnu-tools-for-stm32.12.3.rel1.linux64_1.0.100.202403111256/tools/bin/../lib/gcc/arm-none-eabi/12.3.1/../../../../arm-none-eabi/lib/thumb/v7e-m+fp/hard/libc_nano.a(libc_a-memmove.o)
 .debug_frame   0x00002dfc       0x3c /home/guirespi/st/stm32cubeide_1.15.1/plugins/com.st.stm32cube.ide.mcu.externaltools.gnu-tools-for-stm32.12.3.rel1.linux64_1.0.100.202403111256/tools/bin/../lib/gcc/arm-none-eabi/12.3.1/../../../../arm-none-eabi/lib/thumb/v7e-m+fp/hard/libc_nano.a(libc_a-reallocr.o)
 .debug_frame   0x00002e38       0x20 /home/guirespi/st/stm32cubeide_1.15.1/plugins/com.st.stm32cube.ide.mcu.externaltools.gnu-tools-for-stm32.12.3.rel1.linux64_1.0.100.202403111256/tools/bin/../lib/gcc/arm-none-eabi/12.3.1/../../../../arm-none-eabi/lib/thumb/v7e-m+fp/hard/libc_nano.a(libc_a-msizer.o)
 .debug_frame   0x00002e58       0x2c /home/guirespi/st/stm32cubeide_1.15.1/plugins/com.st.stm32cube.ide.mcu.externaltools.gnu-tools-for-stm32.12.3.rel1.linux64_1.0.100.202403111256/tools/bin/../lib/gcc/arm-none-eabi/12.3.1/thumb/v7e-m+fp/hard/libgcc.a(_aeabi_uldivmod.o)
 .debug_frame   0x00002e84       0x34 /home/guirespi/st/stm32cubeide_1.15.1/plugins/com.st.stm32cube.ide.mcu.externaltools.gnu-tools-for-stm32.12.3.rel1.linux64_1.0.100.202403111256/tools/bin/../lib/gcc/arm-none-eabi/12.3.1/thumb/v7e-m+fp/hard/libgcc.a(_udivmoddi4.o)

.debug_line_str
                0x00000000       0x71
 .debug_line_str
                0x00000000       0x71 ./Core/Startup/startup_stm32f429zitx.o
