Archive member included to satisfy reference by file (symbol)

/home/guirespi/st/stm32cubeide_1.15.1/plugins/com.st.stm32cube.ide.mcu.externaltools.gnu-tools-for-stm32.12.3.rel1.linux64_1.0.100.202403111256/tools/bin/../lib/gcc/arm-none-eabi/12.3.1/../../../../arm-none-eabi/lib/thumb/v7e-m+fp/hard/libc_nano.a(libc_a-exit.o)
                              /home/guirespi/st/stm32cubeide_1.15.1/plugins/com.st.stm32cube.ide.mcu.externaltools.gnu-tools-for-stm32.12.3.rel1.linux64_1.0.100.202403111256/tools/bin/../lib/gcc/arm-none-eabi/12.3.1/../../../../arm-none-eabi/lib/thumb/v7e-m+fp/hard/crt0.o (exit)
/home/guirespi/st/stm32cubeide_1.15.1/plugins/com.st.stm32cube.ide.mcu.externaltools.gnu-tools-for-stm32.12.3.rel1.linux64_1.0.100.202403111256/tools/bin/../lib/gcc/arm-none-eabi/12.3.1/../../../../arm-none-eabi/lib/thumb/v7e-m+fp/hard/libc_nano.a(libc_a-malloc.o)
                              ./Drivers/API/API_log/src/API_log.o (free)
/home/guirespi/st/stm32cubeide_1.15.1/plugins/com.st.stm32cube.ide.mcu.externaltools.gnu-tools-for-stm32.12.3.rel1.linux64_1.0.100.202403111256/tools/bin/../lib/gcc/arm-none-eabi/12.3.1/../../../../arm-none-eabi/lib/thumb/v7e-m+fp/hard/libc_nano.a(libc_a-mallocr.o)
                              /home/guirespi/st/stm32cubeide_1.15.1/plugins/com.st.stm32cube.ide.mcu.externaltools.gnu-tools-for-stm32.12.3.rel1.linux64_1.0.100.202403111256/tools/bin/../lib/gcc/arm-none-eabi/12.3.1/../../../../arm-none-eabi/lib/thumb/v7e-m+fp/hard/libc_nano.a(libc_a-malloc.o) (_malloc_r)
/home/guirespi/st/stm32cubeide_1.15.1/plugins/com.st.stm32cube.ide.mcu.externaltools.gnu-tools-for-stm32.12.3.rel1.linux64_1.0.100.202403111256/tools/bin/../lib/gcc/arm-none-eabi/12.3.1/../../../../arm-none-eabi/lib/thumb/v7e-m+fp/hard/libc_nano.a(libc_a-mlock.o)
                              /home/guirespi/st/stm32cubeide_1.15.1/plugins/com.st.stm32cube.ide.mcu.externaltools.gnu-tools-for-stm32.12.3.rel1.linux64_1.0.100.202403111256/tools/bin/../lib/gcc/arm-none-eabi/12.3.1/../../../../arm-none-eabi/lib/thumb/v7e-m+fp/hard/libc_nano.a(libc_a-mallocr.o) (__malloc_lock)
/home/guirespi/st/stm32cubeide_1.15.1/plugins/com.st.stm32cube.ide.mcu.externaltools.gnu-tools-for-stm32.12.3.rel1.linux64_1.0.100.202403111256/tools/bin/../lib/gcc/arm-none-eabi/12.3.1/../../../../arm-none-eabi/lib/thumb/v7e-m+fp/hard/libc_nano.a(libc_a-ctype_.o)
                              ./Drivers/API/API_log/src/API_log.o (_ctype_)
/home/guirespi/st/stm32cubeide_1.15.1/plugins/com.st.stm32cube.ide.mcu.externaltools.gnu-tools-for-stm32.12.3.rel1.linux64_1.0.100.202403111256/tools/bin/../lib/gcc/arm-none-eabi/12.3.1/../../../../arm-none-eabi/lib/thumb/v7e-m+fp/hard/libc_nano.a(libc_a-findfp.o)
                              /home/guirespi/st/stm32cubeide_1.15.1/plugins/com.st.stm32cube.ide.mcu.externaltools.gnu-tools-for-stm32.12.3.rel1.linux64_1.0.100.202403111256/tools/bin/../lib/gcc/arm-none-eabi/12.3.1/../../../../arm-none-eabi/lib/thumb/v7e-m+fp/hard/libc_nano.a(libc_a-exit.o) (__stdio_exit_handler)
/home/guirespi/st/stm32cubeide_1.15.1/plugins/com.st.stm32cube.ide.mcu.externaltools.gnu-tools-for-stm32.12.3.rel1.linux64_1.0.100.202403111256/tools/bin/../lib/gcc/arm-none-eabi/12.3.1/../../../../arm-none-eabi/lib/thumb/v7e-m+fp/hard/libc_nano.a(libc_a-fwalk.o)
                              /home/guirespi/st/stm32cubeide_1.15.1/plugins/com.st.stm32cube.ide.mcu.externaltools.gnu-tools-for-stm32.12.3.rel1.linux64_1.0.100.202403111256/tools/bin/../lib/gcc/arm-none-eabi/12.3.1/../../../../arm-none-eabi/lib/thumb/v7e-m+fp/hard/libc_nano.a(libc_a-findfp.o) (_fwalk_sglue)
/home/guirespi/st/stm32cubeide_1.15.1/plugins/com.st.stm32cube.ide.mcu.externaltools.gnu-tools-for-stm32.12.3.rel1.linux64_1.0.100.202403111256/tools/bin/../lib/gcc/arm-none-eabi/12.3.1/../../../../arm-none-eabi/lib/thumb/v7e-m+fp/hard/libc_nano.a(libc_a-sprintf.o)
                              ./Drivers/API/API_log/src/API_log.o (sprintf)
/home/guirespi/st/stm32cubeide_1.15.1/plugins/com.st.stm32cube.ide.mcu.externaltools.gnu-tools-for-stm32.12.3.rel1.linux64_1.0.100.202403111256/tools/bin/../lib/gcc/arm-none-eabi/12.3.1/../../../../arm-none-eabi/lib/thumb/v7e-m+fp/hard/libc_nano.a(libc_a-stdio.o)
                              /home/guirespi/st/stm32cubeide_1.15.1/plugins/com.st.stm32cube.ide.mcu.externaltools.gnu-tools-for-stm32.12.3.rel1.linux64_1.0.100.202403111256/tools/bin/../lib/gcc/arm-none-eabi/12.3.1/../../../../arm-none-eabi/lib/thumb/v7e-m+fp/hard/libc_nano.a(libc_a-findfp.o) (__sread)
/home/guirespi/st/stm32cubeide_1.15.1/plugins/com.st.stm32cube.ide.mcu.externaltools.gnu-tools-for-stm32.12.3.rel1.linux64_1.0.100.202403111256/tools/bin/../lib/gcc/arm-none-eabi/12.3.1/../../../../arm-none-eabi/lib/thumb/v7e-m+fp/hard/libc_nano.a(libc_a-vasprintf.o)
                              ./Drivers/API/API_log/src/API_log.o (vasiprintf)
[...]
Memory Configuration

Name             Origin             Length             Attributes
CCMRAM           0x10000000         0x00010000         xrw
RAM              0x20000000         0x00030000         xrw
FLASH            0x08000000         0x00200000         xr
*default*        0x00000000         0xffffffff

Linker script and memory map

LOAD /home/guirespi/st/stm32cubeide_1.15.1/plugins/com.st.stm32cube.ide.mcu.externaltools.gnu-tools-for-stm32.12.3.rel1.linux64_1.0.100.202403111256/tools/bin/../lib/gcc/arm-none-eabi/12.3.1/thumb/v7e-m+fp/hard/crti.o
LOAD /home/guirespi/st/stm32cubeide_1.15.1/plugins/com.st.stm32cube.ide.mcu.externaltools.gnu-tools-for-stm32.12.3.rel1.linux64_1.0.100.202403111256/tools/bin/../lib/gcc/arm-none-eabi/12.3.1/thumb/v7e-m+fp/hard/crtbegin.o
LOAD /home/guirespi/st/stm32cubeide_1.15.1/plugins/com.st.stm32cube.ide.mcu.externaltools.gnu-tools-for-stm32.12.3.rel1.linux64_1.0.100.202403111256/tools/bin/../lib/gcc/arm-none-eabi/12.3.1/../../../../arm-none-eabi/lib/thumb/v7e-m+fp/hard/crt0.o
LOAD ./Core/Src/main.o
LOAD ./Core/Src/stm32f4xx_hal_msp.o
LOAD ./Core/Src/stm32f4xx_it.o
LOAD ./Core/Src/syscalls.o
LOAD ./Core/Src/sysmem.o
LOAD ./Core/Src/system_stm32f4xx.o
LOAD ./Core/Startup/startup_stm32f429zitx.o
LOAD ./Drivers/API/API_console/arch/arm/console_arch_common.o
LOAD ./Drivers/API/API_console/src/API_console.o
LOAD ./Drivers/API/API_log/arch/arm/log_arch_common.o
LOAD ./Drivers/API/API_log/src/API_log.o
LOAD ./Drivers/API/API_spi_flash/arch/arm/arch_stm32f4xx.o
LOAD ./Drivers/API/API_spi_flash/src/API_spi_flash.o
LOAD ./Drivers/STM32F4xx_HAL_Driver/Src/stm32f4xx_hal.o
LOAD ./Drivers/STM32F4xx_HAL_Driver/Src/stm32f4xx_hal_cortex.o
LOAD ./Drivers/STM32F4xx_HAL_Driver/Src/stm32f4xx_hal_dma.o
LOAD ./Drivers/STM32F4xx_HAL_Driver/Src/stm32f4xx_hal_dma_ex.o
LOAD ./Drivers/STM32F4xx_HAL_Driver/Src/stm32f4xx_hal_exti.o
LOAD ./Drivers/STM32F4xx_HAL_Driver/Src/stm32f4xx_hal_flash.o
LOAD ./Drivers/STM32F4xx_HAL_Driver/Src/stm32f4xx_hal_flash_ex.o
LOAD ./Drivers/STM32F4xx_HAL_Driver/Src/stm32f4xx_hal_flash_ramfunc.o
LOAD ./Drivers/STM32F4xx_HAL_Driver/Src/stm32f4xx_hal_gpio.o
LOAD ./Drivers/STM32F4xx_HAL_Driver/Src/stm32f4xx_hal_pwr.o
LOAD ./Drivers/STM32F4xx_HAL_Driver/Src/stm32f4xx_hal_pwr_ex.o
LOAD ./Drivers/STM32F4xx_HAL_Driver/Src/stm32f4xx_hal_rcc.o
LOAD ./Drivers/STM32F4xx_HAL_Driver/Src/stm32f4xx_hal_rcc_ex.o
LOAD ./Drivers/STM32F4xx_HAL_Driver/Src/stm32f4xx_hal_spi.o
LOAD ./Drivers/STM32F4xx_HAL_Driver/Src/stm32f4xx_hal_tim.o
LOAD ./Drivers/STM32F4xx_HAL_Driver/Src/stm32f4xx_hal_tim_ex.o
LOAD ./Drivers/STM32F4xx_HAL_Driver/Src/stm32f4xx_hal_uart.o
START GROUP
LOAD /home/guirespi/st/stm32cubeide_1.15.1/plugins/com.st.stm32cube.ide.mcu.externaltools.gnu-tools-for-stm32.12.3.rel1.linux64_1.0.100.202403111256/tools/bin/../lib/gcc/arm-none-eabi/12.3.1/../../../../arm-none-eabi/lib/thumb/v7e-m+fp/hard/libc_nano.a
LOAD /home/guirespi/st/stm32cubeide_1.15.1/plugins/com.st.stm32cube.ide.mcu.externaltools.gnu-tools-for-stm32.12.3.rel1.linux64_1.0.100.202403111256/tools/bin/../lib/gcc/arm-none-eabi/12.3.1/../../../../arm-none-eabi/lib/thumb/v7e-m+fp/hard/libm.a
END GROUP
START GROUP
LOAD /home/guirespi/st/stm32cubeide_1.15.1/plugins/com.st.stm32cube.ide.mcu.externaltools.gnu-tools-for-stm32.12.3.rel1.linux64_1.0.100.202403111256/tools/bin/../lib/gcc/arm-none-eabi/12.3.1/thumb/v7e-m+fp/hard/libgcc.a
LOAD /home/guirespi/st/stm32cubeide_1.15.1/plugins/com.st.stm32cube.ide.mcu.externaltools.gnu-tools-for-stm32.12.3.rel1.linux64_1.0.100.202403111256/tools/bin/../lib/gcc/arm-none-eabi/12.3.1/../../../../arm-none-eabi/lib/thumb/v7e-m+fp/hard/libc_nano.a
END GROUP
START GROUP
LOAD /home/guirespi/st/stm32cubeide_1.15.1/plugins/com.st.stm32cube.ide.mcu.externaltools.gnu-tools-for-stm32.12.3.rel1.linux64_1.0.100.202403111256/tools/bin/../lib/gcc/arm-none-eabi/12.3.1/thumb/v7e-m+fp/hard/libgcc.a
LOAD /home/guirespi/st/stm32cubeide_1.15.1/plugins/com.st.stm32cube.ide.mcu.externaltools.gnu-tools-for-stm32.12.3.rel1.linux64_1.0.100.202403111256/tools/bin/../lib/gcc/arm-none-eabi/12.3.1/../../../../arm-none-eabi/lib/thumb/v7e-m+fp/hard/libc_nano.a
LOAD /home/guirespi/st/stm32cubeide_1.15.1/plugins/com.st.stm32cube.ide.mcu.externaltools.gnu-tools-for-stm32.12.3.rel1.linux64_1.0.100.202403111256/tools/bin/../lib/gcc/arm-none-eabi/12.3.1/../../../../arm-none-eabi/lib/thumb/v7e-m+fp/hard/libnosys.a
END GROUP
START GROUP
LOAD /home/guirespi/st/stm32cubeide_1.15.1/plugins/com.st.stm32cube.ide.mcu.externaltools.gnu-tools-for-stm32.12.3.rel1.linux64_1.0.100.202403111256/tools/bin/../lib/gcc/arm-none-eabi/12.3.1/thumb/v7e-m+fp/hard/libgcc.a
LOAD /home/guirespi/st/stm32cubeide_1.15.1/plugins/com.st.stm32cube.ide.mcu.externaltools.gnu-tools-for-stm32.12.3.rel1.linux64_1.0.100.202403111256/tools/bin/../lib/gcc/arm-none-eabi/12.3.1/../../../../arm-none-eabi/lib/thumb/v7e-m+fp/hard/libc_nano.a
LOAD /home/guirespi/st/stm32cubeide_1.15.1/plugins/com.st.stm32cube.ide.mcu.externaltools.gnu-tools-for-stm32.12.3.rel1.linux64_1.0.100.202403111256/tools/bin/../lib/gcc/arm-none-eabi/12.3.1/../../../../arm-none-eabi/lib/thumb/v7e-m+fp/hard/libnosys.a
END GROUP
LOAD /home/guirespi/st/stm32cubeide_1.15.1/plugins/com.st.stm32cube.ide.mcu.externaltools.gnu-tools-for-stm32.12.3.rel1.linux64_1.0.100.202403111256/tools/bin/../lib/gcc/arm-none-eabi/12.3.1/thumb/v7e-m+fp/hard/crtend.o
LOAD /home/guirespi/st/stm32cubeide_1.15.1/plugins/com.st.stm32cube.ide.mcu.externaltools.gnu-tools-for-stm32.12.3.rel1.linux64_1.0.100.202403111256/tools/bin/../lib/gcc/arm-none-eabi/12.3.1/thumb/v7e-m+fp/hard/crtn.o
                0x20030000                        _estack = (ORIGIN (RAM) + LENGTH (RAM))
                0x00000200                        _Min_Heap_Size = 0x200
                0x00000400                        _Min_Stack_Size = 0x400

.isr_vector     0x08000000      0x1ac
                0x08000000                        . = ALIGN (0x4)
 *(.isr_vector)
 .isr_vector    0x08000000      0x1ac ./Core/Startup/startup_stm32f429zitx.o
                0x08000000                g_pfnVectors
                0x080001ac                        . = ALIGN (0x4)

.text           0x080001b0     0x43c4
                0x080001b0                        . = ALIGN (0x4)
 *(.text)
 .text          0x080001b0       0x40 /home/guirespi/st/stm32cubeide_1.15.1/plugins/com.st.stm32cube.ide.mcu.externaltools.gnu-tools-for-stm32.12.3.rel1.linux64_1.0.100.202403111256/tools/bin/../lib/gcc/arm-none-eabi/12.3.1/thumb/v7e-m+fp/hard/crtbegin.o
 .text          0x080001f0       0x10 /home/guirespi/st/stm32cubeide_1.15.1/plugins/com.st.stm32cube.ide.mcu.externaltools.gnu-tools-for-stm32.12.3.rel1.linux64_1.0.100.202403111256/tools/bin/../lib/gcc/arm-none-eabi/12.3.1/../../../../arm-none-eabi/lib/thumb/v7e-m+fp/hard/libc_nano.a(libc_a-strlen.o)
                0x080001f0                strlen
 .text          0x08000200       0xa0 /home/guirespi/st/stm32cubeide_1.15.1/plugins/com.st.stm32cube.ide.mcu.externaltools.gnu-tools-for-stm32.12.3.rel1.linux64_1.0.100.202403111256/tools/bin/../lib/gcc/arm-none-eabi/12.3.1/../../../../arm-none-eabi/lib/thumb/v7e-m+fp/hard/libc_nano.a(libc_a-memchr.o)
                0x08000200                memchr
 .text          0x080002a0       0x30 /home/guirespi/st/stm32cubeide_1.15.1/plugins/com.st.stm32cube.ide.mcu.externaltools.gnu-tools-for-stm32.12.3.rel1.linux64_1.0.100.202403111256/tools/bin/../lib/gcc/arm-none-eabi/12.3.1/thumb/v7e-m+fp/hard/libgcc.a(_aeabi_uldivmod.o)
                0x080002a0                __aeabi_uldivmod
 .text          0x080002d0      0x2bc /home/guirespi/st/stm32cubeide_1.15.1/plugins/com.st.stm32cube.ide.mcu.externaltools.gnu-tools-for-stm32.12.3.rel1.linux64_1.0.100.202403111256/tools/bin/../lib/gcc/arm-none-eabi/12.3.1/thumb/v7e-m+fp/hard/libgcc.a(_udivmoddi4.o)
                0x080002d0                __udivmoddi4
 .text          0x0800058c        0x4 /home/guirespi/st/stm32cubeide_1.15.1/plugins/com.st.stm32cube.ide.mcu.externaltools.gnu-tools-for-stm32.12.3.rel1.linux64_1.0.100.202403111256/tools/bin/../lib/gcc/arm-none-eabi/12.3.1/thumb/v7e-m+fp/hard/libgcc.a(_dvmd_tls.o)
                0x0800058c                __aeabi_ldiv0
                0x0800058c                __aeabi_idiv0
 *(.text*)
 .text.log_by_usart3
                0x08000590       0x28 ./Core/Src/main.o
 .text.main     0x080005b8      0x180 ./Core/Src/main.o
                0x080005b8                main
 .text.SystemClock_Config
                0x08000738       0xd4 ./Core/Src/main.o
                0x08000738                SystemClock_Config
 .text.MX_SPI1_Init
                0x0800080c       0x6c ./Core/Src/main.o
 .text.MX_USART2_UART_Init
                0x08000878       0x54 ./Core/Src/main.o
 .text.MX_USART3_UART_Init
                0x080008cc       0x54 ./Core/Src/main.o
 .text.MX_GPIO_Init
                0x08000920      0x220 ./Core/Src/main.o
 .text.Error_Handler
                0x08000b40        0xc ./Core/Src/main.o
                0x08000b40                Error_Handler
 .text.HAL_MspInit
                0x08000b4c       0x50 ./Core/Src/stm32f4xx_hal_msp.o
                0x08000b4c                HAL_MspInit
 .text.HAL_SPI_MspInit
                0x08000b9c       0xe0 ./Core/Src/stm32f4xx_hal_msp.o
                0x08000b9c                HAL_SPI_MspInit
 .text.HAL_UART_MspInit
                0x08000c7c      0x158 ./Core/Src/stm32f4xx_hal_msp.o
                0x08000c7c                HAL_UART_MspInit
 .text.NMI_Handler
                0x08000dd4        0x8 ./Core/Src/stm32f4xx_it.o
                0x08000dd4                NMI_Handler
 .text.HardFault_Handler
                0x08000ddc        0x8 ./Core/Src/stm32f4xx_it.o
                0x08000ddc                HardFault_Handler
 .text.MemManage_Handler
                0x08000de4        0x8 ./Core/Src/stm32f4xx_it.o
                0x08000de4                MemManage_Handler
 .text.BusFault_Handler
                0x08000dec        0x8 ./Core/Src/stm32f4xx_it.o
                0x08000dec                BusFault_Handler
 .text.UsageFault_Handler
                0x08000df4        0x8 ./Core/Src/stm32f4xx_it.o
                0x08000df4                UsageFault_Handler
 .text.SVC_Handler
                0x08000dfc        0xe ./Core/Src/stm32f4xx_it.o
                0x08000dfc                SVC_Handler
 .text.DebugMon_Handler
                0x08000e0a        0xe ./Core/Src/stm32f4xx_it.o
                0x08000e0a                DebugMon_Handler
 .text.PendSV_Handler
                0x08000e18        0xe ./Core/Src/stm32f4xx_it.o
                0x08000e18                PendSV_Handler
 .text.SysTick_Handler
                0x08000e26        0xc ./Core/Src/stm32f4xx_it.o
                0x08000e26                SysTick_Handler
 *fill*         0x08000e32        0x2 
 .text.SPI1_IRQHandler
                0x08000e34       0x14 ./Core/Src/stm32f4xx_it.o
                0x08000e34                SPI1_IRQHandler
 .text.USART2_IRQHandler
                0x08000e48       0x14 ./Core/Src/stm32f4xx_it.o
                0x08000e48                USART2_IRQHandler
 .text.USART3_IRQHandler
                0x08000e5c       0x14 ./Core/Src/stm32f4xx_it.o
                0x08000e5c                USART3_IRQHandler
 .text._sbrk    0x08000e70       0x6c ./Core/Src/sysmem.o
                0x08000e70                _sbrk
 .text.SystemInit
                0x08000edc       0x24 ./Core/Src/system_stm32f4xx.o
                0x08000edc                SystemInit
 .text.Reset_Handler
                0x08000f00       0x50 ./Core/Startup/startup_stm32f429zitx.o
                0x08000f00                Reset_Handler
 .text.Default_Handler
                0x08000f50        0x2 ./Core/Startup/startup_stm32f429zitx.o
                0x08000f50                RTC_Alarm_IRQHandler
                0x08000f50                HASH_RNG_IRQHandler
                0x08000f50                EXTI2_IRQHandler
                0x08000f50                TIM8_CC_IRQHandler
                0x08000f50                UART8_IRQHandler
                0x08000f50                SPI4_IRQHandler
                0x08000f50                TIM1_CC_IRQHandler
                0x08000f50                DMA2_Stream5_IRQHandler
                0x08000f50                DMA1_Stream5_IRQHandler
                0x08000f50                PVD_IRQHandler
                0x08000f50                SDIO_IRQHandler
                0x08000f50                TAMP_STAMP_IRQHandler
                0x08000f50                CAN2_RX1_IRQHandler
                0x08000f50                EXTI3_IRQHandler
                0x08000f50                TIM8_TRG_COM_TIM14_IRQHandler
                0x08000f50                TIM1_UP_TIM10_IRQHandler
                0x08000f50                TIM8_UP_TIM13_IRQHandler
                0x08000f50                I2C3_ER_IRQHandler
                0x08000f50                EXTI0_IRQHandler
                0x08000f50                I2C2_EV_IRQHandler
                0x08000f50                DMA1_Stream2_IRQHandler
                0x08000f50                CAN1_RX0_IRQHandler
                0x08000f50                FPU_IRQHandler
                0x08000f50                OTG_HS_WKUP_IRQHandler
                0x08000f50                LTDC_ER_IRQHandler
                0x08000f50                CAN2_SCE_IRQHandler
                0x08000f50                DMA2_Stream2_IRQHandler
                0x08000f50                TIM6_DAC_IRQHandler
                0x08000f50                TIM1_BRK_TIM9_IRQHandler
                0x08000f50                DCMI_IRQHandler
                0x08000f50                CAN2_RX0_IRQHandler
                0x08000f50                DMA2_Stream3_IRQHandler
                0x08000f50                USART6_IRQHandler
                0x08000f50                CAN1_RX1_IRQHandler
                0x08000f50                UART5_IRQHandler
                0x08000f50                DMA2_Stream0_IRQHandler
                0x08000f50                TIM4_IRQHandler
                0x08000f50                I2C1_EV_IRQHandler
                0x08000f50                DMA1_Stream6_IRQHandler
                0x08000f50                DMA1_Stream1_IRQHandler
                0x08000f50                UART4_IRQHandler
                0x08000f50                TIM3_IRQHandler
                0x08000f50                RCC_IRQHandler
                0x08000f50                TIM8_BRK_TIM12_IRQHandler
                0x08000f50                Default_Handler
                0x08000f50                EXTI15_10_IRQHandler
                0x08000f50                ADC_IRQHandler
                0x08000f50                DMA1_Stream7_IRQHandler
                0x08000f50                SPI5_IRQHandler
                0x08000f50                TIM7_IRQHandler
                0x08000f50                CAN2_TX_IRQHandler
                0x08000f50                TIM5_IRQHandler
                0x08000f50                DMA2_Stream7_IRQHandler
                0x08000f50                I2C3_EV_IRQHandler
                0x08000f50                EXTI9_5_IRQHandler
                0x08000f50                RTC_WKUP_IRQHandler
                0x08000f50                LTDC_IRQHandler
                0x08000f50                ETH_WKUP_IRQHandler
                0x08000f50                SPI2_IRQHandler
                0x08000f50                OTG_HS_EP1_IN_IRQHandler
                0x08000f50                DMA1_Stream0_IRQHandler
                0x08000f50                CAN1_TX_IRQHandler
                0x08000f50                EXTI4_IRQHandler
                0x08000f50                ETH_IRQHandler
                0x08000f50                OTG_HS_EP1_OUT_IRQHandler
                0x08000f50                WWDG_IRQHandler
                0x08000f50                SPI6_IRQHandler
                0x08000f50                TIM2_IRQHandler
                0x08000f50                OTG_FS_WKUP_IRQHandler
                0x08000f50                TIM1_TRG_COM_TIM11_IRQHandler
                0x08000f50                OTG_HS_IRQHandler
                0x08000f50                DMA2D_IRQHandler
                0x08000f50                EXTI1_IRQHandler
                0x08000f50                UART7_IRQHandler
                0x08000f50                I2C2_ER_IRQHandler
                0x08000f50                DMA2_Stream1_IRQHandler
                0x08000f50                CAN1_SCE_IRQHandler
                0x08000f50                FLASH_IRQHandler
                0x08000f50                DMA2_Stream4_IRQHandler
                0x08000f50                USART1_IRQHandler
                0x08000f50                OTG_FS_IRQHandler
                0x08000f50                SPI3_IRQHandler
                0x08000f50                DMA1_Stream4_IRQHandler
                0x08000f50                I2C1_ER_IRQHandler
                0x08000f50                FMC_IRQHandler
                0x08000f50                DMA2_Stream6_IRQHandler
                0x08000f50                SAI1_IRQHandler
                0x08000f50                DMA1_Stream3_IRQHandler
 .text.console_copy_console_buffer_to_user_buffer
                0x08000f52       0x2e ./Drivers/API/API_console/arch/arm/console_arch_common.o
 .text.console_timeout_start
                0x08000f80       0x2c ./Drivers/API/API_console/arch/arm/console_arch_common.o
 .text.console_timeout_read
                0x08000fac       0x48 ./Drivers/API/API_console/arch/arm/console_arch_common.o
 .text.HAL_UART_RxCpltCallback
                0x08000ff4       0x84 ./Drivers/API/API_console/arch/arm/console_arch_common.o
                0x08000ff4                HAL_UART_RxCpltCallback
 .text.console_arch_common_comm_channel_init
                0x08001078       0x88 ./Drivers/API/API_console/arch/arm/console_arch_common.o
                0x08001078                console_arch_common_comm_channel_init
 .text.console_arch_common_comm_channel_send
                0x08001100       0x4c ./Drivers/API/API_console/arch/arm/console_arch_common.o
                0x08001100                console_arch_common_comm_channel_send
 .text.console_arch_common_comm_channel_receive
                0x0800114c      0x100 ./Drivers/API/API_console/arch/arm/console_arch_common.o
                0x0800114c                console_arch_common_comm_channel_receive
 .text.console_init
                0x0800124c       0x20 ./Drivers/API/API_console/src/API_console.o
                0x0800124c                console_init
 .text.console_send_data
                0x0800126c       0x20 ./Drivers/API/API_console/src/API_console.o
                0x0800126c                console_send_data
 .text.console_recv_data
                0x0800128c       0x1c ./Drivers/API/API_console/src/API_console.o
                0x0800128c                console_recv_data
 .text.log_arch_common_timestamp
                0x080012a8        0xe ./Drivers/API/API_log/arch/arm/log_arch_common.o
                0x080012a8                log_arch_common_timestamp
 *fill*         0x080012b6        0x2 
 .text.log_write_s
                0x080012b8       0x58 ./Drivers/API/API_log/src/API_log.o
 .text.log_set_transmit_function
                0x08001310       0x20 ./Drivers/API/API_log/src/API_log.o
                0x08001310                log_set_transmit_function
 .text.log_buffer_hexdump
                0x08001330      0x1ec ./Drivers/API/API_log/src/API_log.o
                0x08001330                log_buffer_hexdump
 .text.log_write
                0x0800151c       0x2a ./Drivers/API/API_log/src/API_log.o
                0x0800151c                log_write
 .text.log_timestamp
                0x08001546        0xe ./Drivers/API/API_log/src/API_log.o
                0x08001546                log_timestamp
 .text.HAL_Init
                0x08001554       0x44 ./Drivers/STM32F4xx_HAL_Driver/Src/stm32f4xx_hal.o
                0x08001554                HAL_Init
 .text.HAL_InitTick
                0x08001598       0x60 ./Drivers/STM32F4xx_HAL_Driver/Src/stm32f4xx_hal.o
                0x08001598                HAL_InitTick
 .text.HAL_IncTick
                0x080015f8       0x28 ./Drivers/STM32F4xx_HAL_Driver/Src/stm32f4xx_hal.o
                0x080015f8                HAL_IncTick
 .text.HAL_GetTick
                0x08001620       0x18 ./Drivers/STM32F4xx_HAL_Driver/Src/stm32f4xx_hal.o
                0x08001620                HAL_GetTick
 .text.__NVIC_SetPriorityGrouping
                0x08001638       0x48 ./Drivers/STM32F4xx_HAL_Driver/Src/stm32f4xx_hal_cortex.o
 .text.__NVIC_GetPriorityGrouping
                0x08001680       0x1c ./Drivers/STM32F4xx_HAL_Driver/Src/stm32f4xx_hal_cortex.o
 .text.__NVIC_EnableIRQ
                0x0800169c       0x3c ./Drivers/STM32F4xx_HAL_Driver/Src/stm32f4xx_hal_cortex.o
 .text.__NVIC_SetPriority
                0x080016d8       0x54 ./Drivers/STM32F4xx_HAL_Driver/Src/stm32f4xx_hal_cortex.o
 .text.NVIC_EncodePriority
                0x0800172c       0x66 ./Drivers/STM32F4xx_HAL_Driver/Src/stm32f4xx_hal_cortex.o
 *fill*         0x08001792        0x2 
 .text.SysTick_Config
                0x08001794       0x44 ./Drivers/STM32F4xx_HAL_Driver/Src/stm32f4xx_hal_cortex.o
 .text.HAL_NVIC_SetPriorityGrouping
                0x080017d8       0x16 ./Drivers/STM32F4xx_HAL_Driver/Src/stm32f4xx_hal_cortex.o
                0x080017d8                HAL_NVIC_SetPriorityGrouping
 .text.HAL_NVIC_SetPriority
                0x080017ee       0x38 ./Drivers/STM32F4xx_HAL_Driver/Src/stm32f4xx_hal_cortex.o
                0x080017ee                HAL_NVIC_SetPriority
 .text.HAL_NVIC_EnableIRQ
                0x08001826       0x1c ./Drivers/STM32F4xx_HAL_Driver/Src/stm32f4xx_hal_cortex.o
                0x08001826                HAL_NVIC_EnableIRQ
 .text.HAL_SYSTICK_Config
                0x08001842       0x18 ./Drivers/STM32F4xx_HAL_Driver/Src/stm32f4xx_hal_cortex.o
                0x08001842                HAL_SYSTICK_Config
 .text.HAL_DMA_Abort
                0x0800185a       0xe0 ./Drivers/STM32F4xx_HAL_Driver/Src/stm32f4xx_hal_dma.o
                0x0800185a                HAL_DMA_Abort
 .text.HAL_DMA_Abort_IT
                0x0800193a       0x44 ./Drivers/STM32F4xx_HAL_Driver/Src/stm32f4xx_hal_dma.o
                0x0800193a                HAL_DMA_Abort_IT
 *fill*         0x0800197e        0x2 
 .text.HAL_GPIO_Init
                0x08001980      0x358 ./Drivers/STM32F4xx_HAL_Driver/Src/stm32f4xx_hal_gpio.o
                0x08001980                HAL_GPIO_Init
 .text.HAL_GPIO_WritePin
                0x08001cd8       0x32 ./Drivers/STM32F4xx_HAL_Driver/Src/stm32f4xx_hal_gpio.o
                0x08001cd8                HAL_GPIO_WritePin
 *fill*         0x08001d0a        0x2 
 .text.HAL_RCC_OscConfig
                0x08001d0c      0x4f0 ./Drivers/STM32F4xx_HAL_Driver/Src/stm32f4xx_hal_rcc.o
                0x08001d0c                HAL_RCC_OscConfig
 .text.HAL_RCC_ClockConfig
                0x080021fc      0x1cc ./Drivers/STM32F4xx_HAL_Driver/Src/stm32f4xx_hal_rcc.o
                0x080021fc                HAL_RCC_ClockConfig
 .text.HAL_RCC_GetSysClockFreq
                0x080023c8      0x20c ./Drivers/STM32F4xx_HAL_Driver/Src/stm32f4xx_hal_rcc.o
                0x080023c8                HAL_RCC_GetSysClockFreq
 .text.HAL_RCC_GetHCLKFreq
                0x080025d4       0x18 ./Drivers/STM32F4xx_HAL_Driver/Src/stm32f4xx_hal_rcc.o
                0x080025d4                HAL_RCC_GetHCLKFreq
 .text.HAL_RCC_GetPCLK1Freq
                0x080025ec       0x28 ./Drivers/STM32F4xx_HAL_Driver/Src/stm32f4xx_hal_rcc.o
                0x080025ec                HAL_RCC_GetPCLK1Freq
 .text.HAL_RCC_GetPCLK2Freq
                0x08002614       0x28 ./Drivers/STM32F4xx_HAL_Driver/Src/stm32f4xx_hal_rcc.o
                0x08002614                HAL_RCC_GetPCLK2Freq
 .text.HAL_SPI_Init
                0x0800263c      0x112 ./Drivers/STM32F4xx_HAL_Driver/Src/stm32f4xx_hal_spi.o
                0x0800263c                HAL_SPI_Init
 *fill*         0x0800274e        0x2 
 .text.HAL_SPI_IRQHandler
                0x08002750      0x1e8 ./Drivers/STM32F4xx_HAL_Driver/Src/stm32f4xx_hal_spi.o
                0x08002750                HAL_SPI_IRQHandler
 .text.HAL_SPI_ErrorCallback
                0x08002938       0x14 ./Drivers/STM32F4xx_HAL_Driver/Src/stm32f4xx_hal_spi.o
                0x08002938                HAL_SPI_ErrorCallback
 .text.SPI_DMAAbortOnError
                0x0800294c       0x28 ./Drivers/STM32F4xx_HAL_Driver/Src/stm32f4xx_hal_spi.o
 .text.HAL_UART_Init
                0x08002974       0xa0 ./Drivers/STM32F4xx_HAL_Driver/Src/stm32f4xx_hal_uart.o
                0x08002974                HAL_UART_Init
 .text.HAL_UART_Transmit
                0x08002a14      0x116 ./Drivers/STM32F4xx_HAL_Driver/Src/stm32f4xx_hal_uart.o
                0x08002a14                HAL_UART_Transmit
 .text.HAL_UART_Receive_IT
                0x08002b2a       0x4a ./Drivers/STM32F4xx_HAL_Driver/Src/stm32f4xx_hal_uart.o
                0x08002b2a                HAL_UART_Receive_IT
 .text.HAL_UART_AbortReceive_IT
                0x08002b74      0x164 ./Drivers/STM32F4xx_HAL_Driver/Src/stm32f4xx_hal_uart.o
                0x08002b74                HAL_UART_AbortReceive_IT
 .text.HAL_UART_IRQHandler
                0x08002cd8      0x524 ./Drivers/STM32F4xx_HAL_Driver/Src/stm32f4xx_hal_uart.o
                0x08002cd8                HAL_UART_IRQHandler
 .text.HAL_UART_TxCpltCallback
                0x080031fc       0x14 ./Drivers/STM32F4xx_HAL_Driver/Src/stm32f4xx_hal_uart.o
                0x080031fc                HAL_UART_TxCpltCallback
 .text.HAL_UART_ErrorCallback
                0x08003210       0x14 ./Drivers/STM32F4xx_HAL_Driver/Src/stm32f4xx_hal_uart.o
                0x08003210                HAL_UART_ErrorCallback
 .text.HAL_UART_AbortReceiveCpltCallback
                0x08003224       0x14 ./Drivers/STM32F4xx_HAL_Driver/Src/stm32f4xx_hal_uart.o
                0x08003224                HAL_UART_AbortReceiveCpltCallback
 .text.HAL_UARTEx_RxEventCallback
                0x08003238       0x18 ./Drivers/STM32F4xx_HAL_Driver/Src/stm32f4xx_hal_uart.o
                0x08003238                HAL_UARTEx_RxEventCallback
 .text.UART_WaitOnFlagUntilTimeout
                0x08003250       0xb2 ./Drivers/STM32F4xx_HAL_Driver/Src/stm32f4xx_hal_uart.o
 .text.UART_Start_Receive_IT
                0x08003302       0x74 ./Drivers/STM32F4xx_HAL_Driver/Src/stm32f4xx_hal_uart.o
                0x08003302                UART_Start_Receive_IT
 .text.UART_EndRxTransfer
                0x08003376       0xc6 ./Drivers/STM32F4xx_HAL_Driver/Src/stm32f4xx_hal_uart.o
 .text.UART_DMAAbortOnError
                0x0800343c       0x28 ./Drivers/STM32F4xx_HAL_Driver/Src/stm32f4xx_hal_uart.o
 .text.UART_DMARxOnlyAbortCallback
                0x08003464       0x30 ./Drivers/STM32F4xx_HAL_Driver/Src/stm32f4xx_hal_uart.o
 .text.UART_Transmit_IT
                0x08003494       0xa0 ./Drivers/STM32F4xx_HAL_Driver/Src/stm32f4xx_hal_uart.o
 .text.UART_EndTransmit_IT
                0x08003534       0x30 ./Drivers/STM32F4xx_HAL_Driver/Src/stm32f4xx_hal_uart.o
 .text.UART_Receive_IT
                0x08003564      0x17c ./Drivers/STM32F4xx_HAL_Driver/Src/stm32f4xx_hal_uart.o
 .text.UART_SetConfig
                0x080036e0      0x4e8 ./Drivers/STM32F4xx_HAL_Driver/Src/stm32f4xx_hal_uart.o
 .text.free     0x08003bc8       0x10 /home/guirespi/st/stm32cubeide_1.15.1/plugins/com.st.stm32cube.ide.mcu.externaltools.gnu-tools-for-stm32.12.3.rel1.linux64_1.0.100.202403111256/tools/bin/../lib/gcc/arm-none-eabi/12.3.1/../../../../arm-none-eabi/lib/thumb/v7e-m+fp/hard/libc_nano.a(libc_a-malloc.o)
                0x08003bc8                free
 .text.sbrk_aligned
                0x08003bd8       0x44 /home/guirespi/st/stm32cubeide_1.15.1/plugins/com.st.stm32cube.ide.mcu.externaltools.gnu-tools-for-stm32.12.3.rel1.linux64_1.0.100.202403111256/tools/bin/../lib/gcc/arm-none-eabi/12.3.1/../../../../arm-none-eabi/lib/thumb/v7e-m+fp/hard/libc_nano.a(libc_a-mallocr.o)
 .text._malloc_r
                0x08003c1c      0x100 /home/guirespi/st/stm32cubeide_1.15.1/plugins/com.st.stm32cube.ide.mcu.externaltools.gnu-tools-for-stm32.12.3.rel1.linux64_1.0.100.202403111256/tools/bin/../lib/gcc/arm-none-eabi/12.3.1/../../../../arm-none-eabi/lib/thumb/v7e-m+fp/hard/libc_nano.a(libc_a-mallocr.o)
                0x08003c1c                _malloc_r
 .text.__malloc_lock
                0x08003d1c        0xc /home/guirespi/st/stm32cubeide_1.15.1/plugins/com.st.stm32cube.ide.mcu.externaltools.gnu-tools-for-stm32.12.3.rel1.linux64_1.0.100.202403111256/tools/bin/../lib/gcc/arm-none-eabi/12.3.1/../../../../arm-none-eabi/lib/thumb/v7e-m+fp/hard/libc_nano.a(libc_a-mlock.o)
                0x08003d1c                __malloc_lock
 .text.__malloc_unlock
                0x08003d28        0xc /home/guirespi/st/stm32cubeide_1.15.1/plugins/com.st.stm32cube.ide.mcu.externaltools.gnu-tools-for-stm32.12.3.rel1.linux64_1.0.100.202403111256/tools/bin/../lib/gcc/arm-none-eabi/12.3.1/../../../../arm-none-eabi/lib/thumb/v7e-m+fp/hard/libc_nano.a(libc_a-mlock.o)
                0x08003d28                __malloc_unlock
 .text.sprintf  0x08003d34       0x40 /home/guirespi/st/stm32cubeide_1.15.1/plugins/com.st.stm32cube.ide.mcu.externaltools.gnu-tools-for-stm32.12.3.rel1.linux64_1.0.100.202403111256/tools/bin/../lib/gcc/arm-none-eabi/12.3.1/../../../../arm-none-eabi/lib/thumb/v7e-m+fp/hard/libc_nano.a(libc_a-sprintf.o)
                0x08003d34                sprintf
                0x08003d34                siprintf
 .text._vasprintf_r
                0x08003d74       0x30 /home/guirespi/st/stm32cubeide_1.15.1/plugins/com.st.stm32cube.ide.mcu.externaltools.gnu-tools-for-stm32.12.3.rel1.linux64_1.0.100.202403111256/tools/bin/../lib/gcc/arm-none-eabi/12.3.1/../../../../arm-none-eabi/lib/thumb/v7e-m+fp/hard/libc_nano.a(libc_a-vasprintf.o)
                0x08003d74                _vasiprintf_r
                0x08003d74                _vasprintf_r
 .text.vasprintf
                0x08003da4       0x14 /home/guirespi/st/stm32cubeide_1.15.1/plugins/com.st.stm32cube.ide.mcu.externaltools.gnu-tools-for-stm32.12.3.rel1.linux64_1.0.100.202403111256/tools/bin/../lib/gcc/arm-none-eabi/12.3.1/../../../../arm-none-eabi/lib/thumb/v7e-m+fp/hard/libc_nano.a(libc_a-vasprintf.o)
                0x08003da4                vasiprintf
                0x08003da4                vasprintf
 .text.memset   0x08003db8       0x10 /home/guirespi/st/stm32cubeide_1.15.1/plugins/com.st.stm32cube.ide.mcu.externaltools.gnu-tools-for-stm32.12.3.rel1.linux64_1.0.100.202403111256/tools/bin/../lib/gcc/arm-none-eabi/12.3.1/../../../../arm-none-eabi/lib/thumb/v7e-m+fp/hard/libc_nano.a(libc_a-memset.o)
                0x08003db8                memset
 .text._sbrk_r  0x08003dc8       0x20 /home/guirespi/st/stm32cubeide_1.15.1/plugins/com.st.stm32cube.ide.mcu.externaltools.gnu-tools-for-stm32.12.3.rel1.linux64_1.0.100.202403111256/tools/bin/../lib/gcc/arm-none-eabi/12.3.1/../../../../arm-none-eabi/lib/thumb/v7e-m+fp/hard/libc_nano.a(libc_a-sbrkr.o)
                0x08003dc8                _sbrk_r
 .text.__errno  0x08003de8        0xc /home/guirespi/st/stm32cubeide_1.15.1/plugins/com.st.stm32cube.ide.mcu.externaltools.gnu-tools-for-stm32.12.3.rel1.linux64_1.0.100.202403111256/tools/bin/../lib/gcc/arm-none-eabi/12.3.1/../../../../arm-none-eabi/lib/thumb/v7e-m+fp/hard/libc_nano.a(libc_a-errno.o)
                0x08003de8                __errno
 .text.__libc_init_array
                0x08003df4       0x48 /home/guirespi/st/stm32cubeide_1.15.1/plugins/com.st.stm32cube.ide.mcu.externaltools.gnu-tools-for-stm32.12.3.rel1.linux64_1.0.100.202403111256/tools/bin/../lib/gcc/arm-none-eabi/12.3.1/../../../../arm-none-eabi/lib/thumb/v7e-m+fp/hard/libc_nano.a(libc_a-init.o)
                0x08003df4                __libc_init_array
 .text.__retarget_lock_acquire_recursive
                0x08003e3c        0x2 /home/guirespi/st/stm32cubeide_1.15.1/plugins/com.st.stm32cube.ide.mcu.externaltools.gnu-tools-for-stm32.12.3.rel1.linux64_1.0.100.202403111256/tools/bin/../lib/gcc/arm-none-eabi/12.3.1/../../../../arm-none-eabi/lib/thumb/v7e-m+fp/hard/libc_nano.a(libc_a-lock.o)
                0x08003e3c                __retarget_lock_acquire_recursive
 .text.__retarget_lock_release_recursive
                0x08003e3e        0x2 /home/guirespi/st/stm32cubeide_1.15.1/plugins/com.st.stm32cube.ide.mcu.externaltools.gnu-tools-for-stm32.12.3.rel1.linux64_1.0.100.202403111256/tools/bin/../lib/gcc/arm-none-eabi/12.3.1/../../../../arm-none-eabi/lib/thumb/v7e-m+fp/hard/libc_nano.a(libc_a-lock.o)
                0x08003e3e                __retarget_lock_release_recursive
 .text.memcpy   0x08003e40       0x1c /home/guirespi/st/stm32cubeide_1.15.1/plugins/com.st.stm32cube.ide.mcu.externaltools.gnu-tools-for-stm32.12.3.rel1.linux64_1.0.100.202403111256/tools/bin/../lib/gcc/arm-none-eabi/12.3.1/../../../../arm-none-eabi/lib/thumb/v7e-m+fp/hard/libc_nano.a(libc_a-memcpy-stub.o)
                0x08003e40                memcpy
 .text._free_r  0x08003e5c       0x94 /home/guirespi/st/stm32cubeide_1.15.1/plugins/com.st.stm32cube.ide.mcu.externaltools.gnu-tools-for-stm32.12.3.rel1.linux64_1.0.100.202403111256/tools/bin/../lib/gcc/arm-none-eabi/12.3.1/../../../../arm-none-eabi/lib/thumb/v7e-m+fp/hard/libc_nano.a(libc_a-freer.o)
                0x08003e5c                _free_r
 .text.__ssputs_r
                0x08003ef0       0xb6 /home/guirespi/st/stm32cubeide_1.15.1/plugins/com.st.stm32cube.ide.mcu.externaltools.gnu-tools-for-stm32.12.3.rel1.linux64_1.0.100.202403111256/tools/bin/../lib/gcc/arm-none-eabi/12.3.1/../../../../arm-none-eabi/lib/thumb/v7e-m+fp/hard/libc_nano.a(libc_a-nano-svfprintf.o)
                0x08003ef0                __ssputs_r
 *fill*         0x08003fa6        0x2 
 .text._svfprintf_r
                0x08003fa8      0x1f8 /home/guirespi/st/stm32cubeide_1.15.1/plugins/com.st.stm32cube.ide.mcu.externaltools.gnu-tools-for-stm32.12.3.rel1.linux64_1.0.100.202403111256/tools/bin/../lib/gcc/arm-none-eabi/12.3.1/../../../../arm-none-eabi/lib/thumb/v7e-m+fp/hard/libc_nano.a(libc_a-nano-svfprintf.o)
                0x08003fa8                _svfprintf_r
                0x08003fa8                _svfiprintf_r
 .text._printf_common
                0x080041a0       0xda /home/guirespi/st/stm32cubeide_1.15.1/plugins/com.st.stm32cube.ide.mcu.externaltools.gnu-tools-for-stm32.12.3.rel1.linux64_1.0.100.202403111256/tools/bin/../lib/gcc/arm-none-eabi/12.3.1/../../../../arm-none-eabi/lib/thumb/v7e-m+fp/hard/libc_nano.a(libc_a-nano-vfprintf_i.o)
                0x080041a0                _printf_common
 *fill*         0x0800427a        0x2 
 .text._printf_i
                0x0800427c      0x240 /home/guirespi/st/stm32cubeide_1.15.1/plugins/com.st.stm32cube.ide.mcu.externaltools.gnu-tools-for-stm32.12.3.rel1.linux64_1.0.100.202403111256/tools/bin/../lib/gcc/arm-none-eabi/12.3.1/../../../../arm-none-eabi/lib/thumb/v7e-m+fp/hard/libc_nano.a(libc_a-nano-vfprintf_i.o)
                0x0800427c                _printf_i
 .text.memmove  0x080044bc       0x34 /home/guirespi/st/stm32cubeide_1.15.1/plugins/com.st.stm32cube.ide.mcu.externaltools.gnu-tools-for-stm32.12.3.rel1.linux64_1.0.100.202403111256/tools/bin/../lib/gcc/arm-none-eabi/12.3.1/../../../../arm-none-eabi/lib/thumb/v7e-m+fp/hard/libc_nano.a(libc_a-memmove.o)
                0x080044bc                memmove
 .text._realloc_r
                0x080044f0       0x5c /home/guirespi/st/stm32cubeide_1.15.1/plugins/com.st.stm32cube.ide.mcu.externaltools.gnu-tools-for-stm32.12.3.rel1.linux64_1.0.100.202403111256/tools/bin/../lib/gcc/arm-none-eabi/12.3.1/../../../../arm-none-eabi/lib/thumb/v7e-m+fp/hard/libc_nano.a(libc_a-reallocr.o)
                0x080044f0                _realloc_r
 .text._malloc_usable_size_r
                0x0800454c       0x10 /home/guirespi/st/stm32cubeide_1.15.1/plugins/com.st.stm32cube.ide.mcu.externaltools.gnu-tools-for-stm32.12.3.rel1.linux64_1.0.100.202403111256/tools/bin/../lib/gcc/arm-none-eabi/12.3.1/../../../../arm-none-eabi/lib/thumb/v7e-m+fp/hard/libc_nano.a(libc_a-msizer.o)
                0x0800454c                _malloc_usable_size_r
 *(.glue_7)
 .glue_7        0x0800455c        0x0 linker stubs
 *(.glue_7t)
 .glue_7t       0x0800455c        0x0 linker stubs
 *(.eh_frame)
 .eh_frame      0x0800455c        0x0 /home/guirespi/st/stm32cubeide_1.15.1/plugins/com.st.stm32cube.ide.mcu.externaltools.gnu-tools-for-stm32.12.3.rel1.linux64_1.0.100.202403111256/tools/bin/../lib/gcc/arm-none-eabi/12.3.1/thumb/v7e-m+fp/hard/crtbegin.o
 *(.init)
 .init          0x0800455c        0x4 /home/guirespi/st/stm32cubeide_1.15.1/plugins/com.st.stm32cube.ide.mcu.externaltools.gnu-tools-for-stm32.12.3.rel1.linux64_1.0.100.202403111256/tools/bin/../lib/gcc/arm-none-eabi/12.3.1/thumb/v7e-m+fp/hard/crti.o
                0x0800455c                _init
 .init          0x08004560        0x8 /home/guirespi/st/stm32cubeide_1.15.1/plugins/com.st.stm32cube.ide.mcu.externaltools.gnu-tools-for-stm32.12.3.rel1.linux64_1.0.100.202403111256/tools/bin/../lib/gcc/arm-none-eabi/12.3.1/thumb/v7e-m+fp/hard/crtn.o
 *(.fini)
 .fini          0x08004568        0x4 /home/guirespi/st/stm32cubeide_1.15.1/plugins/com.st.stm32cube.ide.mcu.externaltools.gnu-tools-for-stm32.12.3.rel1.linux64_1.0.100.202403111256/tools/bin/../lib/gcc/arm-none-eabi/12.3.1/thumb/v7e-m+fp/hard/crti.o
                0x08004568                _fini
 .fini          0x0800456c        0x8 /home/guirespi/st/stm32cubeide_1.15.1/plugins/com.st.stm32cube.ide.mcu.externaltools.gnu-tools-for-stm32.12.3.rel1.linux64_1.0.100.202403111256/tools/bin/../lib/gcc/arm-none-eabi/12.3.1/thumb/v7e-m+fp/hard/crtn.o
                0x08004574                        . = ALIGN (0x4)
                0x08004574                        _etext = .

.vfp11_veneer   0x08004574        0x0
 .vfp11_veneer  0x08004574        0x0 linker stubs

.v4_bx          0x08004574        0x0
 .v4_bx         0x08004574        0x0 linker stubs

.iplt           0x08004574        0x0
 .iplt          0x08004574        0x0 /home/guirespi/st/stm32cubeide_1.15.1/plugins/com.st.stm32cube.ide.mcu.externaltools.gnu-tools-for-stm32.12.3.rel1.linux64_1.0.100.202403111256/tools/bin/../lib/gcc/arm-none-eabi/12.3.1/thumb/v7e-m+fp/hard/crtbegin.o

.rodata         0x08004574      0x228
                0x08004574                        . = ALIGN (0x4)
 *(.rodata)
 .rodata        0x08004574       0x64 ./Core/Src/main.o
 .rodata        0x080045d8       0x77 ./Drivers/API/API_log/src/API_log.o
 *(.rodata*)
 *fill*         0x0800464f        0x1 
 .rodata.AHBPrescTable
                0x08004650       0x10 ./Core/Src/system_stm32f4xx.o
                0x08004650                AHBPrescTable
 .rodata.APBPrescTable
                0x08004660        0x8 ./Core/Src/system_stm32f4xx.o
                0x08004660                APBPrescTable
 .rodata._ctype_
                0x08004668      0x101 /home/guirespi/st/stm32cubeide_1.15.1/plugins/com.st.stm32cube.ide.mcu.externaltools.gnu-tools-for-stm32.12.3.rel1.linux64_1.0.100.202403111256/tools/bin/../lib/gcc/arm-none-eabi/12.3.1/../../../../arm-none-eabi/lib/thumb/v7e-m+fp/hard/libc_nano.a(libc_a-ctype_.o)
                0x08004668                _ctype_
 .rodata._svfprintf_r.str1.1
                0x08004769       0x11 /home/guirespi/st/stm32cubeide_1.15.1/plugins/com.st.stm32cube.ide.mcu.externaltools.gnu-tools-for-stm32.12.3.rel1.linux64_1.0.100.202403111256/tools/bin/../lib/gcc/arm-none-eabi/12.3.1/../../../../arm-none-eabi/lib/thumb/v7e-m+fp/hard/libc_nano.a(libc_a-nano-svfprintf.o)
 .rodata._printf_i.str1.1
                0x0800477a       0x22 /home/guirespi/st/stm32cubeide_1.15.1/plugins/com.st.stm32cube.ide.mcu.externaltools.gnu-tools-for-stm32.12.3.rel1.linux64_1.0.100.202403111256/tools/bin/../lib/gcc/arm-none-eabi/12.3.1/../../../../arm-none-eabi/lib/thumb/v7e-m+fp/hard/libc_nano.a(libc_a-nano-vfprintf_i.o)
                0x0800479c                        . = ALIGN (0x4)

.ARM.extab      0x0800479c        0x0
                0x0800479c                        . = ALIGN (0x4)
 *(.ARM.extab* .gnu.linkonce.armextab.*)
                0x0800479c                        . = ALIGN (0x4)

.ARM            0x0800479c        0x8
                0x0800479c                        . = ALIGN (0x4)
                0x0800479c                        __exidx_start = .
 *(.ARM.exidx*)
 .ARM.exidx     0x0800479c        0x8 /home/guirespi/st/stm32cubeide_1.15.1/plugins/com.st.stm32cube.ide.mcu.externaltools.gnu-tools-for-stm32.12.3.rel1.linux64_1.0.100.202403111256/tools/bin/../lib/gcc/arm-none-eabi/12.3.1/../../../../arm-none-eabi/lib/thumb/v7e-m+fp/hard/libc_nano.a(libc_a-strlen.o)
 .ARM.exidx     0x080047a4        0x0 /home/guirespi/st/stm32cubeide_1.15.1/plugins/com.st.stm32cube.ide.mcu.externaltools.gnu-tools-for-stm32.12.3.rel1.linux64_1.0.100.202403111256/tools/bin/../lib/gcc/arm-none-eabi/12.3.1/../../../../arm-none-eabi/lib/thumb/v7e-m+fp/hard/libc_nano.a(libc_a-memchr.o)
                                  0x8 (size before relaxing)
 .ARM.exidx     0x080047a4        0x0 /home/guirespi/st/stm32cubeide_1.15.1/plugins/com.st.stm32cube.ide.mcu.externaltools.gnu-tools-for-stm32.12.3.rel1.linux64_1.0.100.202403111256/tools/bin/../lib/gcc/arm-none-eabi/12.3.1/thumb/v7e-m+fp/hard/libgcc.a(_udivmoddi4.o)
                                  0x8 (size before relaxing)
                0x080047a4                        __exidx_end = .
                0x080047a4                        . = ALIGN (0x4)

.preinit_array  0x080047a4        0x0
                0x080047a4                        . = ALIGN (0x4)
                0x080047a4                        PROVIDE (__preinit_array_start = .)
 *(.preinit_array*)
                0x080047a4                        PROVIDE (__preinit_array_end = .)
                0x080047a4                        . = ALIGN (0x4)

.init_array     0x080047a4        0x4
                0x080047a4                        . = ALIGN (0x4)
                0x080047a4                        PROVIDE (__init_array_start = .)
 *(SORT_BY_NAME(.init_array.*))
 *(.init_array*)
 .init_array    0x080047a4        0x4 /home/guirespi/st/stm32cubeide_1.15.1/plugins/com.st.stm32cube.ide.mcu.externaltools.gnu-tools-for-stm32.12.3.rel1.linux64_1.0.100.202403111256/tools/bin/../lib/gcc/arm-none-eabi/12.3.1/thumb/v7e-m+fp/hard/crtbegin.o
                0x080047a8                        PROVIDE (__init_array_end = .)
                0x080047a8                        . = ALIGN (0x4)

.fini_array     0x080047a8        0x4
                0x080047a8                        . = ALIGN (0x4)
                [!provide]                        PROVIDE (__fini_array_start = .)
 *(SORT_BY_NAME(.fini_array.*))
 *(.fini_array*)
 .fini_array    0x080047a8        0x4 /home/guirespi/st/stm32cubeide_1.15.1/plugins/com.st.stm32cube.ide.mcu.externaltools.gnu-tools-for-stm32.12.3.rel1.linux64_1.0.100.202403111256/tools/bin/../lib/gcc/arm-none-eabi/12.3.1/thumb/v7e-m+fp/hard/crtbegin.o
                [!provide]                        PROVIDE (__fini_array_end = .)
                0x080047ac                        . = ALIGN (0x4)
                0x080047ac                        _sidata = LOADADDR (.data)

.rel.dyn        0x080047ac        0x0
 .rel.iplt      0x080047ac        0x0 /home/guirespi/st/stm32cubeide_1.15.1/plugins/com.st.stm32cube.ide.mcu.externaltools.gnu-tools-for-stm32.12.3.rel1.linux64_1.0.100.202403111256/tools/bin/../lib/gcc/arm-none-eabi/12.3.1/thumb/v7e-m+fp/hard/crtbegin.o

.data           0x20000000       0x64 load address 0x080047ac
                0x20000000                        . = ALIGN (0x4)
                0x20000000                        _sdata = .
 *(.data)
 *(.data*)
 .data.tag      0x20000000        0x4 ./Core/Src/main.o
                0x20000000                tag
 .data.SystemCoreClock
                0x20000004        0x4 ./Core/Src/system_stm32f4xx.o
                0x20000004                SystemCoreClock
 .data.console_state
                0x20000008        0x1 ./Drivers/API/API_console/src/API_console.o
 *fill*         0x20000009        0x3 
 .data.uwTickPrio
                0x2000000c        0x4 ./Drivers/STM32F4xx_HAL_Driver/Src/stm32f4xx_hal.o
                0x2000000c                uwTickPrio
 .data.uwTickFreq
                0x20000010        0x1 ./Drivers/STM32F4xx_HAL_Driver/Src/stm32f4xx_hal.o
                0x20000010                uwTickFreq
 *fill*         0x20000011        0x3 
 .data._impure_ptr
                0x20000014        0x4 /home/guirespi/st/stm32cubeide_1.15.1/plugins/com.st.stm32cube.ide.mcu.externaltools.gnu-tools-for-stm32.12.3.rel1.linux64_1.0.100.202403111256/tools/bin/../lib/gcc/arm-none-eabi/12.3.1/../../../../arm-none-eabi/lib/thumb/v7e-m+fp/hard/libc_nano.a(libc_a-impure.o)
                0x20000014                _impure_ptr
 .data._impure_data
                0x20000018       0x4c /home/guirespi/st/stm32cubeide_1.15.1/plugins/com.st.stm32cube.ide.mcu.externaltools.gnu-tools-for-stm32.12.3.rel1.linux64_1.0.100.202403111256/tools/bin/../lib/gcc/arm-none-eabi/12.3.1/../../../../arm-none-eabi/lib/thumb/v7e-m+fp/hard/libc_nano.a(libc_a-impure.o)
                0x20000018                _impure_data
 *(.RamFunc)
 *(.RamFunc*)
                0x20000064                        . = ALIGN (0x4)
                0x20000064                        _edata = .
                0x08004810                        _siccmram = LOADADDR (.ccmram)

.igot.plt       0x20000064        0x0 load address 0x08004810
 .igot.plt      0x20000064        0x0 /home/guirespi/st/stm32cubeide_1.15.1/plugins/com.st.stm32cube.ide.mcu.externaltools.gnu-tools-for-stm32.12.3.rel1.linux64_1.0.100.202403111256/tools/bin/../lib/gcc/arm-none-eabi/12.3.1/thumb/v7e-m+fp/hard/crtbegin.o

.ccmram         0x10000000        0x0 load address 0x08004810
                0x10000000                        . = ALIGN (0x4)
                0x10000000                        _sccmram = .
 *(.ccmram)
 *(.ccmram*)
                0x10000000                        . = ALIGN (0x4)
                0x10000000                        _eccmram = .
                0x10000000                        . = ALIGN (0x4)

.bss            0x20000064     0x2270
                0x20000064                        _sbss = .
                0x20000064                        __bss_start__ = _sbss
 *(.bss)
 .bss           0x20000064       0x1c /home/guirespi/st/stm32cubeide_1.15.1/plugins/com.st.stm32cube.ide.mcu.externaltools.gnu-tools-for-stm32.12.3.rel1.linux64_1.0.100.202403111256/tools/bin/../lib/gcc/arm-none-eabi/12.3.1/thumb/v7e-m+fp/hard/crtbegin.o
 *(.bss*)
 .bss.hspi1     0x20000080       0x58 ./Core/Src/main.o
                0x20000080                hspi1
 .bss.huart2    0x200000d8       0x48 ./Core/Src/main.o
                0x200000d8                huart2
 .bss.huart3    0x20000120       0x48 ./Core/Src/main.o
                0x20000120                huart3
 .bss.__sbrk_heap_end
                0x20000168        0x4 ./Core/Src/sysmem.o
 .bss.uart_handle
                0x2000016c        0x4 ./Drivers/API/API_console/arch/arm/console_arch_common.o
 .bss.console_state
                0x20000170        0x4 ./Drivers/API/API_console/arch/arm/console_arch_common.o
 .bss.console_buffer
                0x20000174     0x2000 ./Drivers/API/API_console/arch/arm/console_arch_common.o
 .bss.console_buffer_index
                0x20002174        0x2 ./Drivers/API/API_console/arch/arm/console_arch_common.o
 *fill*         0x20002176        0x2 
 .bss.console_timeout
                0x20002178        0xc ./Drivers/API/API_console/arch/arm/console_arch_common.o
 .bss.log_transmit
                0x20002184        0x4 ./Drivers/API/API_log/src/API_log.o
 .bss.uwTick    0x20002188        0x4 ./Drivers/STM32F4xx_HAL_Driver/Src/stm32f4xx_hal.o
                0x20002188                uwTick
 .bss.__malloc_sbrk_start
                0x2000218c        0x4 /home/guirespi/st/stm32cubeide_1.15.1/plugins/com.st.stm32cube.ide.mcu.externaltools.gnu-tools-for-stm32.12.3.rel1.linux64_1.0.100.202403111256/tools/bin/../lib/gcc/arm-none-eabi/12.3.1/../../../../arm-none-eabi/lib/thumb/v7e-m+fp/hard/libc_nano.a(libc_a-mallocr.o)
                0x2000218c                __malloc_sbrk_start
 .bss.__malloc_free_list
                0x20002190        0x4 /home/guirespi/st/stm32cubeide_1.15.1/plugins/com.st.stm32cube.ide.mcu.externaltools.gnu-tools-for-stm32.12.3.rel1.linux64_1.0.100.202403111256/tools/bin/../lib/gcc/arm-none-eabi/12.3.1/../../../../arm-none-eabi/lib/thumb/v7e-m+fp/hard/libc_nano.a(libc_a-mallocr.o)
                0x20002190                __malloc_free_list
 .bss.__sf      0x20002194      0x138 /home/guirespi/st/stm32cubeide_1.15.1/plugins/com.st.stm32cube.ide.mcu.externaltools.gnu-tools-for-stm32.12.3.rel1.linux64_1.0.100.202403111256/tools/bin/../lib/gcc/arm-none-eabi/12.3.1/../../../../arm-none-eabi/lib/thumb/v7e-m+fp/hard/libc_nano.a(libc_a-findfp.o)
                0x20002194                __sf
 .bss.errno     0x200022cc        0x4 /home/guirespi/st/stm32cubeide_1.15.1/plugins/com.st.stm32cube.ide.mcu.externaltools.gnu-tools-for-stm32.12.3.rel1.linux64_1.0.100.202403111256/tools/bin/../lib/gcc/arm-none-eabi/12.3.1/../../../../arm-none-eabi/lib/thumb/v7e-m+fp/hard/libc_nano.a(libc_a-reent.o)
                0x200022cc                errno
 .bss.__lock___malloc_recursive_mutex
                0x200022d0        0x1 /home/guirespi/st/stm32cubeide_1.15.1/plugins/com.st.stm32cube.ide.mcu.externaltools.gnu-tools-for-stm32.12.3.rel1.linux64_1.0.100.202403111256/tools/bin/../lib/gcc/arm-none-eabi/12.3.1/../../../../arm-none-eabi/lib/thumb/v7e-m+fp/hard/libc_nano.a(libc_a-lock.o)
                0x200022d0                __lock___malloc_recursive_mutex
 *(COMMON)
                0x200022d4                        . = ALIGN (0x4)
 *fill*         0x200022d1        0x3 
                0x200022d4                        _ebss = .
                0x200022d4                        __bss_end__ = _ebss

._user_heap_stack
                0x200022d4      0x604
                0x200022d8                        . = ALIGN (0x8)
 *fill*         0x200022d4        0x4 
                [!provide]                        PROVIDE (end = .)
                0x200022d8                        PROVIDE (_end = .)
                0x200024d8                        . = (. + _Min_Heap_Size)
 *fill*         0x200022d8      0x200 
                0x200028d8                        . = (. + _Min_Stack_Size)
 *fill*         0x200024d8      0x400 
                0x200028d8                        . = ALIGN (0x8)

/DISCARD/
 libc.a(*)
 libm.a(*)
 libgcc.a(*)

.ARM.attributes
                0x00000000       0x30
 *(.ARM.attributes)
 .ARM.attributes
                0x00000000       0x22 /home/guirespi/st/stm32cubeide_1.15.1/plugins/com.st.stm32cube.ide.mcu.externaltools.gnu-tools-for-stm32.12.3.rel1.linux64_1.0.100.202403111256/tools/bin/../lib/gcc/arm-none-eabi/12.3.1/thumb/v7e-m+fp/hard/crti.o
 .ARM.attributes
                0x00000022       0x34 /home/guirespi/st/stm32cubeide_1.15.1/plugins/com.st.stm32cube.ide.mcu.externaltools.gnu-tools-for-stm32.12.3.rel1.linux64_1.0.100.202403111256/tools/bin/../lib/gcc/arm-none-eabi/12.3.1/thumb/v7e-m+fp/hard/crtbegin.o
 .ARM.attributes
                0x00000056       0x34 ./Core/Src/main.o
 .ARM.attributes
                0x0000008a       0x34 ./Core/Src/stm32f4xx_hal_msp.o
 .ARM.attributes
                0x000000be       0x34 ./Core/Src/stm32f4xx_it.o
 .ARM.attributes
                0x000000f2       0x34 ./Core/Src/sysmem.o
 .ARM.attributes
                0x00000126       0x34 ./Core/Src/system_stm32f4xx.o
 .ARM.attributes
                0x0000015a       0x21 ./Core/Startup/startup_stm32f429zitx.o
 .ARM.attributes
                0x0000017b       0x34 ./Drivers/API/API_console/arch/arm/console_arch_common.o
 .ARM.attributes
                0x000001af       0x34 ./Drivers/API/API_console/src/API_console.o
 .ARM.attributes
                0x000001e3       0x34 ./Drivers/API/API_log/arch/arm/log_arch_common.o
 .ARM.attributes
                0x00000217       0x34 ./Drivers/API/API_log/src/API_log.o
 .ARM.attributes
                0x0000024b       0x34 ./Drivers/STM32F4xx_HAL_Driver/Src/stm32f4xx_hal.o
 .ARM.attributes
                0x0000027f       0x34 ./Drivers/STM32F4xx_HAL_Driver/Src/stm32f4xx_hal_cortex.o
 .ARM.attributes
                0x000002b3       0x34 ./Drivers/STM32F4xx_HAL_Driver/Src/stm32f4xx_hal_dma.o
 .ARM.attributes
                0x000002e7       0x34 ./Drivers/STM32F4xx_HAL_Driver/Src/stm32f4xx_hal_gpio.o
 .ARM.attributes
                0x0000031b       0x34 ./Drivers/STM32F4xx_HAL_Driver/Src/stm32f4xx_hal_rcc.o
 .ARM.attributes
                0x0000034f       0x34 ./Drivers/STM32F4xx_HAL_Driver/Src/stm32f4xx_hal_spi.o
 .ARM.attributes
                0x00000383       0x34 ./Drivers/STM32F4xx_HAL_Driver/Src/stm32f4xx_hal_uart.o
 .ARM.attributes
                0x000003b7       0x34 /home/guirespi/st/stm32cubeide_1.15.1/plugins/com.st.stm32cube.ide.mcu.externaltools.gnu-tools-for-stm32.12.3.rel1.linux64_1.0.100.202403111256/tools/bin/../lib/gcc/arm-none-eabi/12.3.1/../../../../arm-none-eabi/lib/thumb/v7e-m+fp/hard/libc_nano.a(libc_a-malloc.o)
 .ARM.attributes
                0x000003eb       0x34 /home/guirespi/st/stm32cubeide_1.15.1/plugins/com.st.stm32cube.ide.mcu.externaltools.gnu-tools-for-stm32.12.3.rel1.linux64_1.0.100.202403111256/tools/bin/../lib/gcc/arm-none-eabi/12.3.1/../../../../arm-none-eabi/lib/thumb/v7e-m+fp/hard/libc_nano.a(libc_a-mallocr.o)
 .ARM.attributes
                0x0000041f       0x34 /home/guirespi/st/stm32cubeide_1.15.1/plugins/com.st.stm32cube.ide.mcu.externaltools.gnu-tools-for-stm32.12.3.rel1.linux64_1.0.100.202403111256/tools/bin/../lib/gcc/arm-none-eabi/12.3.1/../../../../arm-none-eabi/lib/thumb/v7e-m+fp/hard/libc_nano.a(libc_a-mlock.o)
 .ARM.attributes
                0x00000453       0x34 /home/guirespi/st/stm32cubeide_1.15.1/plugins/com.st.stm32cube.ide.mcu.externaltools.gnu-tools-for-stm32.12.3.rel1.linux64_1.0.100.202403111256/tools/bin/../lib/gcc/arm-none-eabi/12.3.1/../../../../arm-none-eabi/lib/thumb/v7e-m+fp/hard/libc_nano.a(libc_a-ctype_.o)
 .ARM.attributes
                0x00000487       0x34 /home/guirespi/st/stm32cubeide_1.15.1/plugins/com.st.stm32cube.ide.mcu.externaltools.gnu-tools-for-stm32.12.3.rel1.linux64_1.0.100.202403111256/tools/bin/../lib/gcc/arm-none-eabi/12.3.1/../../../../arm-none-eabi/lib/thumb/v7e-m+fp/hard/libc_nano.a(libc_a-findfp.o)
 .ARM.attributes
                0x000004bb       0x34 /home/guirespi/st/stm32cubeide_1.15.1/plugins/com.st.stm32cube.ide.mcu.externaltools.gnu-tools-for-stm32.12.3.rel1.linux64_1.0.100.202403111256/tools/bin/../lib/gcc/arm-none-eabi/12.3.1/../../../../arm-none-eabi/lib/thumb/v7e-m+fp/hard/libc_nano.a(libc_a-sprintf.o)
 .ARM.attributes
                0x000004ef       0x34 /home/guirespi/st/stm32cubeide_1.15.1/plugins/com.st.stm32cube.ide.mcu.externaltools.gnu-tools-for-stm32.12.3.rel1.linux64_1.0.100.202403111256/tools/bin/../lib/gcc/arm-none-eabi/12.3.1/../../../../arm-none-eabi/lib/thumb/v7e-m+fp/hard/libc_nano.a(libc_a-vasprintf.o)
 .ARM.attributes
                0x00000523       0x34 /home/guirespi/st/stm32cubeide_1.15.1/plugins/com.st.stm32cube.ide.mcu.externaltools.gnu-tools-for-stm32.12.3.rel1.linux64_1.0.100.202403111256/tools/bin/../lib/gcc/arm-none-eabi/12.3.1/../../../../arm-none-eabi/lib/thumb/v7e-m+fp/hard/libc_nano.a(libc_a-memset.o)
 .ARM.attributes
                0x00000557       0x34 /home/guirespi/st/stm32cubeide_1.15.1/plugins/com.st.stm32cube.ide.mcu.externaltools.gnu-tools-for-stm32.12.3.rel1.linux64_1.0.100.202403111256/tools/bin/../lib/gcc/arm-none-eabi/12.3.1/../../../../arm-none-eabi/lib/thumb/v7e-m+fp/hard/libc_nano.a(libc_a-reent.o)
 .ARM.attributes
                0x0000058b       0x34 /home/guirespi/st/stm32cubeide_1.15.1/plugins/com.st.stm32cube.ide.mcu.externaltools.gnu-tools-for-stm32.12.3.rel1.linux64_1.0.100.202403111256/tools/bin/../lib/gcc/arm-none-eabi/12.3.1/../../../../arm-none-eabi/lib/thumb/v7e-m+fp/hard/libc_nano.a(libc_a-impure.o)
 .ARM.attributes
                0x000005bf       0x34 /home/guirespi/st/stm32cubeide_1.15.1/plugins/com.st.stm32cube.ide.mcu.externaltools.gnu-tools-for-stm32.12.3.rel1.linux64_1.0.100.202403111256/tools/bin/../lib/gcc/arm-none-eabi/12.3.1/../../../../arm-none-eabi/lib/thumb/v7e-m+fp/hard/libc_nano.a(libc_a-sbrkr.o)
 .ARM.attributes
                0x000005f3       0x34 /home/guirespi/st/stm32cubeide_1.15.1/plugins/com.st.stm32cube.ide.mcu.externaltools.gnu-tools-for-stm32.12.3.rel1.linux64_1.0.100.202403111256/tools/bin/../lib/gcc/arm-none-eabi/12.3.1/../../../../arm-none-eabi/lib/thumb/v7e-m+fp/hard/libc_nano.a(libc_a-errno.o)
 .ARM.attributes
                0x00000627       0x34 /home/guirespi/st/stm32cubeide_1.15.1/plugins/com.st.stm32cube.ide.mcu.externaltools.gnu-tools-for-stm32.12.3.rel1.linux64_1.0.100.202403111256/tools/bin/../lib/gcc/arm-none-eabi/12.3.1/../../../../arm-none-eabi/lib/thumb/v7e-m+fp/hard/libc_nano.a(libc_a-init.o)
 .ARM.attributes
                0x0000065b       0x34 /home/guirespi/st/stm32cubeide_1.15.1/plugins/com.st.stm32cube.ide.mcu.externaltools.gnu-tools-for-stm32.12.3.rel1.linux64_1.0.100.202403111256/tools/bin/../lib/gcc/arm-none-eabi/12.3.1/../../../../arm-none-eabi/lib/thumb/v7e-m+fp/hard/libc_nano.a(libc_a-lock.o)
 .ARM.attributes
                0x0000068f       0x34 /home/guirespi/st/stm32cubeide_1.15.1/plugins/com.st.stm32cube.ide.mcu.externaltools.gnu-tools-for-stm32.12.3.rel1.linux64_1.0.100.202403111256/tools/bin/../lib/gcc/arm-none-eabi/12.3.1/../../../../arm-none-eabi/lib/thumb/v7e-m+fp/hard/libc_nano.a(libc_a-memcpy-stub.o)
 .ARM.attributes
                0x000006c3       0x17 /home/guirespi/st/stm32cubeide_1.15.1/plugins/com.st.stm32cube.ide.mcu.externaltools.gnu-tools-for-stm32.12.3.rel1.linux64_1.0.100.202403111256/tools/bin/../lib/gcc/arm-none-eabi/12.3.1/../../../../arm-none-eabi/lib/thumb/v7e-m+fp/hard/libc_nano.a(libc_a-strlen.o)
 .ARM.attributes
                0x000006da       0x34 /home/guirespi/st/stm32cubeide_1.15.1/plugins/com.st.stm32cube.ide.mcu.externaltools.gnu-tools-for-stm32.12.3.rel1.linux64_1.0.100.202403111256/tools/bin/../lib/gcc/arm-none-eabi/12.3.1/../../../../arm-none-eabi/lib/thumb/v7e-m+fp/hard/libc_nano.a(libc_a-freer.o)
 .ARM.attributes
                0x0000070e       0x34 /home/guirespi/st/stm32cubeide_1.15.1/plugins/com.st.stm32cube.ide.mcu.externaltools.gnu-tools-for-stm32.12.3.rel1.linux64_1.0.100.202403111256/tools/bin/../lib/gcc/arm-none-eabi/12.3.1/../../../../arm-none-eabi/lib/thumb/v7e-m+fp/hard/libc_nano.a(libc_a-nano-svfprintf.o)
 .ARM.attributes
                0x00000742       0x34 /home/guirespi/st/stm32cubeide_1.15.1/plugins/com.st.stm32cube.ide.mcu.externaltools.gnu-tools-for-stm32.12.3.rel1.linux64_1.0.100.202403111256/tools/bin/../lib/gcc/arm-none-eabi/12.3.1/../../../../arm-none-eabi/lib/thumb/v7e-m+fp/hard/libc_nano.a(libc_a-nano-vfprintf_i.o)
 .ARM.attributes
                0x00000776       0x34 /home/guirespi/st/stm32cubeide_1.15.1/plugins/com.st.stm32cube.ide.mcu.externaltools.gnu-tools-for-stm32.12.3.rel1.linux64_1.0.100.202403111256/tools/bin/../lib/gcc/arm-none-eabi/12.3.1/../../../../arm-none-eabi/lib/thumb/v7e-m+fp/hard/libc_nano.a(libc_a-memmove.o)
 .ARM.attributes
                0x000007aa       0x1c /home/guirespi/st/stm32cubeide_1.15.1/plugins/com.st.stm32cube.ide.mcu.externaltools.gnu-tools-for-stm32.12.3.rel1.linux64_1.0.100.202403111256/tools/bin/../lib/gcc/arm-none-eabi/12.3.1/../../../../arm-none-eabi/lib/thumb/v7e-m+fp/hard/libc_nano.a(libc_a-memchr.o)
 .ARM.attributes
                0x000007c6       0x34 /home/guirespi/st/stm32cubeide_1.15.1/plugins/com.st.stm32cube.ide.mcu.externaltools.gnu-tools-for-stm32.12.3.rel1.linux64_1.0.100.202403111256/tools/bin/../lib/gcc/arm-none-eabi/12.3.1/../../../../arm-none-eabi/lib/thumb/v7e-m+fp/hard/libc_nano.a(libc_a-reallocr.o)
 .ARM.attributes
                0x000007fa       0x34 /home/guirespi/st/stm32cubeide_1.15.1/plugins/com.st.stm32cube.ide.mcu.externaltools.gnu-tools-for-stm32.12.3.rel1.linux64_1.0.100.202403111256/tools/bin/../lib/gcc/arm-none-eabi/12.3.1/../../../../arm-none-eabi/lib/thumb/v7e-m+fp/hard/libc_nano.a(libc_a-msizer.o)
 .ARM.attributes
                0x0000082e       0x22 /home/guirespi/st/stm32cubeide_1.15.1/plugins/com.st.stm32cube.ide.mcu.externaltools.gnu-tools-for-stm32.12.3.rel1.linux64_1.0.100.202403111256/tools/bin/../lib/gcc/arm-none-eabi/12.3.1/thumb/v7e-m+fp/hard/libgcc.a(_aeabi_uldivmod.o)
 .ARM.attributes
                0x00000850       0x34 /home/guirespi/st/stm32cubeide_1.15.1/plugins/com.st.stm32cube.ide.mcu.externaltools.gnu-tools-for-stm32.12.3.rel1.linux64_1.0.100.202403111256/tools/bin/../lib/gcc/arm-none-eabi/12.3.1/thumb/v7e-m+fp/hard/libgcc.a(_udivmoddi4.o)
 .ARM.attributes
                0x00000884       0x22 /home/guirespi/st/stm32cubeide_1.15.1/plugins/com.st.stm32cube.ide.mcu.externaltools.gnu-tools-for-stm32.12.3.rel1.linux64_1.0.100.202403111256/tools/bin/../lib/gcc/arm-none-eabi/12.3.1/thumb/v7e-m+fp/hard/libgcc.a(_dvmd_tls.o)
 .ARM.attributes
                0x000008a6       0x22 /home/guirespi/st/stm32cubeide_1.15.1/plugins/com.st.stm32cube.ide.mcu.externaltools.gnu-tools-for-stm32.12.3.rel1.linux64_1.0.100.202403111256/tools/bin/../lib/gcc/arm-none-eabi/12.3.1/thumb/v7e-m+fp/hard/crtn.o
OUTPUT(1B_PDM_PCDM_FINAL_JOB.elf elf32-littlearm)
LOAD linker stubs
LOAD /home/guirespi/st/stm32cubeide_1.15.1/plugins/com.st.stm32cube.ide.mcu.externaltools.gnu-tools-for-stm32.12.3.rel1.linux64_1.0.100.202403111256/tools/bin/../lib/gcc/arm-none-eabi/12.3.1/../../../../arm-none-eabi/lib/thumb/v7e-m+fp/hard/libc.a
LOAD /home/guirespi/st/stm32cubeide_1.15.1/plugins/com.st.stm32cube.ide.mcu.externaltools.gnu-tools-for-stm32.12.3.rel1.linux64_1.0.100.202403111256/tools/bin/../lib/gcc/arm-none-eabi/12.3.1/../../../../arm-none-eabi/lib/thumb/v7e-m+fp/hard/libm.a
LOAD /home/guirespi/st/stm32cubeide_1.15.1/plugins/com.st.stm32cube.ide.mcu.externaltools.gnu-tools-for-stm32.12.3.rel1.linux64_1.0.100.202403111256/tools/bin/../lib/gcc/arm-none-eabi/12.3.1/thumb/v7e-m+fp/hard/libgcc.a

.debug_info     0x00000000     0xb422
 .debug_info    0x00000000     0x10bd ./Core/Src/main.o
 .debug_info    0x000010bd      0xf07 ./Core/Src/stm32f4xx_hal_msp.o
 .debug_info    0x00001fc4      0x8e9 ./Core/Src/stm32f4xx_it.o
 .debug_info    0x000028ad      0x168 ./Core/Src/sysmem.o
 .debug_info    0x00002a15      0x52e ./Core/Src/system_stm32f4xx.o
 .debug_info    0x00002f43       0x30 ./Core/Startup/startup_stm32f429zitx.o
 .debug_info    0x00002f73      0x946 ./Drivers/API/API_console/arch/arm/console_arch_common.o
 .debug_info    0x000038b9      0x1ee ./Drivers/API/API_console/src/API_console.o
 .debug_info    0x00003aa7       0xb2 ./Drivers/API/API_log/arch/arm/log_arch_common.o
 .debug_info    0x00003b59      0x3ad ./Drivers/API/API_log/src/API_log.o
 .debug_info    0x00003f06      0x9ba ./Drivers/STM32F4xx_HAL_Driver/Src/stm32f4xx_hal.o
 .debug_info    0x000048c0      0xd8d ./Drivers/STM32F4xx_HAL_Driver/Src/stm32f4xx_hal_cortex.o
 .debug_info    0x0000564d      0x8e7 ./Drivers/STM32F4xx_HAL_Driver/Src/stm32f4xx_hal_dma.o
 .debug_info    0x00005f34      0x6db ./Drivers/STM32F4xx_HAL_Driver/Src/stm32f4xx_hal_gpio.o
 .debug_info    0x0000660f      0x8c9 ./Drivers/STM32F4xx_HAL_Driver/Src/stm32f4xx_hal_rcc.o
 .debug_info    0x00006ed8     0x15fb ./Drivers/STM32F4xx_HAL_Driver/Src/stm32f4xx_hal_spi.o
 .debug_info    0x000084d3     0x2f4f ./Drivers/STM32F4xx_HAL_Driver/Src/stm32f4xx_hal_uart.o

.debug_abbrev   0x00000000     0x1f5d
 .debug_abbrev  0x00000000      0x2ed ./Core/Src/main.o
 .debug_abbrev  0x000002ed      0x1cd ./Core/Src/stm32f4xx_hal_msp.o
 .debug_abbrev  0x000004ba      0x188 ./Core/Src/stm32f4xx_it.o
 .debug_abbrev  0x00000642       0xbc ./Core/Src/sysmem.o
 .debug_abbrev  0x000006fe      0x11a ./Core/Src/system_stm32f4xx.o
 .debug_abbrev  0x00000818       0x24 ./Core/Startup/startup_stm32f429zitx.o
 .debug_abbrev  0x0000083c      0x217 ./Drivers/API/API_console/arch/arm/console_arch_common.o
 .debug_abbrev  0x00000a53       0xf5 ./Drivers/API/API_console/src/API_console.o
 .debug_abbrev  0x00000b48       0x6b ./Drivers/API/API_log/arch/arm/log_arch_common.o
 .debug_abbrev  0x00000bb3      0x1ee ./Drivers/API/API_log/src/API_log.o
 .debug_abbrev  0x00000da1      0x214 ./Drivers/STM32F4xx_HAL_Driver/Src/stm32f4xx_hal.o
 .debug_abbrev  0x00000fb5      0x328 ./Drivers/STM32F4xx_HAL_Driver/Src/stm32f4xx_hal_cortex.o
 .debug_abbrev  0x000012dd      0x264 ./Drivers/STM32F4xx_HAL_Driver/Src/stm32f4xx_hal_dma.o
 .debug_abbrev  0x00001541      0x1d4 ./Drivers/STM32F4xx_HAL_Driver/Src/stm32f4xx_hal_gpio.o
 .debug_abbrev  0x00001715      0x2b6 ./Drivers/STM32F4xx_HAL_Driver/Src/stm32f4xx_hal_rcc.o
 .debug_abbrev  0x000019cb      0x284 ./Drivers/STM32F4xx_HAL_Driver/Src/stm32f4xx_hal_spi.o
 .debug_abbrev  0x00001c4f      0x30e ./Drivers/STM32F4xx_HAL_Driver/Src/stm32f4xx_hal_uart.o

.debug_aranges  0x00000000      0x9c8
 .debug_aranges
                0x00000000       0x58 ./Core/Src/main.o
 .debug_aranges
                0x00000058       0x40 ./Core/Src/stm32f4xx_hal_msp.o
 .debug_aranges
                0x00000098       0x78 ./Core/Src/stm32f4xx_it.o
 .debug_aranges
                0x00000110       0x20 ./Core/Src/sysmem.o
 .debug_aranges
                0x00000130       0x28 ./Core/Src/system_stm32f4xx.o
 .debug_aranges
                0x00000158       0x28 ./Core/Startup/startup_stm32f429zitx.o
 .debug_aranges
                0x00000180       0x50 ./Drivers/API/API_console/arch/arm/console_arch_common.o
 .debug_aranges
                0x000001d0       0x30 ./Drivers/API/API_console/src/API_console.o
 .debug_aranges
                0x00000200       0x20 ./Drivers/API/API_log/arch/arm/log_arch_common.o
 .debug_aranges
                0x00000220       0x40 ./Drivers/API/API_log/src/API_log.o
 .debug_aranges
                0x00000260      0x100 ./Drivers/STM32F4xx_HAL_Driver/Src/stm32f4xx_hal.o
 .debug_aranges
                0x00000360      0x120 ./Drivers/STM32F4xx_HAL_Driver/Src/stm32f4xx_hal_cortex.o
 .debug_aranges
                0x00000480       0x90 ./Drivers/STM32F4xx_HAL_Driver/Src/stm32f4xx_hal_dma.o
 .debug_aranges
                0x00000510       0x58 ./Drivers/STM32F4xx_HAL_Driver/Src/stm32f4xx_hal_gpio.o
 .debug_aranges
                0x00000568       0x88 ./Drivers/STM32F4xx_HAL_Driver/Src/stm32f4xx_hal_rcc.o
 .debug_aranges
                0x000005f0      0x1d0 ./Drivers/STM32F4xx_HAL_Driver/Src/stm32f4xx_hal_spi.o
 .debug_aranges
                0x000007c0      0x208 ./Drivers/STM32F4xx_HAL_Driver/Src/stm32f4xx_hal_uart.o

.debug_rnglists
                0x00000000      0x77b
 .debug_rnglists
                0x00000000       0x40 ./Core/Src/main.o
 .debug_rnglists
                0x00000040       0x2d ./Core/Src/stm32f4xx_hal_msp.o
 .debug_rnglists
                0x0000006d       0x55 ./Core/Src/stm32f4xx_it.o
 .debug_rnglists
                0x000000c2       0x13 ./Core/Src/sysmem.o
 .debug_rnglists
                0x000000d5       0x1a ./Core/Src/system_stm32f4xx.o
 .debug_rnglists
                0x000000ef       0x19 ./Core/Startup/startup_stm32f429zitx.o
 .debug_rnglists
                0x00000108       0x46 ./Drivers/API/API_console/arch/arm/console_arch_common.o
 .debug_rnglists
                0x0000014e       0x1f ./Drivers/API/API_console/src/API_console.o
 .debug_rnglists
                0x0000016d       0x13 ./Drivers/API/API_log/arch/arm/log_arch_common.o
 .debug_rnglists
                0x00000180       0x2c ./Drivers/API/API_log/src/API_log.o
 .debug_rnglists
                0x000001ac       0xbb ./Drivers/STM32F4xx_HAL_Driver/Src/stm32f4xx_hal.o
 .debug_rnglists
                0x00000267       0xd4 ./Drivers/STM32F4xx_HAL_Driver/Src/stm32f4xx_hal_cortex.o
 .debug_rnglists
                0x0000033b       0x70 ./Drivers/STM32F4xx_HAL_Driver/Src/stm32f4xx_hal_dma.o
 .debug_rnglists
                0x000003ab       0x3f ./Drivers/STM32F4xx_HAL_Driver/Src/stm32f4xx_hal_gpio.o
 .debug_rnglists
                0x000003ea       0x66 ./Drivers/STM32F4xx_HAL_Driver/Src/stm32f4xx_hal_rcc.o
 .debug_rnglists
                0x00000450      0x16f ./Drivers/STM32F4xx_HAL_Driver/Src/stm32f4xx_hal_spi.o
 .debug_rnglists
                0x000005bf      0x1bc ./Drivers/STM32F4xx_HAL_Driver/Src/stm32f4xx_hal_uart.o

.debug_macro    0x00000000    0x2390a
 .debug_macro   0x00000000      0x2cf ./Core/Src/main.o
 .debug_macro   0x000002cf      0xab4 ./Core/Src/main.o
 .debug_macro   0x00000d83      0x29b ./Core/Src/main.o
 .debug_macro   0x0000101e       0x2e ./Core/Src/main.o
 .debug_macro   0x0000104c       0x28 ./Core/Src/main.o
 .debug_macro   0x00001074       0x22 ./Core/Src/main.o
 .debug_macro   0x00001096       0x8e ./Core/Src/main.o
 .debug_macro   0x00001124       0x51 ./Core/Src/main.o
 .debug_macro   0x00001175      0x103 ./Core/Src/main.o
 .debug_macro   0x00001278       0x6a ./Core/Src/main.o
 .debug_macro   0x000012e2      0x1df ./Core/Src/main.o
 .debug_macro   0x000014c1       0x1c ./Core/Src/main.o
 .debug_macro   0x000014dd       0x22 ./Core/Src/main.o
 .debug_macro   0x000014ff       0xfb ./Core/Src/main.o
 .debug_macro   0x000015fa     0x1011 ./Core/Src/main.o
 .debug_macro   0x0000260b      0x11f ./Core/Src/main.o
 .debug_macro   0x0000272a    0x17fd8 ./Core/Src/main.o
 .debug_macro   0x0001a702       0x6d ./Core/Src/main.o
 .debug_macro   0x0001a76f     0x3703 ./Core/Src/main.o
 .debug_macro   0x0001de72      0x189 ./Core/Src/main.o
 .debug_macro   0x0001dffb       0x5c ./Core/Src/main.o
 .debug_macro   0x0001e057      0xcba ./Core/Src/main.o
 .debug_macro   0x0001ed11      0x9e9 ./Core/Src/main.o
 .debug_macro   0x0001f6fa      0x115 ./Core/Src/main.o
 .debug_macro   0x0001f80f      0x156 ./Core/Src/main.o
 .debug_macro   0x0001f965       0xa5 ./Core/Src/main.o
 .debug_macro   0x0001fa0a      0x182 ./Core/Src/main.o
 .debug_macro   0x0001fb8c      0x287 ./Core/Src/main.o
 .debug_macro   0x0001fe13       0x5f ./Core/Src/main.o
 .debug_macro   0x0001fe72      0x236 ./Core/Src/main.o
 .debug_macro   0x000200a8      0x132 ./Core/Src/main.o
 .debug_macro   0x000201da      0x41d ./Core/Src/main.o
 .debug_macro   0x000205f7       0x2e ./Core/Src/main.o
 .debug_macro   0x00020625      0x127 ./Core/Src/main.o
 .debug_macro   0x0002074c       0xe2 ./Core/Src/main.o
 .debug_macro   0x0002082e       0x89 ./Core/Src/main.o
 .debug_macro   0x000208b7      0x225 ./Core/Src/main.o
 .debug_macro   0x00020adc      0x2aa ./Core/Src/main.o
 .debug_macro   0x00020d86      0x134 ./Core/Src/main.o
 .debug_macro   0x00020eba      0x130 ./Core/Src/main.o
 .debug_macro   0x00020fea       0x16 ./Core/Src/main.o
 .debug_macro   0x00021000       0x6a ./Core/Src/main.o
 .debug_macro   0x0002106a       0x61 ./Core/Src/main.o
 .debug_macro   0x000210cb       0x2a ./Core/Src/main.o
 .debug_macro   0x000210f5       0x43 ./Core/Src/main.o
 .debug_macro   0x00021138       0x34 ./Core/Src/main.o
 .debug_macro   0x0002116c       0x16 ./Core/Src/main.o
 .debug_macro   0x00021182       0x43 ./Core/Src/main.o
 .debug_macro   0x000211c5       0x34 ./Core/Src/main.o
 .debug_macro   0x000211f9       0x10 ./Core/Src/main.o
 .debug_macro   0x00021209       0x58 ./Core/Src/main.o
 .debug_macro   0x00021261       0x8e ./Core/Src/main.o
 .debug_macro   0x000212ef       0x1c ./Core/Src/main.o
 .debug_macro   0x0002130b      0x177 ./Core/Src/main.o
 .debug_macro   0x00021482      0x369 ./Core/Src/main.o
 .debug_macro   0x000217eb       0x10 ./Core/Src/main.o
 .debug_macro   0x000217fb       0x35 ./Core/Src/main.o
 .debug_macro   0x00021830       0x20 ./Core/Src/main.o
 .debug_macro   0x00021850      0x1d3 ./Core/Src/stm32f4xx_hal_msp.o
 .debug_macro   0x00021a23      0x1dd ./Core/Src/stm32f4xx_it.o
 .debug_macro   0x00021c00       0xff ./Core/Src/sysmem.o
 .debug_macro   0x00021cff      0x23c ./Core/Src/sysmem.o
 .debug_macro   0x00021f3b      0x1c4 ./Core/Src/system_stm32f4xx.o
 .debug_macro   0x000220ff      0x2c6 ./Drivers/API/API_console/arch/arm/console_arch_common.o
 .debug_macro   0x000223c5       0x22 ./Drivers/API/API_console/arch/arm/console_arch_common.o
 .debug_macro   0x000223e7       0x56 ./Drivers/API/API_console/arch/arm/console_arch_common.o
 .debug_macro   0x0002243d       0x84 ./Drivers/API/API_console/src/API_console.o
 .debug_macro   0x000224c1      0x1c4 ./Drivers/API/API_log/arch/arm/log_arch_common.o
 .debug_macro   0x00022685      0x1cf ./Drivers/API/API_log/src/API_log.o
 .debug_macro   0x00022854       0x16 ./Drivers/API/API_log/src/API_log.o
 .debug_macro   0x0002286a       0x9e ./Drivers/API/API_log/src/API_log.o
 .debug_macro   0x00022908      0x10b ./Drivers/API/API_log/src/API_log.o
 .debug_macro   0x00022a13       0x16 ./Drivers/API/API_log/src/API_log.o
 .debug_macro   0x00022a29       0x16 ./Drivers/API/API_log/src/API_log.o
 .debug_macro   0x00022a3f       0x4c ./Drivers/API/API_log/src/API_log.o
 .debug_macro   0x00022a8b      0x11f ./Drivers/API/API_log/src/API_log.o
 .debug_macro   0x00022baa       0x64 ./Drivers/API/API_log/src/API_log.o
 .debug_macro   0x00022c0e      0x224 ./Drivers/STM32F4xx_HAL_Driver/Src/stm32f4xx_hal.o
 .debug_macro   0x00022e32      0x1c4 ./Drivers/STM32F4xx_HAL_Driver/Src/stm32f4xx_hal_cortex.o
 .debug_macro   0x00022ff6      0x1ca ./Drivers/STM32F4xx_HAL_Driver/Src/stm32f4xx_hal_dma.o
 .debug_macro   0x000231c0      0x1ca ./Drivers/STM32F4xx_HAL_Driver/Src/stm32f4xx_hal_gpio.o
 .debug_macro   0x0002338a      0x1e8 ./Drivers/STM32F4xx_HAL_Driver/Src/stm32f4xx_hal_rcc.o
 .debug_macro   0x00023572      0x1d3 ./Drivers/STM32F4xx_HAL_Driver/Src/stm32f4xx_hal_spi.o
 .debug_macro   0x00023745      0x1c5 ./Drivers/STM32F4xx_HAL_Driver/Src/stm32f4xx_hal_uart.o

.debug_line     0x00000000     0xc6b8
 .debug_line    0x00000000      0xb17 ./Core/Src/main.o
 .debug_line    0x00000b17      0x79a ./Core/Src/stm32f4xx_hal_msp.o
 .debug_line    0x000012b1      0x7ac ./Core/Src/stm32f4xx_it.o
 .debug_line    0x00001a5d      0x4ea ./Core/Src/sysmem.o
 .debug_line    0x00001f47      0x726 ./Core/Src/system_stm32f4xx.o
 .debug_line    0x0000266d       0x7a ./Core/Startup/startup_stm32f429zitx.o
 .debug_line    0x000026e7      0xaba ./Drivers/API/API_console/arch/arm/console_arch_common.o
 .debug_line    0x000031a1      0x4cb ./Drivers/API/API_console/src/API_console.o
 .debug_line    0x0000366c      0x6a8 ./Drivers/API/API_log/arch/arm/log_arch_common.o
 .debug_line    0x00003d14      0x759 ./Drivers/API/API_log/src/API_log.o
 .debug_line    0x0000446d      0x9c5 ./Drivers/STM32F4xx_HAL_Driver/Src/stm32f4xx_hal.o
 .debug_line    0x00004e32      0xc57 ./Drivers/STM32F4xx_HAL_Driver/Src/stm32f4xx_hal_cortex.o
 .debug_line    0x00005a89      0xeff ./Drivers/STM32F4xx_HAL_Driver/Src/stm32f4xx_hal_dma.o
 .debug_line    0x00006988      0xb43 ./Drivers/STM32F4xx_HAL_Driver/Src/stm32f4xx_hal_gpio.o
 .debug_line    0x000074cb      0xd02 ./Drivers/STM32F4xx_HAL_Driver/Src/stm32f4xx_hal_rcc.o
 .debug_line    0x000081cd     0x1c8a ./Drivers/STM32F4xx_HAL_Driver/Src/stm32f4xx_hal_spi.o
 .debug_line    0x00009e57     0x2861 ./Drivers/STM32F4xx_HAL_Driver/Src/stm32f4xx_hal_uart.o

.debug_str      0x00000000    0xd519e
 .debug_str     0x00000000    0xd138d ./Core/Src/main.o
                              0xd16b9 (size before relaxing)
 .debug_str     0x000d138d      0x612 ./Core/Src/stm32f4xx_hal_msp.o
                              0xce2bd (size before relaxing)
 .debug_str     0x000d199f      0x124 ./Core/Src/stm32f4xx_it.o
                              0xcdc44 (size before relaxing)
 .debug_str     0x000d1ac3      0x4dc ./Core/Src/sysmem.o
                               0x60da (size before relaxing)
 .debug_str     0x000d1f9f       0xdb ./Core/Src/system_stm32f4xx.o
                              0xcd244 (size before relaxing)
 .debug_str     0x000d207a       0x44 ./Core/Startup/startup_stm32f429zitx.o
                                 0x8d (size before relaxing)
 .debug_str     0x000d20be      0x4ad ./Drivers/API/API_console/arch/arm/console_arch_common.o
                              0xd0bba (size before relaxing)
 .debug_str     0x000d256b       0x2d ./Drivers/API/API_console/src/API_console.o
                               0x3f93 (size before relaxing)
 .debug_str     0x000d2598       0x4c ./Drivers/API/API_log/arch/arm/log_arch_common.o
                              0xcd0a0 (size before relaxing)
 .debug_str     0x000d25e4     0x10d9 ./Drivers/API/API_log/src/API_log.o
                               0x87c8 (size before relaxing)
 .debug_str     0x000d36bd      0x63c ./Drivers/STM32F4xx_HAL_Driver/Src/stm32f4xx_hal.o
                              0xcde67 (size before relaxing)
 .debug_str     0x000d3cf9      0x33a ./Drivers/STM32F4xx_HAL_Driver/Src/stm32f4xx_hal_cortex.o
                              0xcdb63 (size before relaxing)
 .debug_str     0x000d4033      0x31a ./Drivers/STM32F4xx_HAL_Driver/Src/stm32f4xx_hal_dma.o
                              0xcd64b (size before relaxing)
 .debug_str     0x000d434d      0x121 ./Drivers/STM32F4xx_HAL_Driver/Src/stm32f4xx_hal_gpio.o
                              0xcd3bf (size before relaxing)
 .debug_str     0x000d446e      0x233 ./Drivers/STM32F4xx_HAL_Driver/Src/stm32f4xx_hal_rcc.o
                              0xcd678 (size before relaxing)
 .debug_str     0x000d46a1      0x55a ./Drivers/STM32F4xx_HAL_Driver/Src/stm32f4xx_hal_spi.o
                              0xcdaf5 (size before relaxing)
 .debug_str     0x000d4bfb      0x5a3 ./Drivers/STM32F4xx_HAL_Driver/Src/stm32f4xx_hal_uart.o
                              0xcdc46 (size before relaxing)

.comment        0x00000000       0x43
 .comment       0x00000000       0x43 ./Core/Src/main.o
                                 0x44 (size before relaxing)
 .comment       0x00000043       0x44 ./Core/Src/stm32f4xx_hal_msp.o
 .comment       0x00000043       0x44 ./Core/Src/stm32f4xx_it.o
 .comment       0x00000043       0x44 ./Core/Src/sysmem.o
 .comment       0x00000043       0x44 ./Core/Src/system_stm32f4xx.o
 .comment       0x00000043       0x44 ./Drivers/API/API_console/arch/arm/console_arch_common.o
 .comment       0x00000043       0x44 ./Drivers/API/API_console/src/API_console.o
 .comment       0x00000043       0x44 ./Drivers/API/API_log/arch/arm/log_arch_common.o
 .comment       0x00000043       0x44 ./Drivers/API/API_log/src/API_log.o
 .comment       0x00000043       0x44 ./Drivers/STM32F4xx_HAL_Driver/Src/stm32f4xx_hal.o
 .comment       0x00000043       0x44 ./Drivers/STM32F4xx_HAL_Driver/Src/stm32f4xx_hal_cortex.o
 .comment       0x00000043       0x44 ./Drivers/STM32F4xx_HAL_Driver/Src/stm32f4xx_hal_dma.o
 .comment       0x00000043       0x44 ./Drivers/STM32F4xx_HAL_Driver/Src/stm32f4xx_hal_gpio.o
 .comment       0x00000043       0x44 ./Drivers/STM32F4xx_HAL_Driver/Src/stm32f4xx_hal_rcc.o
 .comment       0x00000043       0x44 ./Drivers/STM32F4xx_HAL_Driver/Src/stm32f4xx_hal_spi.o
 .comment       0x00000043       0x44 ./Drivers/STM32F4xx_HAL_Driver/Src/stm32f4xx_hal_uart.o

.debug_frame    0x00000000     0x2c18
 .debug_frame   0x00000000      0x114 ./Core/Src/main.o
 .debug_frame   0x00000114       0xc8 ./Core/Src/stm32f4xx_hal_msp.o
 .debug_frame   0x000001dc      0x158 ./Core/Src/stm32f4xx_it.o
 .debug_frame   0x00000334       0x34 ./Core/Src/sysmem.o
 .debug_frame   0x00000368       0x58 ./Core/Src/system_stm32f4xx.o
 .debug_frame   0x000003c0      0x10c ./Drivers/API/API_console/arch/arm/console_arch_common.o
 .debug_frame   0x000004cc       0x7c ./Drivers/API/API_console/src/API_console.o
 .debug_frame   0x00000548       0x2c ./Drivers/API/API_log/arch/arm/log_arch_common.o
 .debug_frame   0x00000574       0xd8 ./Drivers/API/API_log/src/API_log.o
 .debug_frame   0x0000064c      0x3b4 ./Drivers/STM32F4xx_HAL_Driver/Src/stm32f4xx_hal.o
 .debug_frame   0x00000a00      0x4b8 ./Drivers/STM32F4xx_HAL_Driver/Src/stm32f4xx_hal_cortex.o
 .debug_frame   0x00000eb8      0x250 ./Drivers/STM32F4xx_HAL_Driver/Src/stm32f4xx_hal_dma.o
 .debug_frame   0x00001108      0x14c ./Drivers/STM32F4xx_HAL_Driver/Src/stm32f4xx_hal_gpio.o
 .debug_frame   0x00001254      0x1f4 ./Drivers/STM32F4xx_HAL_Driver/Src/stm32f4xx_hal_rcc.o
 .debug_frame   0x00001448      0x828 ./Drivers/STM32F4xx_HAL_Driver/Src/stm32f4xx_hal_spi.o
 .debug_frame   0x00001c70      0x954 ./Drivers/STM32F4xx_HAL_Driver/Src/stm32f4xx_hal_uart.o
 .debug_frame   0x000025c4       0x30 /home/guirespi/st/stm32cubeide_1.15.1/plugins/com.st.stm32cube.ide.mcu.externaltools.gnu-tools-for-stm32.12.3.rel1.linux64_1.0.100.202403111256/tools/bin/../lib/gcc/arm-none-eabi/12.3.1/../../../../arm-none-eabi/lib/thumb/v7e-m+fp/hard/libc_nano.a(libc_a-malloc.o)
 .debug_frame   0x000025f4       0x50 /home/guirespi/st/stm32cubeide_1.15.1/plugins/com.st.stm32cube.ide.mcu.externaltools.gnu-tools-for-stm32.12.3.rel1.linux64_1.0.100.202403111256/tools/bin/../lib/gcc/arm-none-eabi/12.3.1/../../../../arm-none-eabi/lib/thumb/v7e-m+fp/hard/libc_nano.a(libc_a-mallocr.o)
 .debug_frame   0x00002644       0x30 /home/guirespi/st/stm32cubeide_1.15.1/plugins/com.st.stm32cube.ide.mcu.externaltools.gnu-tools-for-stm32.12.3.rel1.linux64_1.0.100.202403111256/tools/bin/../lib/gcc/arm-none-eabi/12.3.1/../../../../arm-none-eabi/lib/thumb/v7e-m+fp/hard/libc_nano.a(libc_a-mlock.o)
 .debug_frame   0x00002674      0x144 /home/guirespi/st/stm32cubeide_1.15.1/plugins/com.st.stm32cube.ide.mcu.externaltools.gnu-tools-for-stm32.12.3.rel1.linux64_1.0.100.202403111256/tools/bin/../lib/gcc/arm-none-eabi/12.3.1/../../../../arm-none-eabi/lib/thumb/v7e-m+fp/hard/libc_nano.a(libc_a-findfp.o)
 .debug_frame   0x000027b8       0x6c /home/guirespi/st/stm32cubeide_1.15.1/plugins/com.st.stm32cube.ide.mcu.externaltools.gnu-tools-for-stm32.12.3.rel1.linux64_1.0.100.202403111256/tools/bin/../lib/gcc/arm-none-eabi/12.3.1/../../../../arm-none-eabi/lib/thumb/v7e-m+fp/hard/libc_nano.a(libc_a-sprintf.o)
 .debug_frame   0x00002824       0x40 /home/guirespi/st/stm32cubeide_1.15.1/plugins/com.st.stm32cube.ide.mcu.externaltools.gnu-tools-for-stm32.12.3.rel1.linux64_1.0.100.202403111256/tools/bin/../lib/gcc/arm-none-eabi/12.3.1/../../../../arm-none-eabi/lib/thumb/v7e-m+fp/hard/libc_nano.a(libc_a-vasprintf.o)
 .debug_frame   0x00002864       0x20 /home/guirespi/st/stm32cubeide_1.15.1/plugins/com.st.stm32cube.ide.mcu.externaltools.gnu-tools-for-stm32.12.3.rel1.linux64_1.0.100.202403111256/tools/bin/../lib/gcc/arm-none-eabi/12.3.1/../../../../arm-none-eabi/lib/thumb/v7e-m+fp/hard/libc_nano.a(libc_a-memset.o)
 .debug_frame   0x00002884       0x38 /home/guirespi/st/stm32cubeide_1.15.1/plugins/com.st.stm32cube.ide.mcu.externaltools.gnu-tools-for-stm32.12.3.rel1.linux64_1.0.100.202403111256/tools/bin/../lib/gcc/arm-none-eabi/12.3.1/../../../../arm-none-eabi/lib/thumb/v7e-m+fp/hard/libc_nano.a(libc_a-reent.o)
 .debug_frame   0x000028bc       0x2c /home/guirespi/st/stm32cubeide_1.15.1/plugins/com.st.stm32cube.ide.mcu.externaltools.gnu-tools-for-stm32.12.3.rel1.linux64_1.0.100.202403111256/tools/bin/../lib/gcc/arm-none-eabi/12.3.1/../../../../arm-none-eabi/lib/thumb/v7e-m+fp/hard/libc_nano.a(libc_a-sbrkr.o)
 .debug_frame   0x000028e8       0x20 /home/guirespi/st/stm32cubeide_1.15.1/plugins/com.st.stm32cube.ide.mcu.externaltools.gnu-tools-for-stm32.12.3.rel1.linux64_1.0.100.202403111256/tools/bin/../lib/gcc/arm-none-eabi/12.3.1/../../../../arm-none-eabi/lib/thumb/v7e-m+fp/hard/libc_nano.a(libc_a-errno.o)
 .debug_frame   0x00002908       0x2c /home/guirespi/st/stm32cubeide_1.15.1/plugins/com.st.stm32cube.ide.mcu.externaltools.gnu-tools-for-stm32.12.3.rel1.linux64_1.0.100.202403111256/tools/bin/../lib/gcc/arm-none-eabi/12.3.1/../../../../arm-none-eabi/lib/thumb/v7e-m+fp/hard/libc_nano.a(libc_a-init.o)
 .debug_frame   0x00002934       0xb0 /home/guirespi/st/stm32cubeide_1.15.1/plugins/com.st.stm32cube.ide.mcu.externaltools.gnu-tools-for-stm32.12.3.rel1.linux64_1.0.100.202403111256/tools/bin/../lib/gcc/arm-none-eabi/12.3.1/../../../../arm-none-eabi/lib/thumb/v7e-m+fp/hard/libc_nano.a(libc_a-lock.o)
 .debug_frame   0x000029e4       0x28 /home/guirespi/st/stm32cubeide_1.15.1/plugins/com.st.stm32cube.ide.mcu.externaltools.gnu-tools-for-stm32.12.3.rel1.linux64_1.0.100.202403111256/tools/bin/../lib/gcc/arm-none-eabi/12.3.1/../../../../arm-none-eabi/lib/thumb/v7e-m+fp/hard/libc_nano.a(libc_a-memcpy-stub.o)
 .debug_frame   0x00002a0c       0x38 /home/guirespi/st/stm32cubeide_1.15.1/plugins/com.st.stm32cube.ide.mcu.externaltools.gnu-tools-for-stm32.12.3.rel1.linux64_1.0.100.202403111256/tools/bin/../lib/gcc/arm-none-eabi/12.3.1/../../../../arm-none-eabi/lib/thumb/v7e-m+fp/hard/libc_nano.a(libc_a-freer.o)
 .debug_frame   0x00002a44       0x90 /home/guirespi/st/stm32cubeide_1.15.1/plugins/com.st.stm32cube.ide.mcu.externaltools.gnu-tools-for-stm32.12.3.rel1.linux64_1.0.100.202403111256/tools/bin/../lib/gcc/arm-none-eabi/12.3.1/../../../../arm-none-eabi/lib/thumb/v7e-m+fp/hard/libc_nano.a(libc_a-nano-svfprintf.o)
 .debug_frame   0x00002ad4       0x60 /home/guirespi/st/stm32cubeide_1.15.1/plugins/com.st.stm32cube.ide.mcu.externaltools.gnu-tools-for-stm32.12.3.rel1.linux64_1.0.100.202403111256/tools/bin/../lib/gcc/arm-none-eabi/12.3.1/../../../../arm-none-eabi/lib/thumb/v7e-m+fp/hard/libc_nano.a(libc_a-nano-vfprintf_i.o)
 .debug_frame   0x00002b34       0x28 /home/guirespi/st/stm32cubeide_1.15.1/plugins/com.st.stm32cube.ide.mcu.externaltools.gnu-tools-for-stm32.12.3.rel1.linux64_1.0.100.202403111256/tools/bin/../lib/gcc/arm-none-eabi/12.3.1/../../../../arm-none-eabi/lib/thumb/v7e-m+fp/hard/libc_nano.a(libc_a-memmove.o)
 .debug_frame   0x00002b5c       0x3c /home/guirespi/st/stm32cubeide_1.15.1/plugins/com.st.stm32cube.ide.mcu.externaltools.gnu-tools-for-stm32.12.3.rel1.linux64_1.0.100.202403111256/tools/bin/../lib/gcc/arm-none-eabi/12.3.1/../../../../arm-none-eabi/lib/thumb/v7e-m+fp/hard/libc_nano.a(libc_a-reallocr.o)
 .debug_frame   0x00002b98       0x20 /home/guirespi/st/stm32cubeide_1.15.1/plugins/com.st.stm32cube.ide.mcu.externaltools.gnu-tools-for-stm32.12.3.rel1.linux64_1.0.100.202403111256/tools/bin/../lib/gcc/arm-none-eabi/12.3.1/../../../../arm-none-eabi/lib/thumb/v7e-m+fp/hard/libc_nano.a(libc_a-msizer.o)
 .debug_frame   0x00002bb8       0x2c /home/guirespi/st/stm32cubeide_1.15.1/plugins/com.st.stm32cube.ide.mcu.externaltools.gnu-tools-for-stm32.12.3.rel1.linux64_1.0.100.202403111256/tools/bin/../lib/gcc/arm-none-eabi/12.3.1/thumb/v7e-m+fp/hard/libgcc.a(_aeabi_uldivmod.o)
 .debug_frame   0x00002be4       0x34 /home/guirespi/st/stm32cubeide_1.15.1/plugins/com.st.stm32cube.ide.mcu.externaltools.gnu-tools-for-stm32.12.3.rel1.linux64_1.0.100.202403111256/tools/bin/../lib/gcc/arm-none-eabi/12.3.1/thumb/v7e-m+fp/hard/libgcc.a(_udivmoddi4.o)

.debug_line_str
                0x00000000       0x71
 .debug_line_str
                0x00000000       0x71 ./Core/Startup/startup_stm32f429zitx.o
