../Core/Src/main.c:1164:13:log_by_usart3	16	static
../Core/Src/main.c:1174:6:bootloader_boot	48	static,ignoring_inline_asm
../Core/Src/main.c:1197:5:main	8248	static
../Core/Src/main.c:1316:6:SystemClock_Config	88	static
../Core/Src/main.c:1362:13:MX_SPI1_Init	8	static
../Core/Src/main.c:1400:13:MX_USART2_UART_Init	8	static
../Core/Src/main.c:1433:13:MX_USART3_UART_Init	8	static
../Core/Src/main.c:1466:13:MX_GPIO_Init	56	static
../Core/Src/main.c:1570:6:Error_Handler	4	static,ignoring_inline_asm
