../Drivers/BSP/STM32F4xx_Nucleo_144/stm32f4xx_nucleo_144.c:160:10:BSP_GetVersion	4	static
../Drivers/BSP/STM32F4xx_Nucleo_144/stm32f4xx_nucleo_144.c:173:6:BSP_LED_Init	48	static
../Drivers/BSP/STM32F4xx_Nucleo_144/stm32f4xx_nucleo_144.c:199:6:BSP_LED_DeInit	40	static
../Drivers/BSP/STM32F4xx_Nucleo_144/stm32f4xx_nucleo_144.c:216:6:BSP_LED_On	16	static
../Drivers/BSP/STM32F4xx_Nucleo_144/stm32f4xx_nucleo_144.c:229:6:BSP_LED_Off	16	static
../Drivers/BSP/STM32F4xx_Nucleo_144/stm32f4xx_nucleo_144.c:242:6:BSP_LED_Toggle	16	static
../Drivers/BSP/STM32F4xx_Nucleo_144/stm32f4xx_nucleo_144.c:257:6:BSP_PB_Init	40	static
../Drivers/BSP/STM32F4xx_Nucleo_144/stm32f4xx_nucleo_144.c:294:6:BSP_PB_DeInit	40	static
../Drivers/BSP/STM32F4xx_Nucleo_144/stm32f4xx_nucleo_144.c:309:10:BSP_PB_GetState	16	static
../Drivers/BSP/STM32F4xx_Nucleo_144/stm32f4xx_nucleo_144.c:325:13:SPIx_MspInit	48	static
../Drivers/BSP/STM32F4xx_Nucleo_144/stm32f4xx_nucleo_144.c:360:13:SPIx_Init	8	static
../Drivers/BSP/STM32F4xx_Nucleo_144/stm32f4xx_nucleo_144.c:398:13:SPIx_WriteReadData	40	static
../Drivers/BSP/STM32F4xx_Nucleo_144/stm32f4xx_nucleo_144.c:416:13:SPIx_Write	32	static
../Drivers/BSP/STM32F4xx_Nucleo_144/stm32f4xx_nucleo_144.c:434:13:SPIx_Error	8	static
../Drivers/BSP/STM32F4xx_Nucleo_144/stm32f4xx_nucleo_144.c:452:6:SD_IO_Init	40	static
../Drivers/BSP/STM32F4xx_Nucleo_144/stm32f4xx_nucleo_144.c:498:6:SD_IO_CSState	16	static
../Drivers/BSP/STM32F4xx_Nucleo_144/stm32f4xx_nucleo_144.c:516:6:SD_IO_WriteReadData	24	static
../Drivers/BSP/STM32F4xx_Nucleo_144/stm32f4xx_nucleo_144.c:526:9:SD_IO_WriteByte	24	static
../Drivers/BSP/STM32F4xx_Nucleo_144/stm32f4xx_nucleo_144.c:538:6:LCD_IO_Init	40	static
../Drivers/BSP/STM32F4xx_Nucleo_144/stm32f4xx_nucleo_144.c:568:6:LCD_IO_WriteReg	16	static
../Drivers/BSP/STM32F4xx_Nucleo_144/stm32f4xx_nucleo_144.c:588:6:LCD_IO_WriteData	16	static
../Drivers/BSP/STM32F4xx_Nucleo_144/stm32f4xx_nucleo_144.c:608:6:LCD_IO_WriteMultipleData	24	static
../Drivers/BSP/STM32F4xx_Nucleo_144/stm32f4xx_nucleo_144.c:663:6:LCD_Delay	16	static
